Archive member included because of file (symbol)

/opt/gcc-arm-none-eabi-4_7-2013q3/bin/../lib/gcc/arm-none-eabi/4.7.4/armv6-m/libgcc.a(_udivsi3.o)
                              /tmp/ccn1N42P.ltrans0.ltrans.o (__aeabi_uidiv)
/opt/gcc-arm-none-eabi-4_7-2013q3/bin/../lib/gcc/arm-none-eabi/4.7.4/armv6-m/libgcc.a(_dvmd_tls.o)
                              /opt/gcc-arm-none-eabi-4_7-2013q3/bin/../lib/gcc/arm-none-eabi/4.7.4/armv6-m/libgcc.a(_udivsi3.o) (__aeabi_idiv0)

Discarded input sections

 .data          0x00000000        0x0 build/obj/crt0_v6m.o
 .bss           0x00000000        0x0 build/obj/crt0_v6m.o
 .data          0x00000000        0x0 build/obj/chcoreasm_v6m.o
 .bss           0x00000000        0x0 build/obj/chcoreasm_v6m.o
 .text          0x00000000        0x0 build/obj/crt1.o (symbol from plugin)
 .text          0x00000000        0x0 /tmp/ccn1N42P.ltrans0.ltrans.o
 .data          0x00000000        0x0 /tmp/ccn1N42P.ltrans0.ltrans.o
 .bss           0x00000000        0x0 /tmp/ccn1N42P.ltrans0.ltrans.o
 .text          0x00000000        0x0 /tmp/ccn1N42P.ltrans1.ltrans.o
 .data          0x00000000        0x0 /tmp/ccn1N42P.ltrans1.ltrans.o
 .bss           0x00000000        0x0 /tmp/ccn1N42P.ltrans1.ltrans.o
 .text          0x00000000        0x0 /tmp/ccn1N42P.ltrans2.ltrans.o
 .data          0x00000000        0x0 /tmp/ccn1N42P.ltrans2.ltrans.o
 .bss           0x00000000        0x0 /tmp/ccn1N42P.ltrans2.ltrans.o
 .text          0x00000000        0x0 /tmp/ccn1N42P.ltrans3.ltrans.o
 .data          0x00000000        0x0 /tmp/ccn1N42P.ltrans3.ltrans.o
 .bss           0x00000000        0x0 /tmp/ccn1N42P.ltrans3.ltrans.o
 .text          0x00000000        0x0 /tmp/ccn1N42P.ltrans4.ltrans.o
 .data          0x00000000        0x0 /tmp/ccn1N42P.ltrans4.ltrans.o
 .bss           0x00000000        0x0 /tmp/ccn1N42P.ltrans4.ltrans.o
 .text          0x00000000        0x0 /tmp/ccn1N42P.ltrans5.ltrans.o
 .data          0x00000000        0x0 /tmp/ccn1N42P.ltrans5.ltrans.o
 .bss           0x00000000        0x0 /tmp/ccn1N42P.ltrans5.ltrans.o
 .rodata.wa     0x00000000       0x14 /tmp/ccn1N42P.ltrans5.ltrans.o
 .text          0x00000000        0x0 /tmp/ccn1N42P.ltrans6.ltrans.o
 .data          0x00000000        0x0 /tmp/ccn1N42P.ltrans6.ltrans.o
 .bss           0x00000000        0x0 /tmp/ccn1N42P.ltrans6.ltrans.o
 .text          0x00000000        0x0 /tmp/ccn1N42P.ltrans7.ltrans.o
 .data          0x00000000        0x0 /tmp/ccn1N42P.ltrans7.ltrans.o
 .bss           0x00000000        0x0 /tmp/ccn1N42P.ltrans7.ltrans.o
 .data          0x00000000        0x0 /opt/gcc-arm-none-eabi-4_7-2013q3/bin/../lib/gcc/arm-none-eabi/4.7.4/armv6-m/libgcc.a(_udivsi3.o)
 .bss           0x00000000        0x0 /opt/gcc-arm-none-eabi-4_7-2013q3/bin/../lib/gcc/arm-none-eabi/4.7.4/armv6-m/libgcc.a(_udivsi3.o)
 .data          0x00000000        0x0 /opt/gcc-arm-none-eabi-4_7-2013q3/bin/../lib/gcc/arm-none-eabi/4.7.4/armv6-m/libgcc.a(_dvmd_tls.o)
 .bss           0x00000000        0x0 /opt/gcc-arm-none-eabi-4_7-2013q3/bin/../lib/gcc/arm-none-eabi/4.7.4/armv6-m/libgcc.a(_dvmd_tls.o)
 .text          0x00000000        0x0 build/obj/vectors.o (symbol from plugin)
 .text          0x00000000        0x0 build/obj/chsys.o (symbol from plugin)
 .text          0x00000000        0x0 build/obj/chdebug.o (symbol from plugin)
 .text          0x00000000        0x0 build/obj/chtrace.o (symbol from plugin)
 .text          0x00000000        0x0 build/obj/chvt.o (symbol from plugin)
 .text          0x00000000        0x0 build/obj/chschd.o (symbol from plugin)
 .text          0x00000000        0x0 build/obj/chthreads.o (symbol from plugin)
 .text          0x00000000        0x0 build/obj/chregistry.o (symbol from plugin)
 .text          0x00000000        0x0 build/obj/chsem.o (symbol from plugin)
 .text          0x00000000        0x0 build/obj/chmtx.o (symbol from plugin)
 .text          0x00000000        0x0 build/obj/chcond.o (symbol from plugin)
 .text          0x00000000        0x0 build/obj/chevents.o (symbol from plugin)
 .text          0x00000000        0x0 build/obj/chmsg.o (symbol from plugin)
 .text          0x00000000        0x0 build/obj/chdynamic.o (symbol from plugin)
 .text          0x00000000        0x0 build/obj/chmboxes.o (symbol from plugin)
 .text          0x00000000        0x0 build/obj/chmemcore.o (symbol from plugin)
 .text          0x00000000        0x0 build/obj/chheap.o (symbol from plugin)
 .text          0x00000000        0x0 build/obj/chmempools.o (symbol from plugin)
 .text          0x00000000        0x0 build/obj/chcore.o (symbol from plugin)
 .text          0x00000000        0x0 build/obj/chcore_v6m.o (symbol from plugin)
 .text          0x00000000        0x0 build/obj/osal.o (symbol from plugin)
 .text          0x00000000        0x0 build/obj/hal.o (symbol from plugin)
 .text          0x00000000        0x0 build/obj/hal_st.o (symbol from plugin)
 .text          0x00000000        0x0 build/obj/hal_buffers.o (symbol from plugin)
[...]
Memory Configuration

Name             Origin             Length             Attributes
flash0           0x08000000         0x00020000
flash1           0x00000000         0x00000000
flash2           0x00000000         0x00000000
flash3           0x00000000         0x00000000
flash4           0x00000000         0x00000000
flash5           0x00000000         0x00000000
flash6           0x00000000         0x00000000
flash7           0x00000000         0x00000000
ram0             0x20000000         0x00004000
ram1             0x00000000         0x00000000
ram2             0x00000000         0x00000000
ram3             0x00000000         0x00000000
ram4             0x00000000         0x00000000
ram5             0x00000000         0x00000000
ram6             0x00000000         0x00000000
ram7             0x00000000         0x00000000
*default*        0x00000000         0xffffffff

Linker script and memory map

LOAD build/obj/crt0_v6m.o
LOAD build/obj/chcoreasm_v6m.o
LOAD build/obj/crt1.o
LOAD /tmp/ccn1N42P.ltrans0.ltrans.o
LOAD /tmp/ccn1N42P.ltrans1.ltrans.o
LOAD /tmp/ccn1N42P.ltrans2.ltrans.o
LOAD /tmp/ccn1N42P.ltrans3.ltrans.o
LOAD /tmp/ccn1N42P.ltrans4.ltrans.o
LOAD /tmp/ccn1N42P.ltrans5.ltrans.o
LOAD /tmp/ccn1N42P.ltrans6.ltrans.o
LOAD /tmp/ccn1N42P.ltrans7.ltrans.o
LOAD /opt/gcc-arm-none-eabi-4_7-2013q3/bin/../lib/gcc/arm-none-eabi/4.7.4/armv6-m/libgcc.a
LOAD /opt/gcc-arm-none-eabi-4_7-2013q3/bin/../lib/gcc/arm-none-eabi/4.7.4/../../../../arm-none-eabi/lib/armv6-m/libg.a
LOAD /opt/gcc-arm-none-eabi-4_7-2013q3/bin/../lib/gcc/arm-none-eabi/4.7.4/../../../../arm-none-eabi/lib/armv6-m/libc.a
LOAD build/obj/vectors.o
LOAD build/obj/chsys.o
LOAD build/obj/chdebug.o
LOAD build/obj/chtrace.o
LOAD build/obj/chvt.o
LOAD build/obj/chschd.o
LOAD build/obj/chthreads.o
LOAD build/obj/chregistry.o
LOAD build/obj/chsem.o
LOAD build/obj/chmtx.o
LOAD build/obj/chcond.o
LOAD build/obj/chevents.o
LOAD build/obj/chmsg.o
LOAD build/obj/chdynamic.o
LOAD build/obj/chmboxes.o
LOAD build/obj/chmemcore.o
LOAD build/obj/chheap.o
LOAD build/obj/chmempools.o
LOAD build/obj/chcore.o
LOAD build/obj/chcore_v6m.o
LOAD build/obj/osal.o
LOAD build/obj/hal.o
LOAD build/obj/hal_st.o
LOAD build/obj/hal_buffers.o
LOAD build/obj/hal_queues.o
LOAD build/obj/hal_mmcsd.o
LOAD build/obj/hal_pal.o
LOAD build/obj/hal_serial.o
LOAD build/obj/nvic.o
LOAD build/obj/hal_lld.o
LOAD build/obj/stm32_dma.o
LOAD build/obj/hal_st_lld.o
LOAD build/obj/hal_pal_lld.o
LOAD build/obj/hal_serial_lld.o
LOAD build/obj/board.o
LOAD build/obj/ch_test.o
LOAD build/obj/test_root.o
LOAD build/obj/test_sequence_001.o
LOAD build/obj/test_sequence_002.o
LOAD build/obj/test_sequence_003.o
LOAD build/obj/test_sequence_004.o
LOAD build/obj/test_sequence_005.o
LOAD build/obj/test_sequence_006.o
LOAD build/obj/test_sequence_007.o
LOAD build/obj/test_sequence_008.o
LOAD build/obj/test_sequence_009.o
LOAD build/obj/test_sequence_010.o
LOAD build/obj/test_sequence_011.o
LOAD build/obj/test_sequence_012.o
LOAD build/obj/main.o

.mstack         0x20000000      0x200
                0x20000000                . = ALIGN (0x8)
                0x20000000                __main_stack_base__ = .
                0x20000200                . = (. + __main_stack_size__)
 *fill*         0x20000000      0x200 00
                0x20000200                . = ALIGN (0x8)
                0x20000200                __main_stack_end__ = .

.pstack         0x20000200      0x200
                0x20000200                __process_stack_base__ = .
                0x20000200                __main_thread_stack_base__ = .
                0x20000400                . = (. + __process_stack_size__)
 *fill*         0x20000200      0x200 00
                0x20000400                . = ALIGN (0x8)
                0x20000400                __process_stack_end__ = .
                0x20000400                __main_thread_stack_end__ = .

vectors         0x08000000      0x100
 *(.vectors)
 .vectors       0x08000000      0x100 /tmp/ccn1N42P.ltrans4.ltrans.o
                0x08000000                _vectors

xtors           0x08000100        0x0
                0x08000100                __init_array_start = .
 *(SORT(.init_array.*))
 *(.init_array)
                0x08000100                __init_array_end = .
                0x08000100                __fini_array_start = .
 *(.fini_array)
 *(SORT(.fini_array.*))
                0x08000100                __fini_array_end = .

.text           0x08000100     0x5f70
 *(.text)
 .text          0x08000100       0xd0 build/obj/crt0_v6m.o
                0x08000100                Reset_Handler
 .text          0x080001d0       0x40 build/obj/chcoreasm_v6m.o
                0x080001d0                _port_switch
                0x080001f0                _port_thread_start
                0x080001fc                _port_switch_from_isr
                0x08000200                _port_exit_from_isr
 .text          0x08000210       0x9c /opt/gcc-arm-none-eabi-4_7-2013q3/bin/../lib/gcc/arm-none-eabi/4.7.4/armv6-m/libgcc.a(_udivsi3.o)
                0x08000210                __udivsi3
                0x08000210                __aeabi_uidiv
                0x08000298                __aeabi_uidivmod
 *fill*         0x080002ac        0x4 00
 .text          0x080002b0        0x4 /opt/gcc-arm-none-eabi-4_7-2013q3/bin/../lib/gcc/arm-none-eabi/4.7.4/armv6-m/libgcc.a(_dvmd_tls.o)
                0x080002b0                __aeabi_ldiv0
                0x080002b0                __aeabi_idiv0
 *(.text.*)
 *fill*         0x080002b4        0xc 00
 .text.test_011_001_setup.9488
                0x080002c0       0x30 /tmp/ccn1N42P.ltrans0.ltrans.o
                0x080002c0                test_011_001_setup.9488
 .text.tmo.9632
                0x080002f0       0x10 /tmp/ccn1N42P.ltrans0.ltrans.o
                0x080002f0                tmo.9632
 .text.test_009_001_setup.9231
                0x08000300       0x20 /tmp/ccn1N42P.ltrans0.ltrans.o
                0x08000300                test_009_001_setup.9231
 .text.null_provider.9221
                0x08000320       0x10 /tmp/ccn1N42P.ltrans0.ltrans.o
                0x08000320                null_provider.9221
 .text.test_003_001_setup.8176
                0x08000330       0x10 /tmp/ccn1N42P.ltrans0.ltrans.o
                0x08000330                test_003_001_setup.8176
 .text.test_001_004_execute.7860
                0x08000340       0x20 /tmp/ccn1N42P.ltrans0.ltrans.o
                0x08000340                test_001_004_execute.7860
 .text.test_001_003_execute.7858
                0x08000360       0x20 /tmp/ccn1N42P.ltrans0.ltrans.o
                0x08000360                test_001_003_execute.7858
 .text.notify1.7544
                0x08000380       0x10 /tmp/ccn1N42P.ltrans0.ltrans.o
                0x08000380                notify1.7544
 .text.NMI_Handler
                0x08000390       0x10 /tmp/ccn1N42P.ltrans0.ltrans.o
                0x08000390                NMI_Handler
 .text.chCoreAllocAligned
                0x080003a0       0x40 /tmp/ccn1N42P.ltrans0.ltrans.o
                0x080003a0                chCoreAllocAligned
 .text.wakeup.4507
                0x080003e0       0x60 /tmp/ccn1N42P.ltrans0.ltrans.o
                0x080003e0                wakeup.4507
 .text.chSysIntegrityCheckI.4485
                0x08000440       0x90 /tmp/ccn1N42P.ltrans0.ltrans.o
 .text._idle_thread.4272
                0x080004d0       0x10 /tmp/ccn1N42P.ltrans0.ltrans.o
                0x080004d0                _idle_thread.4272
 .text.chThdYield.4440
                0x080004e0       0x50 /tmp/ccn1N42P.ltrans0.ltrans.o
 .text.bmk_thread8.9635
                0x08000530       0x30 /tmp/ccn1N42P.ltrans0.ltrans.o
                0x08000530                bmk_thread8.9635
 .text._pal_lld_setgroupmode.constprop.8
                0x08000560       0xd0 /tmp/ccn1N42P.ltrans0.ltrans.o
                0x08000560                _pal_lld_setgroupmode.constprop.8
 .text._test_assert_time_window.constprop.5
                0x08000630       0x40 /tmp/ccn1N42P.ltrans0.ltrans.o
                0x08000630                _test_assert_time_window.constprop.5
 .text.test_terminate_threads
                0x08000670       0x70 /tmp/ccn1N42P.ltrans0.ltrans.o
                0x08000670                test_terminate_threads
 .text.test_emit_token
                0x080006e0       0x20 /tmp/ccn1N42P.ltrans0.ltrans.o
                0x080006e0                test_emit_token
 .text.dyn_thread1.9479
                0x08000700       0x10 /tmp/ccn1N42P.ltrans0.ltrans.o
                0x08000700                dyn_thread1.9479
 .text.h1.8915  0x08000710       0x10 /tmp/ccn1N42P.ltrans0.ltrans.o
                0x08000710                h1.8915
 .text.h2.8912  0x08000720       0x10 /tmp/ccn1N42P.ltrans0.ltrans.o
                0x08000720                h2.8912
 .text.h3.8909  0x08000730       0x10 /tmp/ccn1N42P.ltrans0.ltrans.o
                0x08000730                h3.8909
 .text.thread.7942
                0x08000740       0x10 /tmp/ccn1N42P.ltrans0.ltrans.o
                0x08000740                thread.7942
 .text.test_println
                0x08000750       0x40 /tmp/ccn1N42P.ltrans0.ltrans.o
                0x08000750                test_println
 .text.test_print
                0x08000790       0x30 /tmp/ccn1N42P.ltrans0.ltrans.o
                0x08000790                test_print
 .text.test_printn
                0x080007c0       0xa0 /tmp/ccn1N42P.ltrans0.ltrans.o
                0x080007c0                test_printn
 .text.test_012_012_execute.9650
                0x08000860      0x100 /tmp/ccn1N42P.ltrans0.ltrans.o
                0x08000860                test_012_012_execute.9650
 .text._test_assert_sequence
                0x08000960       0xa0 /tmp/ccn1N42P.ltrans0.ltrans.o
                0x08000960                _test_assert_sequence
 .text._test_assert
                0x08000a00       0x30 /tmp/ccn1N42P.ltrans0.ltrans.o
                0x08000a00                _test_assert
 .text.test_001_001_execute.7889
                0x08000a30       0x90 /tmp/ccn1N42P.ltrans0.ltrans.o
                0x08000a30                test_001_001_execute.7889
 .text.print_line.7640
                0x08000ac0       0x40 /tmp/ccn1N42P.ltrans0.ltrans.o
                0x08000ac0                print_line.7640
 .text._port_irq_epilogue
                0x08000b00       0x40 /tmp/ccn1N42P.ltrans0.ltrans.o
                0x08000b00                _port_irq_epilogue
 .text.chPoolAlloc
                0x08000b40       0x30 /tmp/ccn1N42P.ltrans0.ltrans.o
                0x08000b40                chPoolAlloc
 .text.chEvtAddEvents
                0x08000b70       0x20 /tmp/ccn1N42P.ltrans0.ltrans.o
                0x08000b70                chEvtAddEvents
 .text.chEvtUnregister
                0x08000b90       0x20 /tmp/ccn1N42P.ltrans0.ltrans.o
                0x08000b90                chEvtUnregister
 .text.chThdCreateSuspendedI
                0x08000bb0       0x70 /tmp/ccn1N42P.ltrans0.ltrans.o
                0x08000bb0                chThdCreateSuspendedI
 .text.chSchRescheduleS
                0x08000c20       0x50 /tmp/ccn1N42P.ltrans0.ltrans.o
                0x08000c20                chSchRescheduleS
 .text.chThdSetPriority
                0x08000c70       0x30 /tmp/ccn1N42P.ltrans0.ltrans.o
                0x08000c70                chThdSetPriority
 .text.test_002_003_execute.7947
                0x08000ca0       0xa0 /tmp/ccn1N42P.ltrans0.ltrans.o
                0x08000ca0                test_002_003_execute.7947
 .text.chSysRestoreStatusX.part.2.4284
                0x08000d40       0x20 /tmp/ccn1N42P.ltrans0.ltrans.o
                0x08000d40                chSysRestoreStatusX.part.2.4284
 .text.chSchWakeupS
                0x08000d60       0x60 /tmp/ccn1N42P.ltrans0.ltrans.o
                0x08000d60                chSchWakeupS
 .text.chSemSignal
                0x08000dc0       0x30 /tmp/ccn1N42P.ltrans0.ltrans.o
                0x08000dc0                chSemSignal
 .text.chSchGoSleepS
                0x08000df0       0x30 /tmp/ccn1N42P.ltrans0.ltrans.o
                0x08000df0                chSchGoSleepS
 .text.bmk_thread4.9644
                0x08000e20       0x20 /tmp/ccn1N42P.ltrans0.ltrans.o
                0x08000e20                bmk_thread4.9644
 .text.chMsgWait
                0x08000e40       0x40 /tmp/ccn1N42P.ltrans0.ltrans.o
                0x08000e40                chMsgWait
 .text.chSemWait
                0x08000e80       0x40 /tmp/ccn1N42P.ltrans0.ltrans.o
                0x08000e80                chSemWait
 .text.bmk_thread7.9638
                0x08000ec0       0x30 /tmp/ccn1N42P.ltrans0.ltrans.o
                0x08000ec0                bmk_thread7.9638
 .text.thread1.8336
                0x08000ef0       0x20 /tmp/ccn1N42P.ltrans0.ltrans.o
                0x08000ef0                thread1.8336
 .text.thread3.8339
                0x08000f10       0x20 /tmp/ccn1N42P.ltrans0.ltrans.o
                0x08000f10                thread3.8339
 .text.chSchReadyI
                0x08000f30       0x30 /tmp/ccn1N42P.ltrans0.ltrans.o
                0x08000f30                chSchReadyI
 .text.chMsgSend
                0x08000f60       0x40 /tmp/ccn1N42P.ltrans0.ltrans.o
                0x08000f60                chMsgSend
 .text.msg_thread1.8667
                0x08000fa0       0x30 /tmp/ccn1N42P.ltrans0.ltrans.o
                0x08000fa0                msg_thread1.8667
 .text.chEvtSignalI
                0x08000fd0       0x40 /tmp/ccn1N42P.ltrans0.ltrans.o
                0x08000fd0                chEvtSignalI
 .text.chEvtBroadcastFlagsI
                0x08001010       0x30 /tmp/ccn1N42P.ltrans0.ltrans.o
                0x08001010                chEvtBroadcastFlagsI
 .text.chMtxUnlockS
                0x08001040       0x50 /tmp/ccn1N42P.ltrans0.ltrans.o
                0x08001040                chMtxUnlockS
 .text.chMtxUnlock
                0x08001090       0x60 /tmp/ccn1N42P.ltrans0.ltrans.o
                0x08001090                chMtxUnlock
 .text.chMtxLockS
                0x080010f0       0xd0 /tmp/ccn1N42P.ltrans0.ltrans.o
                0x080010f0                chMtxLockS
 .text.chMtxLock
                0x080011c0       0x10 /tmp/ccn1N42P.ltrans0.ltrans.o
                0x080011c0                chMtxLock
 .text.thread1.8553
                0x080011d0       0x20 /tmp/ccn1N42P.ltrans0.ltrans.o
                0x080011d0                thread1.8553
 .text.thread9.8544
                0x080011f0       0x20 /tmp/ccn1N42P.ltrans0.ltrans.o
                0x080011f0                thread9.8544
 .text.chHeapStatus
                0x08001210       0x70 /tmp/ccn1N42P.ltrans0.ltrans.o
                0x08001210                chHeapStatus
 .text.chHeapFree
                0x08001280       0x80 /tmp/ccn1N42P.ltrans0.ltrans.o
                0x08001280                chHeapFree
 .text.chThdRelease
                0x08001300       0x60 /tmp/ccn1N42P.ltrans0.ltrans.o
                0x08001300                chThdRelease
 .text.chThdWait
                0x08001360       0x30 /tmp/ccn1N42P.ltrans0.ltrans.o
                0x08001360                chThdWait
 .text.test_wait_threads
                0x08001390       0x50 /tmp/ccn1N42P.ltrans0.ltrans.o
                0x08001390                test_wait_threads
 .text.test_005_004_teardown.8562
                0x080013e0       0x10 /tmp/ccn1N42P.ltrans0.ltrans.o
                0x080013e0                test_005_004_teardown.8562
 .text.test_004_005_teardown.8381
                0x080013f0       0x10 /tmp/ccn1N42P.ltrans0.ltrans.o
                0x080013f0                test_004_005_teardown.8381
 .text.test_004_006_teardown.8379
                0x08001400       0x10 /tmp/ccn1N42P.ltrans0.ltrans.o
                0x08001400                test_004_006_teardown.8379
 .text.chSemSignalI
                0x08001410       0x30 /tmp/ccn1N42P.ltrans0.ltrans.o
                0x08001410                chSemSignalI
 .text.chSemResetI.4436
                0x08001440       0x70 /tmp/ccn1N42P.ltrans0.ltrans.o
 .text.chMBResetI
                0x080014b0       0x30 /tmp/ccn1N42P.ltrans0.ltrans.o
                0x080014b0                chMBResetI
 .text.chMBReset.constprop.26
                0x080014e0       0x20 /tmp/ccn1N42P.ltrans0.ltrans.o
                0x080014e0                chMBReset.constprop.26
 .text.chSemReset
                0x08001500       0x10 /tmp/ccn1N42P.ltrans0.ltrans.o
                0x08001500                chSemReset
 .text.test_004_001_execute.8391
                0x08001510       0x90 /tmp/ccn1N42P.ltrans0.ltrans.o
                0x08001510                test_004_001_execute.8391
 .text.test_004_001_teardown.8366
                0x080015a0       0x10 /tmp/ccn1N42P.ltrans0.ltrans.o
                0x080015a0                test_004_001_teardown.8366
 .text.chSysGetStatusAndLockX
                0x080015b0       0x10 /tmp/ccn1N42P.ltrans0.ltrans.o
                0x080015b0                chSysGetStatusAndLockX
 .text.vtcb.7855
                0x080015c0       0x20 /tmp/ccn1N42P.ltrans0.ltrans.o
                0x080015c0                vtcb.7855
 .text._unhandled_exception.4494
                0x080015e0       0x10 /tmp/ccn1N42P.ltrans0.ltrans.o
                0x080015e0                Vector58
                0x080015e0                Vector9C
                0x080015e0                DebugMon_Handler
                0x080015e0                Vector5C
                0x080015e0                HardFault_Handler
                0x080015e0                Vector8C
                0x080015e0                SysTick_Handler
                0x080015e0                PendSV_Handler
                0x080015e0                Vector94
                0x080015e0                VectorA8
                0x080015e0                VectorB4
                0x080015e0                Vector74
                0x080015e0                UsageFault_Handler
                0x080015e0                Vector40
                0x080015e0                VectorBC
                0x080015e0                Vector64
                0x080015e0                Vector54
                0x080015e0                Vector98
                0x080015e0                Vector24
                0x080015e0                Vector84
                0x080015e0                MemManage_Handler
                0x080015e0                Vector6C
                0x080015e0                VectorA0
                0x080015e0                SVC_Handler
                0x080015e0                VectorB0
                0x080015e0                Vector90
                0x080015e0                Vector60
                0x080015e0                Vector1C
                0x080015e0                Vector48
                0x080015e0                Vector70
                0x080015e0                Vector4C
                0x080015e0                Vector80
                0x080015e0                Vector68
                0x080015e0                Vector78
                0x080015e0                Vector88
                0x080015e0                BusFault_Handler
                0x080015e0                Vector50
                0x080015e0                Vector44
                0x080015e0                Vector28
                0x080015e0                VectorB8
                0x080015e0                Vector34
                0x080015e0                VectorA4
                0x080015e0                Vector20
 .text.test_007_002_execute.8907
                0x080015f0       0x50 /tmp/ccn1N42P.ltrans1.ltrans.o
                0x080015f0                test_007_002_execute.8907
 .text.chCondSignalI.constprop.46.4218
                0x08001640       0x20 /tmp/ccn1N42P.ltrans1.ltrans.o
 .text.chCondSignal.constprop.47.4214
                0x08001660       0x20 /tmp/ccn1N42P.ltrans1.ltrans.o
 .text.thread1.8173
                0x08001680       0x30 /tmp/ccn1N42P.ltrans1.ltrans.o
                0x08001680                thread1.8173
 .text.chSemSignalWait.constprop.50.4210
                0x080016b0       0x60 /tmp/ccn1N42P.ltrans1.ltrans.o
 .text.thread6.8547.4138
                0x08001710       0x60 /tmp/ccn1N42P.ltrans1.ltrans.o
 .text.test_008_001_teardown.9096
                0x08001770       0x10 /tmp/ccn1N42P.ltrans1.ltrans.o
                0x08001770                test_008_001_teardown.9096
 .text.test_008_002_teardown.9094
                0x08001780       0x10 /tmp/ccn1N42P.ltrans1.ltrans.o
                0x08001780                test_008_002_teardown.9094
 .text.test_008_003_teardown.9092
                0x08001790       0x10 /tmp/ccn1N42P.ltrans1.ltrans.o
                0x08001790                test_008_003_teardown.9092
 .text.chThdCreateStatic.constprop.56
                0x080017a0       0x90 /tmp/ccn1N42P.ltrans1.ltrans.o
                0x080017a0                chThdCreateStatic.constprop.56
 .text.test_005_001_execute.8582
                0x08001830      0x100 /tmp/ccn1N42P.ltrans1.ltrans.o
                0x08001830                test_005_001_execute.8582
 .text.test_005_007_execute.8580
                0x08001930       0xe0 /tmp/ccn1N42P.ltrans1.ltrans.o
                0x08001930                test_005_007_execute.8580
 .text.test_005_008_execute.8578
                0x08001a10       0xf0 /tmp/ccn1N42P.ltrans1.ltrans.o
                0x08001a10                test_005_008_execute.8578
 .text.test_005_009_execute.8564
                0x08001b00       0xa0 /tmp/ccn1N42P.ltrans1.ltrans.o
                0x08001b00                test_005_009_execute.8564
 .text.test_004_004_execute.8395
                0x08001ba0       0xb0 /tmp/ccn1N42P.ltrans1.ltrans.o
                0x08001ba0                test_004_004_execute.8395
 .text.test_004_005_execute.8387
                0x08001c50       0xa0 /tmp/ccn1N42P.ltrans1.ltrans.o
                0x08001c50                test_004_005_execute.8387
 .text.test_004_002_execute.8383
                0x08001cf0       0xf0 /tmp/ccn1N42P.ltrans1.ltrans.o
                0x08001cf0                test_004_002_execute.8383
 .text.test_002_002_execute.7949
                0x08001de0      0x1c0 /tmp/ccn1N42P.ltrans1.ltrans.o
                0x08001de0                test_002_002_execute.7949
 .text.chEvtGetAndClearEvents.constprop.40
                0x08001fa0       0x20 /tmp/ccn1N42P.ltrans1.ltrans.o
                0x08001fa0                chEvtGetAndClearEvents.constprop.40
 .text.test_007_002_setup.8893
                0x08001fc0       0x10 /tmp/ccn1N42P.ltrans1.ltrans.o
                0x08001fc0                test_007_002_setup.8893
 .text.test_007_003_setup.8891
                0x08001fd0       0x10 /tmp/ccn1N42P.ltrans1.ltrans.o
                0x08001fd0                test_007_003_setup.8891
 .text.test_007_004_setup.8889
                0x08001fe0       0x10 /tmp/ccn1N42P.ltrans1.ltrans.o
                0x08001fe0                test_007_004_setup.8889
 .text.test_007_005_setup.8887
                0x08001ff0       0x10 /tmp/ccn1N42P.ltrans1.ltrans.o
                0x08001ff0                test_007_005_setup.8887
 .text.test_007_006_setup.8885
                0x08002000       0x10 /tmp/ccn1N42P.ltrans1.ltrans.o
                0x08002000                test_007_006_setup.8885
 .text.test_007_007_setup.8883
                0x08002010       0x20 /tmp/ccn1N42P.ltrans1.ltrans.o
                0x08002010                test_007_007_setup.8883
 .text.chEvtWaitOne.constprop.36
                0x08002030       0x30 /tmp/ccn1N42P.ltrans1.ltrans.o
                0x08002030                chEvtWaitOne.constprop.36
 .text.chEvtWaitAny.constprop.35
                0x08002060       0x30 /tmp/ccn1N42P.ltrans1.ltrans.o
                0x08002060                chEvtWaitAny.constprop.35
 .text.chEvtWaitAll.constprop.34
                0x08002090       0x30 /tmp/ccn1N42P.ltrans1.ltrans.o
                0x08002090                chEvtWaitAll.constprop.34
 .text.chHeapAllocAligned.constprop.30
                0x080020c0      0x120 /tmp/ccn1N42P.ltrans1.ltrans.o
                0x080020c0                chHeapAllocAligned.constprop.30
 .text.chHeapAlloc.9355
                0x080021e0       0x10 /tmp/ccn1N42P.ltrans1.ltrans.o
                0x080021e0                chHeapAlloc.9355
 .text.chThdCreateFromHeap.constprop.29.4277
                0x080021f0       0x60 /tmp/ccn1N42P.ltrans1.ltrans.o
 .text.test_011_001_execute.9486
                0x08002250      0x160 /tmp/ccn1N42P.ltrans1.ltrans.o
                0x08002250                test_011_001_execute.9486
 .text.chThdCreateFromMemoryPool.constprop.28
                0x080023b0       0x60 /tmp/ccn1N42P.ltrans1.ltrans.o
                0x080023b0                chThdCreateFromMemoryPool.constprop.28
 .text.test_004_003_execute.8399
                0x08002410      0x2a0 /tmp/ccn1N42P.ltrans2.ltrans.o
                0x08002410                test_004_003_execute.8399
 .text.test_001_002_execute.7885
                0x080026b0       0xb0 /tmp/ccn1N42P.ltrans2.ltrans.o
                0x080026b0                test_001_002_execute.7885
 .text.test_007_001_execute.8902
                0x08002760       0xc0 /tmp/ccn1N42P.ltrans2.ltrans.o
                0x08002760                test_007_001_execute.8902
 .text.test_007_007_execute.8900
                0x08002820      0x110 /tmp/ccn1N42P.ltrans2.ltrans.o
                0x08002820                test_007_007_execute.8900
 .text.test_009_002_execute.9235
                0x08002930      0x1b0 /tmp/ccn1N42P.ltrans2.ltrans.o
                0x08002930                test_009_002_execute.9235
 .text.test_007_005_execute.8924
                0x08002ae0       0xd0 /tmp/ccn1N42P.ltrans2.ltrans.o
                0x08002ae0                test_007_005_execute.8924
 .text.test_007_004_execute.8928
                0x08002bb0       0xc0 /tmp/ccn1N42P.ltrans2.ltrans.o
                0x08002bb0                test_007_004_execute.8928
 .text.test_007_003_execute.8932
                0x08002c70       0xf0 /tmp/ccn1N42P.ltrans2.ltrans.o
                0x08002c70                test_007_003_execute.8932
 .text.test_012_009_execute.9662
                0x08002d60       0xb0 /tmp/ccn1N42P.ltrans2.ltrans.o
                0x08002d60                test_012_009_execute.9662
 .text.test_012_011_execute.9652
                0x08002e10       0x90 /tmp/ccn1N42P.ltrans2.ltrans.o
                0x08002e10                test_012_011_execute.9652
 .text.test_012_010_execute.9656
                0x08002ea0       0x90 /tmp/ccn1N42P.ltrans2.ltrans.o
                0x08002ea0                test_012_010_execute.9656
 .text.test_012_008_execute.9664
                0x08002f30       0xe0 /tmp/ccn1N42P.ltrans2.ltrans.o
                0x08002f30                test_012_008_execute.9664
 .text.test_012_007_execute.9666
                0x08003010      0x120 /tmp/ccn1N42P.ltrans2.ltrans.o
                0x08003010                test_012_007_execute.9666
 .text.test_012_006_execute.9668
                0x08003130       0x90 /tmp/ccn1N42P.ltrans2.ltrans.o
                0x08003130                test_012_006_execute.9668
 .text.test_012_005_execute.9670
                0x080031c0       0x90 /tmp/ccn1N42P.ltrans2.ltrans.o
                0x080031c0                test_012_005_execute.9670
 .text.chMtxTryLock.constprop.49
                0x08003250       0x30 /tmp/ccn1N42P.ltrans2.ltrans.o
                0x08003250                chMtxTryLock.constprop.49
 .text.test_005_009_setup.8566
                0x08003280       0x30 /tmp/ccn1N42P.ltrans3.ltrans.o
                0x08003280                test_005_009_setup.8566
 .text.test_005_008_setup.8568
                0x080032b0       0x20 /tmp/ccn1N42P.ltrans3.ltrans.o
                0x080032b0                test_005_008_setup.8568
 .text.test_005_007_setup.8570
                0x080032d0       0x20 /tmp/ccn1N42P.ltrans3.ltrans.o
                0x080032d0                test_005_007_setup.8570
 .text.test_009_003_setup.9227
                0x080032f0       0x20 /tmp/ccn1N42P.ltrans3.ltrans.o
                0x080032f0                test_009_003_setup.9227
 .text.test_012_011_setup.9654
                0x08003310       0x10 /tmp/ccn1N42P.ltrans3.ltrans.o
                0x08003310                test_012_011_setup.9654
 .text.test_005_005_setup.8572
                0x08003320       0x10 /tmp/ccn1N42P.ltrans3.ltrans.o
                0x08003320                test_005_005_setup.8572
 .text.test_005_004_setup.8574
                0x08003330       0x20 /tmp/ccn1N42P.ltrans3.ltrans.o
                0x08003330                test_005_004_setup.8574
 .text.test_005_001_setup.8576
                0x08003350       0x10 /tmp/ccn1N42P.ltrans3.ltrans.o
                0x08003350                test_005_001_setup.8576
 .text.test_008_002_setup.9102
                0x08003360       0x30 /tmp/ccn1N42P.ltrans3.ltrans.o
                0x08003360                test_008_002_setup.9102
 .text.test_009_002_setup.9229
                0x08003390       0x20 /tmp/ccn1N42P.ltrans3.ltrans.o
                0x08003390                test_009_002_setup.9229
 .text.test_004_005_setup.8352
                0x080033b0       0x10 /tmp/ccn1N42P.ltrans3.ltrans.o
                0x080033b0                test_004_005_setup.8352
 .text.test_004_004_setup.8354
                0x080033c0       0x10 /tmp/ccn1N42P.ltrans3.ltrans.o
                0x080033c0                test_004_004_setup.8354
 .text.test_004_003_setup.8356
                0x080033d0       0x10 /tmp/ccn1N42P.ltrans3.ltrans.o
                0x080033d0                test_004_003_setup.8356
 .text.test_004_002_setup.8358
                0x080033e0       0x10 /tmp/ccn1N42P.ltrans3.ltrans.o
                0x080033e0                test_004_002_setup.8358
 .text.test_004_001_setup.8360
                0x080033f0       0x10 /tmp/ccn1N42P.ltrans3.ltrans.o
                0x080033f0                test_004_001_setup.8360
 .text.test_012_010_setup.9658
                0x08003400       0x10 /tmp/ccn1N42P.ltrans3.ltrans.o
                0x08003400                test_012_010_setup.9658
 .text.test_012_007_setup.9660
                0x08003410       0x10 /tmp/ccn1N42P.ltrans3.ltrans.o
                0x08003410                test_012_007_setup.9660
 .text.test_011_002_setup.9484
                0x08003420       0x20 /tmp/ccn1N42P.ltrans3.ltrans.o
                0x08003420                test_011_002_setup.9484
 .text.Vector7C
                0x08003440       0xa0 /tmp/ccn1N42P.ltrans3.ltrans.o
                0x08003440                Vector7C
 .text.test_002_004_execute.7945
                0x080034e0       0xe0 /tmp/ccn1N42P.ltrans3.ltrans.o
                0x080034e0                test_002_004_execute.7945
 .text.test_006_001_execute.8670
                0x080035c0       0xb0 /tmp/ccn1N42P.ltrans3.ltrans.o
                0x080035c0                test_006_001_execute.8670
 .text.chVTDoResetI
                0x08003670       0x70 /tmp/ccn1N42P.ltrans3.ltrans.o
                0x08003670                chVTDoResetI
 .text.chVTDoSetI
                0x080036e0       0x80 /tmp/ccn1N42P.ltrans3.ltrans.o
                0x080036e0                chVTDoSetI
 .text.thread8.8550
                0x08003760       0x90 /tmp/ccn1N42P.ltrans3.ltrans.o
                0x08003760                thread8.8550
 .text.chSchGoSleepTimeoutS
                0x080037f0       0x40 /tmp/ccn1N42P.ltrans3.ltrans.o
                0x080037f0                chSchGoSleepTimeoutS
 .text.chThdEnqueueTimeoutS.4266
                0x08003830       0x30 /tmp/ccn1N42P.ltrans3.ltrans.o
 .text.iqGetTimeout.4190
                0x08003860       0x50 /tmp/ccn1N42P.ltrans3.ltrans.o
 .text.gett.7082
                0x080038b0       0x10 /tmp/ccn1N42P.ltrans3.ltrans.o
                0x080038b0                gett.7082
 .text.get.7086
                0x080038c0       0x10 /tmp/ccn1N42P.ltrans3.ltrans.o
                0x080038c0                get.7086
 .text.iqReadTimeout.4223
                0x080038d0       0xb0 /tmp/ccn1N42P.ltrans3.ltrans.o
 .text.readt.7059
                0x08003980       0x10 /tmp/ccn1N42P.ltrans3.ltrans.o
                0x08003980                readt.7059
 .text.read.7066
                0x08003990       0x10 /tmp/ccn1N42P.ltrans3.ltrans.o
                0x08003990                read.7066
 .text.oqPutTimeout.4238
                0x080039a0       0x50 /tmp/ccn1N42P.ltrans3.ltrans.o
 .text.putt.7089
                0x080039f0       0x10 /tmp/ccn1N42P.ltrans3.ltrans.o
                0x080039f0                putt.7089
 .text.put.7094
                0x08003a00       0x10 /tmp/ccn1N42P.ltrans3.ltrans.o
                0x08003a00                put.7094
 .text.oqWriteTimeout.4260
                0x08003a10       0xb0 /tmp/ccn1N42P.ltrans3.ltrans.o
 .text.writet.7071
                0x08003ac0       0x10 /tmp/ccn1N42P.ltrans3.ltrans.o
                0x08003ac0                writet.7071
 .text.write.7077
                0x08003ad0       0x10 /tmp/ccn1N42P.ltrans3.ltrans.o
                0x08003ad0                write.7077
 .text.chSemWaitTimeoutS
                0x08003ae0       0x40 /tmp/ccn1N42P.ltrans3.ltrans.o
                0x08003ae0                chSemWaitTimeoutS
 .text.chMBPostS
                0x08003b20       0x40 /tmp/ccn1N42P.ltrans3.ltrans.o
                0x08003b20                chMBPostS
 .text.chMBPostAhead.constprop.23
                0x08003b60       0x50 /tmp/ccn1N42P.ltrans3.ltrans.o
                0x08003b60                chMBPostAhead.constprop.23
 .text.chMBFetch.constprop.21
                0x08003bb0       0x50 /tmp/ccn1N42P.ltrans3.ltrans.o
                0x08003bb0                chMBFetch.constprop.21
 .text.chGuardedPoolAllocTimeout.constprop.16
                0x08003c00       0x40 /tmp/ccn1N42P.ltrans3.ltrans.o
                0x08003c00                chGuardedPoolAllocTimeout.constprop.16
 .text.test_009_003_execute.9225
                0x08003c40       0x30 /tmp/ccn1N42P.ltrans3.ltrans.o
                0x08003c40                test_009_003_execute.9225
 .text.test_008_001_execute.9108
                0x08003c70      0x280 /tmp/ccn1N42P.ltrans4.ltrans.o
                0x08003c70                test_008_001_execute.9108
 .text.test_010_001_execute.9361
                0x08003ef0      0x310 /tmp/ccn1N42P.ltrans4.ltrans.o
                0x08003ef0                test_010_001_execute.9361
 .text.test_010_002_execute.9359
                0x08004200       0x70 /tmp/ccn1N42P.ltrans4.ltrans.o
                0x08004200                test_010_002_execute.9359
 .text.thread4.8333
                0x08004270       0x20 /tmp/ccn1N42P.ltrans4.ltrans.o
                0x08004270                thread4.8333
 .text.VectorAC.4215
                0x08004290      0x170 /tmp/ccn1N42P.ltrans4.ltrans.o
 .text.evt_thread7.8877
                0x08004400       0x40 /tmp/ccn1N42P.ltrans4.ltrans.o
                0x08004400                evt_thread7.8877
 .text.test_005_005_execute.8584
                0x08004440      0x180 /tmp/ccn1N42P.ltrans4.ltrans.o
                0x08004440                test_005_005_execute.8584
 .text.test_003_001_execute.8180
                0x080045c0       0xf0 /tmp/ccn1N42P.ltrans4.ltrans.o
                0x080045c0                test_003_001_execute.8180
 .text.test_008_002_execute.9106
                0x080046b0      0x330 /tmp/ccn1N42P.ltrans5.ltrans.o
                0x080046b0                test_008_002_execute.9106
 .text.test_008_003_execute.9098
                0x080049e0      0x1a0 /tmp/ccn1N42P.ltrans5.ltrans.o
                0x080049e0                test_008_003_execute.9098
 .text.test_004_006_execute.8377
                0x08004b80      0x160 /tmp/ccn1N42P.ltrans5.ltrans.o
                0x08004b80                test_004_006_execute.8377
 .text.test_007_006_execute.8920
                0x08004ce0      0x140 /tmp/ccn1N42P.ltrans5.ltrans.o
                0x08004ce0                test_007_006_execute.8920
 .text.__early_init
                0x08004e20       0xb0 /tmp/ccn1N42P.ltrans5.ltrans.o
                0x08004e20                __early_init
 .text.chThdExit
                0x08004ed0       0x50 /tmp/ccn1N42P.ltrans5.ltrans.o
                0x08004ed0                chThdExit
 .text.bmk_thread3.9641
                0x08004f20       0x10 /tmp/ccn1N42P.ltrans5.ltrans.o
                0x08004f20                bmk_thread3.9641
 .text.chSchDoReschedule
                0x08004f30       0x40 /tmp/ccn1N42P.ltrans5.ltrans.o
                0x08004f30                chSchDoReschedule
 .text.__init_ram_areas
                0x08004f70       0xa0 /tmp/ccn1N42P.ltrans5.ltrans.o
                0x08004f70                __init_ram_areas
 .text.__default_exit
                0x08005010       0x10 /tmp/ccn1N42P.ltrans5.ltrans.o
                0x08005010                __default_exit
 .text.__late_init
                0x08005020       0x10 /tmp/ccn1N42P.ltrans5.ltrans.o
                0x08005020                __late_init
 .text.__core_init
                0x08005030       0x10 /tmp/ccn1N42P.ltrans5.ltrans.o
                0x08005030                __core_init
 .text.test_010_001_setup.9363
                0x08005040       0x30 /tmp/ccn1N42P.ltrans6.ltrans.o
                0x08005040                test_010_001_setup.9363
 .text.test_008_001_setup.9104
                0x08005070       0x30 /tmp/ccn1N42P.ltrans6.ltrans.o
                0x08005070                test_008_001_setup.9104
 .text.test_008_003_setup.9100
                0x080050a0       0x30 /tmp/ccn1N42P.ltrans6.ltrans.o
                0x080050a0                test_008_003_setup.9100
 .text.bmk_thread1.9647.4114
                0x080050d0       0x20 /tmp/ccn1N42P.ltrans6.ltrans.o
 .text.test_009_001_execute.9239
                0x080050f0      0x1a0 /tmp/ccn1N42P.ltrans6.ltrans.o
                0x080050f0                test_009_001_execute.9239
 .text.test_011_002_execute.9482
                0x08005290      0x1b0 /tmp/ccn1N42P.ltrans6.ltrans.o
                0x08005290                test_011_002_execute.9482
 .text.chThdSleep
                0x08005440       0x10 /tmp/ccn1N42P.ltrans6.ltrans.o
                0x08005440                chThdSleep
 .text.test_wait_tick
                0x08005450       0x20 /tmp/ccn1N42P.ltrans6.ltrans.o
                0x08005450                test_wait_tick
 .text.test_012_004_execute.9672
                0x08005470       0xd0 /tmp/ccn1N42P.ltrans6.ltrans.o
                0x08005470                test_012_004_execute.9672
 .text.msg_loop_test.9674.4124
                0x08005540       0x40 /tmp/ccn1N42P.ltrans6.ltrans.o
 .text.test_012_001_execute.9681
                0x08005580       0x70 /tmp/ccn1N42P.ltrans6.ltrans.o
                0x08005580                test_012_001_execute.9681
 .text.test_012_002_execute.9679
                0x080055f0       0x70 /tmp/ccn1N42P.ltrans6.ltrans.o
                0x080055f0                test_012_002_execute.9679
 .text.test_012_003_execute.9677
                0x08005660       0xe0 /tmp/ccn1N42P.ltrans6.ltrans.o
                0x08005660                test_012_003_execute.9677
 .text.test_002_001_execute.7953
                0x08005740       0xc0 /tmp/ccn1N42P.ltrans6.ltrans.o
                0x08005740                test_002_001_execute.7953
 .text.thread2.8342
                0x08005800       0x20 /tmp/ccn1N42P.ltrans6.ltrans.o
                0x08005800                thread2.8342
 .text.test_005_004_execute.8586
                0x08005820      0x150 /tmp/ccn1N42P.ltrans6.ltrans.o
                0x08005820                test_005_004_execute.8586
 .text.thread4A.8559.4149
                0x08005970       0x20 /tmp/ccn1N42P.ltrans6.ltrans.o
 .text.thread4B.8556.4152
                0x08005990       0x30 /tmp/ccn1N42P.ltrans6.ltrans.o
 .text.evt_thread3.8880
                0x080059c0       0x20 /tmp/ccn1N42P.ltrans6.ltrans.o
                0x080059c0                evt_thread3.8880
 .text.Thread2.9950
                0x080059e0       0x40 /tmp/ccn1N42P.ltrans6.ltrans.o
                0x080059e0                Thread2.9950
 .text.Thread1.9953
                0x08005a20       0x30 /tmp/ccn1N42P.ltrans6.ltrans.o
                0x08005a20                Thread1.9953
 .text.startup.main
                0x08005a50      0x620 /tmp/ccn1N42P.ltrans7.ltrans.o
                0x08005a50                main
 *(.glue_7t)
 .glue_7t       0x00000000        0x0 linker stubs
 *(.glue_7)
 .glue_7        0x00000000        0x0 linker stubs
 *(.gcc*)

.vfp11_veneer   0x08006070        0x0
 .vfp11_veneer  0x00000000        0x0 linker stubs

.v4_bx          0x08006070        0x0
 .v4_bx         0x00000000        0x0 linker stubs

.iplt           0x08006070        0x0
 .iplt          0x00000000        0x0 build/obj/crt0_v6m.o

.rodata         0x08006070     0x135c
                0x08006070                . = ALIGN (0x4)
                0x08006070                __rodata_base__ = .
 *(.rodata)
 *(.rodata.*)
 .rodata.wakeup.4507
                0x08006070       0x20 /tmp/ccn1N42P.ltrans0.ltrans.o
 .rodata.str1.4
                0x08006090      0x18b /tmp/ccn1N42P.ltrans0.ltrans.o
                                0x18c (size before relaxing)
 *fill*         0x0800621b        0x1 00
 .rodata.str1.4
                0x0800621c      0x136 /tmp/ccn1N42P.ltrans1.ltrans.o
                                0x13c (size before relaxing)
 *fill*         0x08006352        0x2 00
 .rodata.evhndl.8961.4382
                0x08006354        0xc /tmp/ccn1N42P.ltrans1.ltrans.o
 .rodata.str1.4
                0x08006360      0x12b /tmp/ccn1N42P.ltrans2.ltrans.o
                                0x170 (size before relaxing)
 *fill*         0x0800648b        0x1 00
 .rodata.str1.4
                0x0800648c       0x4d /tmp/ccn1N42P.ltrans3.ltrans.o
                                 0xb4 (size before relaxing)
 *fill*         0x080064d9        0x3 00
 .rodata.str1.4
                0x080064dc      0x159 /tmp/ccn1N42P.ltrans4.ltrans.o
                                0x1d0 (size before relaxing)
 *fill*         0x08006635        0x3 00
 .rodata.str1.4
                0x08006638       0x4f /tmp/ccn1N42P.ltrans5.ltrans.o
                                0x128 (size before relaxing)
 *fill*         0x08006687        0x1 00
 .rodata.ram_areas.4018.4307
                0x08006688       0x80 /tmp/ccn1N42P.ltrans5.ltrans.o
 .rodata.str1.4
                0x08006708       0x71 /tmp/ccn1N42P.ltrans6.ltrans.o
                                0x140 (size before relaxing)
 *fill*         0x08006779        0x3 00
 .rodata.test_012_003.9751.4777
                0x0800677c       0x10 /tmp/ccn1N42P.ltrans7.ltrans.o
 .rodata.test_012_011.9759.4785
                0x0800678c       0x10 /tmp/ccn1N42P.ltrans7.ltrans.o
 .rodata.test_006_001.8792.4723
                0x0800679c       0x10 /tmp/ccn1N42P.ltrans7.ltrans.o
 .rodata.test_sequence_011
                0x080067ac        0xc /tmp/ccn1N42P.ltrans7.ltrans.o
 .rodata.test_sequence_012
                0x080067b8       0x34 /tmp/ccn1N42P.ltrans7.ltrans.o
 .rodata.idle_descriptor.5689.4310.4788
                0x080067ec       0x18 /tmp/ccn1N42P.ltrans7.ltrans.o
 .rodata.test_001_002.7909.4682
                0x08006804       0x10 /tmp/ccn1N42P.ltrans7.ltrans.o
 .rodata.test_012_005.9753.4779
                0x08006814       0x10 /tmp/ccn1N42P.ltrans7.ltrans.o
 .rodata.test_001_003.7910.4683
                0x08006824       0x10 /tmp/ccn1N42P.ltrans7.ltrans.o
 .rodata.test_007_004.9007.4736
                0x08006834       0x10 /tmp/ccn1N42P.ltrans7.ltrans.o
 .rodata.ch_debug
                0x08006844       0x18 /tmp/ccn1N42P.ltrans7.ltrans.o
 .rodata.test_007_003.9006.4735
                0x0800685c       0x10 /tmp/ccn1N42P.ltrans7.ltrans.o
 .rodata.test_008_002.9134.4746
                0x0800686c       0x10 /tmp/ccn1N42P.ltrans7.ltrans.o
 .rodata.test_007_006.9009.4738
                0x0800687c       0x10 /tmp/ccn1N42P.ltrans7.ltrans.o
 .rodata.test_004_004.8467.4708
                0x0800688c       0x10 /tmp/ccn1N42P.ltrans7.ltrans.o
 .rodata.test_012_010.9758.4784
                0x0800689c       0x10 /tmp/ccn1N42P.ltrans7.ltrans.o
 .rodata.vmt.7192.4851
                0x080068ac       0x20 /tmp/ccn1N42P.ltrans7.ltrans.o
 .rodata.test_012_006.9754.4780
                0x080068cc       0x10 /tmp/ccn1N42P.ltrans7.ltrans.o
 .rodata.test_012_002.9750.4776
                0x080068dc       0x10 /tmp/ccn1N42P.ltrans7.ltrans.o
 .rodata.test_003_001.8237.4695
                0x080068ec       0x10 /tmp/ccn1N42P.ltrans7.ltrans.o
 .rodata.test_005_005.8659.4718
                0x080068fc       0x10 /tmp/ccn1N42P.ltrans7.ltrans.o
 .rodata.test_005_004.8658.4717
                0x0800690c       0x10 /tmp/ccn1N42P.ltrans7.ltrans.o
 .rodata.test_005_008.8661.4720
                0x0800691c       0x10 /tmp/ccn1N42P.ltrans7.ltrans.o
 .rodata.test_004_001.8464.4701
                0x0800692c       0x10 /tmp/ccn1N42P.ltrans7.ltrans.o
 .rodata.test_008_001.9133.4741
                0x0800693c       0x10 /tmp/ccn1N42P.ltrans7.ltrans.o
 .rodata.test_012_012.9760.4786
                0x0800694c       0x10 /tmp/ccn1N42P.ltrans7.ltrans.o
 .rodata.test_001_004.7911.4684
                0x0800695c       0x10 /tmp/ccn1N42P.ltrans7.ltrans.o
 .rodata.test_009_003.9265.4755
                0x0800696c       0x10 /tmp/ccn1N42P.ltrans7.ltrans.o
 .rodata.test_005_009.8662.4721
                0x0800697c       0x10 /tmp/ccn1N42P.ltrans7.ltrans.o
 .rodata.test_002_004.8079.4693
                0x0800698c       0x10 /tmp/ccn1N42P.ltrans7.ltrans.o
 .rodata.test_004_006.8469.4710
                0x0800699c       0x10 /tmp/ccn1N42P.ltrans7.ltrans.o
 .rodata.test_012_007.9755.4781
                0x080069ac       0x10 /tmp/ccn1N42P.ltrans7.ltrans.o
 .rodata.test_001_001.7908.4677
                0x080069bc       0x10 /tmp/ccn1N42P.ltrans7.ltrans.o
 .rodata.test_010_001.9381.4757
                0x080069cc       0x10 /tmp/ccn1N42P.ltrans7.ltrans.o
 .rodata.test_009_001.9263.4749
                0x080069dc       0x10 /tmp/ccn1N42P.ltrans7.ltrans.o
 .rodata.test_009_002.9264.4754
                0x080069ec       0x10 /tmp/ccn1N42P.ltrans7.ltrans.o
 .rodata.test_sequence_001
                0x080069fc       0x14 /tmp/ccn1N42P.ltrans7.ltrans.o
 .rodata.test_sequence_002
                0x08006a10       0x14 /tmp/ccn1N42P.ltrans7.ltrans.o
 .rodata.test_sequence_003
                0x08006a24        0x8 /tmp/ccn1N42P.ltrans7.ltrans.o
 .rodata.test_sequence_004
                0x08006a2c       0x1c /tmp/ccn1N42P.ltrans7.ltrans.o
 .rodata.test_sequence_005
                0x08006a48       0x1c /tmp/ccn1N42P.ltrans7.ltrans.o
 .rodata.test_sequence_007
                0x08006a64       0x20 /tmp/ccn1N42P.ltrans7.ltrans.o
 .rodata.test_sequence_008
                0x08006a84       0x10 /tmp/ccn1N42P.ltrans7.ltrans.o
 .rodata.test_sequence_009
                0x08006a94       0x10 /tmp/ccn1N42P.ltrans7.ltrans.o
 .rodata.test_007_001.9004.4729
                0x08006aa4       0x10 /tmp/ccn1N42P.ltrans7.ltrans.o
 .rodata.test_010_002.9382.4762
                0x08006ab4       0x10 /tmp/ccn1N42P.ltrans7.ltrans.o
 .rodata.test_012_009.9757.4783
                0x08006ac4       0x10 /tmp/ccn1N42P.ltrans7.ltrans.o
 .rodata.test_002_002.8077.4691
                0x08006ad4       0x10 /tmp/ccn1N42P.ltrans7.ltrans.o
 .rodata.test_007_007.9010.4739
                0x08006ae4       0x10 /tmp/ccn1N42P.ltrans7.ltrans.o
 .rodata.test_002_001.8076.4686
                0x08006af4       0x10 /tmp/ccn1N42P.ltrans7.ltrans.o
 .rodata.test_sequence_010
                0x08006b04        0xc /tmp/ccn1N42P.ltrans7.ltrans.o
 .rodata.test_002_003.8078.4692
                0x08006b10       0x10 /tmp/ccn1N42P.ltrans7.ltrans.o
 .rodata.test_004_003.8466.4707
                0x08006b20       0x10 /tmp/ccn1N42P.ltrans7.ltrans.o
 .rodata.test_sequence_006
                0x08006b30        0x8 /tmp/ccn1N42P.ltrans7.ltrans.o
 .rodata.test_008_003.9135.4747
                0x08006b38       0x10 /tmp/ccn1N42P.ltrans7.ltrans.o
 .rodata.test_011_001.9549.4764
                0x08006b48       0x10 /tmp/ccn1N42P.ltrans7.ltrans.o
 .rodata.test_012_008.9756.4782
                0x08006b58       0x10 /tmp/ccn1N42P.ltrans7.ltrans.o
 .rodata.test_005_001.8657.4712
                0x08006b68       0x10 /tmp/ccn1N42P.ltrans7.ltrans.o
 .rodata.test_007_002.9005.4734
                0x08006b78       0x10 /tmp/ccn1N42P.ltrans7.ltrans.o
 .rodata.test_004_002.8465.4706
                0x08006b88       0x10 /tmp/ccn1N42P.ltrans7.ltrans.o
 .rodata.test_007_005.9008.4737
                0x08006b98       0x10 /tmp/ccn1N42P.ltrans7.ltrans.o
 .rodata.test_005_007.8660.4719
                0x08006ba8       0x10 /tmp/ccn1N42P.ltrans7.ltrans.o
 .rodata.test_004_005.8468.4709
                0x08006bb8       0x10 /tmp/ccn1N42P.ltrans7.ltrans.o
 .rodata.test_011_002.9550.4769
                0x08006bc8       0x10 /tmp/ccn1N42P.ltrans7.ltrans.o
 .rodata.str1.4
                0x08006bd8      0x7d4 /tmp/ccn1N42P.ltrans7.ltrans.o
                                0x7e0 (size before relaxing)
 .rodata.test_012_004.9752.4778
                0x080073ac       0x10 /tmp/ccn1N42P.ltrans7.ltrans.o
 .rodata.test_012_001.9749.4771
                0x080073bc       0x10 /tmp/ccn1N42P.ltrans7.ltrans.o
                0x080073cc                . = ALIGN (0x4)
                0x080073cc                __rodata_end__ = .

.rel.dyn        0x080073cc        0x0
 .rel.iplt      0x00000000        0x0 build/obj/crt0_v6m.o

.ARM.extab
 *(.ARM.extab* .gnu.linkonce.armextab.*)

.ARM.exidx      0x080073cc        0x0
                0x080073cc                __exidx_start = .
 *(.ARM.exidx* .gnu.linkonce.armexidx.*)
                0x080073cc                __exidx_end = .

.eh_frame_hdr
 *(.eh_frame_hdr)

.eh_frame
 *(.eh_frame)
                0x20000000                __ram0_start__ = ORIGIN (ram0)
                0x00004000                __ram0_size__ = 0x4000
                0x20004000                __ram0_end__ = (__ram0_start__ + __ram0_size__)
                0x00000000                __ram1_start__ = ORIGIN (ram1)
                0x00000000                __ram1_size__ = 0x0
                0x00000000                __ram1_end__ = (__ram1_start__ + __ram1_size__)
                0x00000000                __ram2_start__ = ORIGIN (ram2)
                0x00000000                __ram2_size__ = 0x0
                0x00000000                __ram2_end__ = (__ram2_start__ + __ram2_size__)
                0x00000000                __ram3_start__ = ORIGIN (ram3)
                0x00000000                __ram3_size__ = 0x0
                0x00000000                __ram3_end__ = (__ram3_start__ + __ram3_size__)
                0x00000000                __ram4_start__ = ORIGIN (ram4)
                0x00000000                __ram4_size__ = 0x0
                0x00000000                __ram4_end__ = (__ram4_start__ + __ram4_size__)
                0x00000000                __ram5_start__ = ORIGIN (ram5)
                0x00000000                __ram5_size__ = 0x0
                0x00000000                __ram5_end__ = (__ram5_start__ + __ram5_size__)
                0x00000000                __ram6_start__ = ORIGIN (ram6)
                0x00000000                __ram6_size__ = 0x0
                0x00000000                __ram6_end__ = (__ram6_start__ + __ram6_size__)
                0x00000000                __ram7_start__ = ORIGIN (ram7)
                0x00000000                __ram7_size__ = 0x0
                0x00000000                __ram7_end__ = (__ram7_start__ + __ram7_size__)

.data           0x20000400       0xb0 load address 0x080073cc
                0x20000400                . = ALIGN (0x4)
                0x080073cc                PROVIDE (_textdata, LOADADDR (.data))
                0x20000400                PROVIDE (_data, .)
                0x080073cc                _textdata_start = LOADADDR (.data)
                0x20000400                _data_start = .
 *(.data)
 *(.data.*)
 .data.gmp1.9252
                0x20000400       0x18 /tmp/ccn1N42P.ltrans2.ltrans.o
                0x20000400                gmp1.9252
 .data.c1.8612  0x20000418        0x8 /tmp/ccn1N42P.ltrans3.ltrans.o
                0x20000418                c1.8612
 .data.m1.8614  0x20000420       0x10 /tmp/ccn1N42P.ltrans4.ltrans.o
                0x20000420                m1.8614
 .data.es2.8959
                0x20000430        0x4 /tmp/ccn1N42P.ltrans4.ltrans.o
                0x20000430                es2.8959
 .data.es1.8960
                0x20000434        0x4 /tmp/ccn1N42P.ltrans4.ltrans.o
                0x20000434                es1.8960
 .data.mb1.9123
                0x20000438       0x28 /tmp/ccn1N42P.ltrans5.ltrans.o
                0x20000438                mb1.9123
 .data.m2.8613  0x20000460       0x10 /tmp/ccn1N42P.ltrans6.ltrans.o
                0x20000460                m2.8613
 .data.mp1.9253
                0x20000470        0xc /tmp/ccn1N42P.ltrans6.ltrans.o
                0x20000470                mp1.9253
 .data.test_suite
                0x2000047c       0x34 /tmp/ccn1N42P.ltrans7.ltrans.o
 *(.ramtext)
                0x200004b0                . = ALIGN (0x4)
                0x200004b0                PROVIDE (_edata, .)
                0x200004b0                _data_end = .

.igot.plt       0x200004b0        0x0 load address 0x0800747c
 .igot.plt      0x00000000        0x0 build/obj/crt0_v6m.o

.bss            0x200004b0      0xbf8 load address 0x0800747c
                0x200004b0                . = ALIGN (0x4)
                0x200004b0                _bss_start = .
 *(.bss)
 *(.bss.*)
 .bss.heap1.9504
                0x200004b0       0x20 /tmp/ccn1N42P.ltrans1.ltrans.o
                0x200004b0                heap1.9504
 .bss.vt1.6430.9714.4410
                0x200004d0       0x14 /tmp/ccn1N42P.ltrans2.ltrans.o
 .bss.vt2.6431.9713.4411
                0x200004e4       0x14 /tmp/ccn1N42P.ltrans2.ltrans.o
 .bss.objects.9254
                0x200004f8       0x10 /tmp/ccn1N42P.ltrans2.ltrans.o
                0x200004f8                objects.9254
 .bss.sem1.8421
                0x20000508        0xc /tmp/ccn1N42P.ltrans2.ltrans.o
                0x20000508                sem1.8421
 .bss.sem1.9712
                0x20000514        0xc /tmp/ccn1N42P.ltrans2.ltrans.o
                0x20000514                sem1.9712
 .bss.mtx1.9711
                0x20000520       0x10 /tmp/ccn1N42P.ltrans2.ltrans.o
                0x20000520                mtx1.9711
 .bss.tr1.8194  0x20000530        0x4 /tmp/ccn1N42P.ltrans4.ltrans.o
                0x20000530                tr1.8194
 *fill*         0x20000534        0x4 00
 .bss.test_heap
                0x20000538       0x20 /tmp/ccn1N42P.ltrans4.ltrans.o
                0x20000538                test_heap
 .bss.test_buffer
                0x20000558      0x668 /tmp/ccn1N42P.ltrans5.ltrans.o
                0x20000558                test_buffer
 .bss.mb_buffer.9124
                0x20000bc0       0x10 /tmp/ccn1N42P.ltrans5.ltrans.o
                0x20000bc0                mb_buffer.9124
 .bss.threads   0x20000bd0       0x14 /tmp/ccn1N42P.ltrans5.ltrans.o
                0x20000bd0                threads
 .bss.mp1.9503  0x20000be4        0xc /tmp/ccn1N42P.ltrans6.ltrans.o
                0x20000be4                mp1.9503
 .bss.endmem.6149
                0x20000bf0        0x4 /tmp/ccn1N42P.ltrans7.ltrans.o
                0x20000bf0                endmem.6149
 .bss.nextmem.6146
                0x20000bf4        0x4 /tmp/ccn1N42P.ltrans7.ltrans.o
                0x20000bf4                nextmem.6146
 .bss.test_local_fail.7694
                0x20000bf8        0x1 /tmp/ccn1N42P.ltrans7.ltrans.o
                0x20000bf8                test_local_fail.7694
 *fill*         0x20000bf9        0x7 00
 .bss.waThread2.9977.4827
                0x20000c00      0x148 /tmp/ccn1N42P.ltrans7.ltrans.o
 .bss.test_failure_message.7696
                0x20000d48        0x4 /tmp/ccn1N42P.ltrans7.ltrans.o
                0x20000d48                test_failure_message.7696
 *fill*         0x20000d4c        0x4 00
 .bss.ch_idle_thread_wa.4789
                0x20000d50       0xd8 /tmp/ccn1N42P.ltrans7.ltrans.o
 .bss.test_global_fail
                0x20000e28        0x1 /tmp/ccn1N42P.ltrans7.ltrans.o
                0x20000e28                test_global_fail
 *fill*         0x20000e29        0x3 00
 .bss.test_chp.7691
                0x20000e2c        0x4 /tmp/ccn1N42P.ltrans7.ltrans.o
                0x20000e2c                test_chp.7691
 .bss.SD1       0x20000e30       0x80 /tmp/ccn1N42P.ltrans7.ltrans.o
                0x20000e30                SD1
 .bss.waThread1.9978.4826
                0x20000eb0      0x148 /tmp/ccn1N42P.ltrans7.ltrans.o
 .bss.ch        0x20000ff8       0x74 /tmp/ccn1N42P.ltrans7.ltrans.o
                0x20000ff8                ch
 .bss.test_step
                0x2000106c        0x4 /tmp/ccn1N42P.ltrans7.ltrans.o
                0x2000106c                test_step
 .bss.test_tokp.7692
                0x20001070        0x4 /tmp/ccn1N42P.ltrans7.ltrans.o
                0x20001070                test_tokp.7692
 .bss.test_tokens_buffer.7693
                0x20001074       0x10 /tmp/ccn1N42P.ltrans7.ltrans.o
                0x20001074                test_tokens_buffer.7693
 *fill*         0x20001084        0x4 00
 .bss.default_heap.6266
                0x20001088       0x20 /tmp/ccn1N42P.ltrans7.ltrans.o
                0x20001088                default_heap.6266
 *(COMMON)
                0x200010a8                . = ALIGN (0x4)
                0x200010a8                _bss_end = .
                0x200010a8                PROVIDE (end, .)

.ram0_init      0x200010a8        0x0 load address 0x0800747c
                0x200010a8                . = ALIGN (0x4)
                0x0800747c                __ram0_init_text__ = LOADADDR (.ram0_init)
                0x200010a8                __ram0_init__ = .
 *(.ram0_init)
 *(.ram0_init.*)
                0x200010a8                . = ALIGN (0x4)

.ram0           0x200010a8        0x0 load address 0x0800747c
                0x200010a8                . = ALIGN (0x4)
                0x200010a8                __ram0_clear__ = .
 *(.ram0_clear)
 *(.ram0_clear.*)
                0x200010a8                . = ALIGN (0x4)
                0x200010a8                __ram0_noinit__ = .
 *(.ram0)
 *(.ram0.*)
                0x200010a8                . = ALIGN (0x4)
                0x200010a8                __ram0_free__ = .

.ram1_init      0x00000000        0x0 load address 0x0800747c
                0x00000000                . = ALIGN (0x4)
                0x0800747c                __ram1_init_text__ = LOADADDR (.ram1_init)
                0x00000000                __ram1_init__ = .
 *(.ram1_init)
 *(.ram1_init.*)
                0x00000000                . = ALIGN (0x4)

.ram1           0x00000000        0x0 load address 0x0800747c
                0x00000000                . = ALIGN (0x4)
                0x00000000                __ram1_clear__ = .
 *(.ram1_clear)
 *(.ram1_clear.*)
                0x00000000                . = ALIGN (0x4)
                0x00000000                __ram1_noinit__ = .
 *(.ram1)
 *(.ram1.*)
                0x00000000                . = ALIGN (0x4)
                0x00000000                __ram1_free__ = .

.ram2_init      0x00000000        0x0 load address 0x0800747c
                0x00000000                . = ALIGN (0x4)
                0x0800747c                __ram2_init_text__ = LOADADDR (.ram2_init)
                0x00000000                __ram2_init__ = .
 *(.ram2_init)
 *(.ram2_init.*)
                0x00000000                . = ALIGN (0x4)

.ram2           0x00000000        0x0 load address 0x0800747c
                0x00000000                . = ALIGN (0x4)
                0x00000000                __ram2_clear__ = .
 *(.ram2_clear)
 *(.ram2_clear.*)
                0x00000000                . = ALIGN (0x4)
                0x00000000                __ram2_noinit__ = .
 *(.ram2)
 *(.ram2.*)
                0x00000000                . = ALIGN (0x4)
                0x00000000                __ram2_free__ = .

.ram3_init      0x00000000        0x0 load address 0x0800747c
                0x00000000                . = ALIGN (0x4)
                0x0800747c                __ram3_init_text__ = LOADADDR (.ram3_init)
                0x00000000                __ram3_init__ = .
 *(.ram3_init)
 *(.ram3_init.*)
                0x00000000                . = ALIGN (0x4)

.ram3           0x00000000        0x0 load address 0x0800747c
                0x00000000                . = ALIGN (0x4)
                0x00000000                __ram3_clear__ = .
 *(.ram3_clear)
 *(.ram3_clear.*)
                0x00000000                . = ALIGN (0x4)
                0x00000000                __ram3_noinit__ = .
 *(.ram3)
 *(.ram3.*)
                0x00000000                . = ALIGN (0x4)
                0x00000000                __ram3_free__ = .

.ram4_init      0x00000000        0x0 load address 0x0800747c
                0x00000000                . = ALIGN (0x4)
                0x0800747c                __ram4_init_text__ = LOADADDR (.ram4_init)
                0x00000000                __ram4_init__ = .
 *(.ram4_init)
 *(.ram4_init.*)
                0x00000000                . = ALIGN (0x4)

.ram4           0x00000000        0x0 load address 0x0800747c
                0x00000000                . = ALIGN (0x4)
                0x00000000                __ram4_clear__ = .
 *(.ram4_clear)
 *(.ram4_clear.*)
                0x00000000                . = ALIGN (0x4)
                0x00000000                __ram4_noinit__ = .
 *(.ram4)
 *(.ram4.*)
                0x00000000                . = ALIGN (0x4)
                0x00000000                __ram4_free__ = .

.ram5_init      0x00000000        0x0 load address 0x0800747c
                0x00000000                . = ALIGN (0x4)
                0x0800747c                __ram5_init_text__ = LOADADDR (.ram5_init)
                0x00000000                __ram5_init__ = .
 *(.ram5_init)
 *(.ram5_init.*)
                0x00000000                . = ALIGN (0x4)

.ram5           0x00000000        0x0 load address 0x0800747c
                0x00000000                . = ALIGN (0x4)
                0x00000000                __ram5_clear__ = .
 *(.ram5_clear)
 *(.ram5_clear.*)
                0x00000000                . = ALIGN (0x4)
                0x00000000                __ram5_noinit__ = .
 *(.ram5)
 *(.ram5.*)
                0x00000000                . = ALIGN (0x4)
                0x00000000                __ram5_free__ = .

.ram6_init      0x00000000        0x0 load address 0x0800747c
                0x00000000                . = ALIGN (0x4)
                0x0800747c                __ram6_init_text__ = LOADADDR (.ram6_init)
                0x00000000                __ram6_init__ = .
 *(.ram6_init)
 *(.ram6_init.*)
                0x00000000                . = ALIGN (0x4)

.ram6           0x00000000        0x0 load address 0x0800747c
                0x00000000                . = ALIGN (0x4)
                0x00000000                __ram6_clear__ = .
 *(.ram6_clear)
 *(.ram6_clear.*)
                0x00000000                . = ALIGN (0x4)
                0x00000000                __ram6_noinit__ = .
 *(.ram6)
 *(.ram6.*)
                0x00000000                . = ALIGN (0x4)
                0x00000000                __ram6_free__ = .

.ram7_init      0x00000000        0x0 load address 0x0800747c
                0x00000000                . = ALIGN (0x4)
                0x0800747c                __ram7_init_text__ = LOADADDR (.ram7_init)
                0x00000000                __ram7_init__ = .
 *(.ram7_init)
 *(.ram7_init.*)
                0x00000000                . = ALIGN (0x4)

.ram7           0x00000000        0x0 load address 0x0800747c
                0x00000000                . = ALIGN (0x4)
                0x00000000                __ram7_clear__ = .
 *(.ram7_clear)
 *(.ram7_clear.*)
                0x00000000                . = ALIGN (0x4)
                0x00000000                __ram7_noinit__ = .
 *(.ram7)
 *(.ram7.*)
                0x00000000                . = ALIGN (0x4)
                0x00000000                __ram7_free__ = .

.heap           0x200010a8     0x2f58
                0x200010a8                . = ALIGN (0x8)
                0x200010a8                __heap_base__ = .
                0x20004000                . = (ORIGIN (HEAP_RAM) + 0x4000)
 *fill*         0x200010a8     0x2f58 00
                0x20004000                __heap_end__ = .
                0x00000200                __process_stack_size__ = 0x200
                0x00000200                __main_stack_size__ = 0x200
START GROUP
LOAD /opt/gcc-arm-none-eabi-4_7-2013q3/bin/../lib/gcc/arm-none-eabi/4.7.4/armv6-m/libgcc.a
LOAD /opt/gcc-arm-none-eabi-4_7-2013q3/bin/../lib/gcc/arm-none-eabi/4.7.4/../../../../arm-none-eabi/lib/armv6-m/libg.a
LOAD /opt/gcc-arm-none-eabi-4_7-2013q3/bin/../lib/gcc/arm-none-eabi/4.7.4/../../../../arm-none-eabi/lib/armv6-m/libc.a
END GROUP
OUTPUT(build/ch.elf elf32-littlearm)

.ARM.attributes
                0x00000000       0x2b
 .ARM.attributes
                0x00000000       0x21 build/obj/crt0_v6m.o
 .ARM.attributes
                0x00000021       0x21 build/obj/chcoreasm_v6m.o
 .ARM.attributes
                0x00000042       0x2f /tmp/ccn1N42P.ltrans0.ltrans.o
 .ARM.attributes
                0x00000071       0x2f /tmp/ccn1N42P.ltrans1.ltrans.o
 .ARM.attributes
                0x000000a0       0x2f /tmp/ccn1N42P.ltrans2.ltrans.o
 .ARM.attributes
                0x000000cf       0x2f /tmp/ccn1N42P.ltrans3.ltrans.o
 .ARM.attributes
                0x000000fe       0x2f /tmp/ccn1N42P.ltrans4.ltrans.o
 .ARM.attributes
                0x0000012d       0x2f /tmp/ccn1N42P.ltrans5.ltrans.o
 .ARM.attributes
                0x0000015c       0x2f /tmp/ccn1N42P.ltrans6.ltrans.o
 .ARM.attributes
                0x0000018b       0x2f /tmp/ccn1N42P.ltrans7.ltrans.o
 .ARM.attributes
                0x000001ba       0x1e /opt/gcc-arm-none-eabi-4_7-2013q3/bin/../lib/gcc/arm-none-eabi/4.7.4/armv6-m/libgcc.a(_udivsi3.o)
 .ARM.attributes
                0x000001d8       0x1e /opt/gcc-arm-none-eabi-4_7-2013q3/bin/../lib/gcc/arm-none-eabi/4.7.4/armv6-m/libgcc.a(_dvmd_tls.o)

.comment        0x00000000       0x70
 .comment       0x00000000       0x70 /tmp/ccn1N42P.ltrans0.ltrans.o
                                 0x71 (size before relaxing)
 .comment       0x00000000       0x71 /tmp/ccn1N42P.ltrans1.ltrans.o
 .comment       0x00000000       0x71 /tmp/ccn1N42P.ltrans2.ltrans.o
 .comment       0x00000000       0x71 /tmp/ccn1N42P.ltrans3.ltrans.o
 .comment       0x00000000       0x71 /tmp/ccn1N42P.ltrans4.ltrans.o
 .comment       0x00000000       0x71 /tmp/ccn1N42P.ltrans5.ltrans.o
 .comment       0x00000000       0x71 /tmp/ccn1N42P.ltrans6.ltrans.o
 .comment       0x00000000       0x71 /tmp/ccn1N42P.ltrans7.ltrans.o

.debug_info     0x00000000    0x1546b
 .debug_info    0x00000000     0x3c1f /tmp/ccn1N42P.ltrans0.ltrans.o
 .debug_info    0x00003c1f     0x29fc /tmp/ccn1N42P.ltrans1.ltrans.o
 .debug_info    0x0000661b     0x2b39 /tmp/ccn1N42P.ltrans2.ltrans.o
 .debug_info    0x00009154     0x2feb /tmp/ccn1N42P.ltrans3.ltrans.o
 .debug_info    0x0000c13f     0x2ac8 /tmp/ccn1N42P.ltrans4.ltrans.o
 .debug_info    0x0000ec07     0x1eb4 /tmp/ccn1N42P.ltrans5.ltrans.o
 .debug_info    0x00010abb     0x2228 /tmp/ccn1N42P.ltrans6.ltrans.o
 .debug_info    0x00012ce3     0x2788 /tmp/ccn1N42P.ltrans7.ltrans.o

.debug_abbrev   0x00000000     0x2b93
 .debug_abbrev  0x00000000      0x723 /tmp/ccn1N42P.ltrans0.ltrans.o
 .debug_abbrev  0x00000723      0x4da /tmp/ccn1N42P.ltrans1.ltrans.o
 .debug_abbrev  0x00000bfd      0x4f7 /tmp/ccn1N42P.ltrans2.ltrans.o
 .debug_abbrev  0x000010f4      0x679 /tmp/ccn1N42P.ltrans3.ltrans.o
 .debug_abbrev  0x0000176d      0x567 /tmp/ccn1N42P.ltrans4.ltrans.o
 .debug_abbrev  0x00001cd4      0x523 /tmp/ccn1N42P.ltrans5.ltrans.o
 .debug_abbrev  0x000021f7      0x523 /tmp/ccn1N42P.ltrans6.ltrans.o
 .debug_abbrev  0x0000271a      0x479 /tmp/ccn1N42P.ltrans7.ltrans.o

.debug_loc      0x00000000     0x78e9
 .debug_loc     0x00000000     0x23ee /tmp/ccn1N42P.ltrans0.ltrans.o
 .debug_loc     0x000023ee      0xe1b /tmp/ccn1N42P.ltrans1.ltrans.o
 .debug_loc     0x00003209     0x1077 /tmp/ccn1N42P.ltrans2.ltrans.o
 .debug_loc     0x00004280     0x16e4 /tmp/ccn1N42P.ltrans3.ltrans.o
 .debug_loc     0x00005964      0x799 /tmp/ccn1N42P.ltrans4.ltrans.o
 .debug_loc     0x000060fd      0xbcf /tmp/ccn1N42P.ltrans5.ltrans.o
 .debug_loc     0x00006ccc      0xa0f /tmp/ccn1N42P.ltrans6.ltrans.o
 .debug_loc     0x000076db      0x20e /tmp/ccn1N42P.ltrans7.ltrans.o

.debug_aranges  0x00000000      0x770
 .debug_aranges
                0x00000000      0x290 /tmp/ccn1N42P.ltrans0.ltrans.o
 .debug_aranges
                0x00000290      0x120 /tmp/ccn1N42P.ltrans1.ltrans.o
 .debug_aranges
                0x000003b0       0x98 /tmp/ccn1N42P.ltrans2.ltrans.o
 .debug_aranges
                0x00000448      0x178 /tmp/ccn1N42P.ltrans3.ltrans.o
 .debug_aranges
                0x000005c0       0x58 /tmp/ccn1N42P.ltrans4.ltrans.o
 .debug_aranges
                0x00000618       0x78 /tmp/ccn1N42P.ltrans5.ltrans.o
 .debug_aranges
                0x00000690       0xc0 /tmp/ccn1N42P.ltrans6.ltrans.o
 .debug_aranges
                0x00000750       0x20 /tmp/ccn1N42P.ltrans7.ltrans.o

.debug_ranges   0x00000000     0x2c70
 .debug_ranges  0x00000000      0x6c0 /tmp/ccn1N42P.ltrans0.ltrans.o
 .debug_ranges  0x000006c0      0x350 /tmp/ccn1N42P.ltrans1.ltrans.o
 .debug_ranges  0x00000a10      0x468 /tmp/ccn1N42P.ltrans2.ltrans.o
 .debug_ranges  0x00000e78      0x9a8 /tmp/ccn1N42P.ltrans3.ltrans.o
 .debug_ranges  0x00001820      0x3a0 /tmp/ccn1N42P.ltrans4.ltrans.o
 .debug_ranges  0x00001bc0      0x5c8 /tmp/ccn1N42P.ltrans5.ltrans.o
 .debug_ranges  0x00002188      0x478 /tmp/ccn1N42P.ltrans6.ltrans.o
 .debug_ranges  0x00002600      0x670 /tmp/ccn1N42P.ltrans7.ltrans.o

.debug_line     0x00000000     0x6a58
 .debug_line    0x00000000     0x1521 /tmp/ccn1N42P.ltrans0.ltrans.o
 .debug_line    0x00001521      0xcf7 /tmp/ccn1N42P.ltrans1.ltrans.o
 .debug_line    0x00002218      0xd51 /tmp/ccn1N42P.ltrans2.ltrans.o
 .debug_line    0x00002f69      0xeec /tmp/ccn1N42P.ltrans3.ltrans.o
 .debug_line    0x00003e55      0xad2 /tmp/ccn1N42P.ltrans4.ltrans.o
 .debug_line    0x00004927      0xb2e /tmp/ccn1N42P.ltrans5.ltrans.o
 .debug_line    0x00005455      0xb5c /tmp/ccn1N42P.ltrans6.ltrans.o
 .debug_line    0x00005fb1      0xaa7 /tmp/ccn1N42P.ltrans7.ltrans.o

.debug_str      0x00000000     0x3689
 .debug_str     0x00000000     0x121c /tmp/ccn1N42P.ltrans0.ltrans.o
                               0x132a (size before relaxing)
 .debug_str     0x0000121c      0x5b2 /tmp/ccn1N42P.ltrans1.ltrans.o
                                0xc18 (size before relaxing)
 .debug_str     0x000017ce      0x5ae /tmp/ccn1N42P.ltrans2.ltrans.o
                                0xbd8 (size before relaxing)
 .debug_str     0x00001d7c      0x6ae /tmp/ccn1N42P.ltrans3.ltrans.o
                                0xdf6 (size before relaxing)
 .debug_str     0x0000242a      0x452 /tmp/ccn1N42P.ltrans4.ltrans.o
                                0xbd1 (size before relaxing)
 .debug_str     0x0000287c      0x254 /tmp/ccn1N42P.ltrans5.ltrans.o
                                0x9ff (size before relaxing)
 .debug_str     0x00002ad0      0x328 /tmp/ccn1N42P.ltrans6.ltrans.o
                                0xa1f (size before relaxing)
 .debug_str     0x00002df8      0x891 /tmp/ccn1N42P.ltrans7.ltrans.o
                               0x1113 (size before relaxing)

.debug_frame    0x00000000     0x16e0
 .debug_frame   0x00000000      0x790 /tmp/ccn1N42P.ltrans0.ltrans.o
 .debug_frame   0x00000790      0x3c8 /tmp/ccn1N42P.ltrans1.ltrans.o
 .debug_frame   0x00000b58      0x24c /tmp/ccn1N42P.ltrans2.ltrans.o
 .debug_frame   0x00000da4      0x414 /tmp/ccn1N42P.ltrans3.ltrans.o
 .debug_frame   0x000011b8      0x130 /tmp/ccn1N42P.ltrans4.ltrans.o
 .debug_frame   0x000012e8      0x148 /tmp/ccn1N42P.ltrans5.ltrans.o
 .debug_frame   0x00001430      0x254 /tmp/ccn1N42P.ltrans6.ltrans.o
 .debug_frame   0x00001684       0x3c /tmp/ccn1N42P.ltrans7.ltrans.o
 .debug_frame   0x000016c0       0x20 /opt/gcc-arm-none-eabi-4_7-2013q3/bin/../lib/gcc/arm-none-eabi/4.7.4/armv6-m/libgcc.a(_udivsi3.o)

Cross Reference Table

Symbol                                            File
BusFault_Handler                                  /tmp/ccn1N42P.ltrans0.ltrans.o
                                                  /tmp/ccn1N42P.ltrans4.ltrans.o
DebugMon_Handler                                  /tmp/ccn1N42P.ltrans0.ltrans.o
                                                  /tmp/ccn1N42P.ltrans4.ltrans.o
HardFault_Handler                                 /tmp/ccn1N42P.ltrans0.ltrans.o
                                                  /tmp/ccn1N42P.ltrans4.ltrans.o
MemManage_Handler                                 /tmp/ccn1N42P.ltrans0.ltrans.o
                                                  /tmp/ccn1N42P.ltrans4.ltrans.o
NMI_Handler                                       /tmp/ccn1N42P.ltrans0.ltrans.o
                                                  /tmp/ccn1N42P.ltrans4.ltrans.o
PendSV_Handler                                    /tmp/ccn1N42P.ltrans0.ltrans.o
                                                  /tmp/ccn1N42P.ltrans4.ltrans.o
Reset_Handler                                     build/obj/crt0_v6m.o
                                                  /tmp/ccn1N42P.ltrans4.ltrans.o
SD1                                               /tmp/ccn1N42P.ltrans7.ltrans.o
                                                  /tmp/ccn1N42P.ltrans4.ltrans.o
SVC_Handler                                       /tmp/ccn1N42P.ltrans0.ltrans.o
                                                  /tmp/ccn1N42P.ltrans4.ltrans.o
SysTick_Handler                                   /tmp/ccn1N42P.ltrans0.ltrans.o
                                                  /tmp/ccn1N42P.ltrans4.ltrans.o
Thread1.9953                                      /tmp/ccn1N42P.ltrans6.ltrans.o
                                                  /tmp/ccn1N42P.ltrans7.ltrans.o
Thread2.9950                                      /tmp/ccn1N42P.ltrans6.ltrans.o
                                                  /tmp/ccn1N42P.ltrans7.ltrans.o
UsageFault_Handler                                /tmp/ccn1N42P.ltrans0.ltrans.o
                                                  /tmp/ccn1N42P.ltrans4.ltrans.o
Vector1C                                          /tmp/ccn1N42P.ltrans0.ltrans.o
                                                  /tmp/ccn1N42P.ltrans4.ltrans.o
Vector20                                          /tmp/ccn1N42P.ltrans0.ltrans.o
                                                  /tmp/ccn1N42P.ltrans4.ltrans.o
Vector24                                          /tmp/ccn1N42P.ltrans0.ltrans.o
                                                  /tmp/ccn1N42P.ltrans4.ltrans.o
Vector28                                          /tmp/ccn1N42P.ltrans0.ltrans.o
                                                  /tmp/ccn1N42P.ltrans4.ltrans.o
Vector34                                          /tmp/ccn1N42P.ltrans0.ltrans.o
                                                  /tmp/ccn1N42P.ltrans4.ltrans.o
Vector40                                          /tmp/ccn1N42P.ltrans0.ltrans.o
                                                  /tmp/ccn1N42P.ltrans4.ltrans.o
Vector44                                          /tmp/ccn1N42P.ltrans0.ltrans.o
                                                  /tmp/ccn1N42P.ltrans4.ltrans.o
Vector48                                          /tmp/ccn1N42P.ltrans0.ltrans.o
                                                  /tmp/ccn1N42P.ltrans4.ltrans.o
Vector4C                                          /tmp/ccn1N42P.ltrans0.ltrans.o
                                                  /tmp/ccn1N42P.ltrans4.ltrans.o
Vector50                                          /tmp/ccn1N42P.ltrans0.ltrans.o
                                                  /tmp/ccn1N42P.ltrans4.ltrans.o
Vector54                                          /tmp/ccn1N42P.ltrans0.ltrans.o
                                                  /tmp/ccn1N42P.ltrans4.ltrans.o
Vector58                                          /tmp/ccn1N42P.ltrans0.ltrans.o
                                                  /tmp/ccn1N42P.ltrans4.ltrans.o
Vector5C                                          /tmp/ccn1N42P.ltrans0.ltrans.o
                                                  /tmp/ccn1N42P.ltrans4.ltrans.o
Vector60                                          /tmp/ccn1N42P.ltrans0.ltrans.o
                                                  /tmp/ccn1N42P.ltrans4.ltrans.o
Vector64                                          /tmp/ccn1N42P.ltrans0.ltrans.o
                                                  /tmp/ccn1N42P.ltrans4.ltrans.o
Vector68                                          /tmp/ccn1N42P.ltrans0.ltrans.o
                                                  /tmp/ccn1N42P.ltrans4.ltrans.o
Vector6C                                          /tmp/ccn1N42P.ltrans0.ltrans.o
                                                  /tmp/ccn1N42P.ltrans4.ltrans.o
Vector70                                          /tmp/ccn1N42P.ltrans0.ltrans.o
                                                  /tmp/ccn1N42P.ltrans4.ltrans.o
Vector74                                          /tmp/ccn1N42P.ltrans0.ltrans.o
                                                  /tmp/ccn1N42P.ltrans4.ltrans.o
Vector78                                          /tmp/ccn1N42P.ltrans0.ltrans.o
                                                  /tmp/ccn1N42P.ltrans4.ltrans.o
Vector7C                                          /tmp/ccn1N42P.ltrans3.ltrans.o
                                                  /tmp/ccn1N42P.ltrans4.ltrans.o
Vector80                                          /tmp/ccn1N42P.ltrans0.ltrans.o
                                                  /tmp/ccn1N42P.ltrans4.ltrans.o
Vector84                                          /tmp/ccn1N42P.ltrans0.ltrans.o
                                                  /tmp/ccn1N42P.ltrans4.ltrans.o
Vector88                                          /tmp/ccn1N42P.ltrans0.ltrans.o
                                                  /tmp/ccn1N42P.ltrans4.ltrans.o
Vector8C                                          /tmp/ccn1N42P.ltrans0.ltrans.o
                                                  /tmp/ccn1N42P.ltrans4.ltrans.o
Vector90                                          /tmp/ccn1N42P.ltrans0.ltrans.o
                                                  /tmp/ccn1N42P.ltrans4.ltrans.o
Vector94                                          /tmp/ccn1N42P.ltrans0.ltrans.o
                                                  /tmp/ccn1N42P.ltrans4.ltrans.o
Vector98                                          /tmp/ccn1N42P.ltrans0.ltrans.o
                                                  /tmp/ccn1N42P.ltrans4.ltrans.o
Vector9C                                          /tmp/ccn1N42P.ltrans0.ltrans.o
                                                  /tmp/ccn1N42P.ltrans4.ltrans.o
VectorA0                                          /tmp/ccn1N42P.ltrans0.ltrans.o
                                                  /tmp/ccn1N42P.ltrans4.ltrans.o
VectorA4                                          /tmp/ccn1N42P.ltrans0.ltrans.o
                                                  /tmp/ccn1N42P.ltrans4.ltrans.o
VectorA8                                          /tmp/ccn1N42P.ltrans0.ltrans.o
                                                  /tmp/ccn1N42P.ltrans4.ltrans.o
VectorB0                                          /tmp/ccn1N42P.ltrans0.ltrans.o
                                                  /tmp/ccn1N42P.ltrans4.ltrans.o
VectorB4                                          /tmp/ccn1N42P.ltrans0.ltrans.o
                                                  /tmp/ccn1N42P.ltrans4.ltrans.o
VectorB8                                          /tmp/ccn1N42P.ltrans0.ltrans.o
                                                  /tmp/ccn1N42P.ltrans4.ltrans.o
VectorBC                                          /tmp/ccn1N42P.ltrans0.ltrans.o
                                                  /tmp/ccn1N42P.ltrans4.ltrans.o
__aeabi_idiv0                                     /opt/gcc-arm-none-eabi-4_7-2013q3/bin/../lib/gcc/arm-none-eabi/4.7.4/armv6-m/libgcc.a(_dvmd_tls.o)
                                                  /opt/gcc-arm-none-eabi-4_7-2013q3/bin/../lib/gcc/arm-none-eabi/4.7.4/armv6-m/libgcc.a(_udivsi3.o)
__aeabi_ldiv0                                     /opt/gcc-arm-none-eabi-4_7-2013q3/bin/../lib/gcc/arm-none-eabi/4.7.4/armv6-m/libgcc.a(_dvmd_tls.o)
__aeabi_uidiv                                     /opt/gcc-arm-none-eabi-4_7-2013q3/bin/../lib/gcc/arm-none-eabi/4.7.4/armv6-m/libgcc.a(_udivsi3.o)
                                                  /tmp/ccn1N42P.ltrans7.ltrans.o
                                                  /tmp/ccn1N42P.ltrans0.ltrans.o
__aeabi_uidivmod                                  /opt/gcc-arm-none-eabi-4_7-2013q3/bin/../lib/gcc/arm-none-eabi/4.7.4/armv6-m/libgcc.a(_udivsi3.o)
                                                  /tmp/ccn1N42P.ltrans0.ltrans.o
__core_init                                       /tmp/ccn1N42P.ltrans5.ltrans.o
                                                  build/obj/crt0_v6m.o
__default_exit                                    /tmp/ccn1N42P.ltrans5.ltrans.o
                                                  build/obj/crt0_v6m.o
__early_init                                      /tmp/ccn1N42P.ltrans5.ltrans.o
                                                  build/obj/crt0_v6m.o
__fini_array_end                                  build/obj/crt0_v6m.o
__fini_array_start                                build/obj/crt0_v6m.o
__heap_base__                                     /tmp/ccn1N42P.ltrans7.ltrans.o
__heap_end__                                      /tmp/ccn1N42P.ltrans7.ltrans.o
__init_array_end                                  build/obj/crt0_v6m.o
__init_array_start                                build/obj/crt0_v6m.o
__init_ram_areas                                  /tmp/ccn1N42P.ltrans5.ltrans.o
                                                  build/obj/crt0_v6m.o
__late_init                                       /tmp/ccn1N42P.ltrans5.ltrans.o
                                                  build/obj/crt0_v6m.o
__main_stack_base__                               build/obj/crt0_v6m.o
__main_stack_end__                                /tmp/ccn1N42P.ltrans4.ltrans.o
                                                  build/obj/crt0_v6m.o
__process_stack_base__                            build/obj/crt0_v6m.o
__process_stack_end__                             build/obj/crt0_v6m.o
__ram0_clear__                                    /tmp/ccn1N42P.ltrans5.ltrans.o
__ram0_init__                                     /tmp/ccn1N42P.ltrans5.ltrans.o
__ram0_init_text__                                /tmp/ccn1N42P.ltrans5.ltrans.o
__ram0_noinit__                                   /tmp/ccn1N42P.ltrans5.ltrans.o
__ram1_clear__                                    /tmp/ccn1N42P.ltrans5.ltrans.o
__ram1_init__                                     /tmp/ccn1N42P.ltrans5.ltrans.o
__ram1_init_text__                                /tmp/ccn1N42P.ltrans5.ltrans.o
__ram1_noinit__                                   /tmp/ccn1N42P.ltrans5.ltrans.o
__ram2_clear__                                    /tmp/ccn1N42P.ltrans5.ltrans.o
__ram2_init__                                     /tmp/ccn1N42P.ltrans5.ltrans.o
__ram2_init_text__                                /tmp/ccn1N42P.ltrans5.ltrans.o
__ram2_noinit__                                   /tmp/ccn1N42P.ltrans5.ltrans.o
__ram3_clear__                                    /tmp/ccn1N42P.ltrans5.ltrans.o
__ram3_init__                                     /tmp/ccn1N42P.ltrans5.ltrans.o
__ram3_init_text__                                /tmp/ccn1N42P.ltrans5.ltrans.o
__ram3_noinit__                                   /tmp/ccn1N42P.ltrans5.ltrans.o
__ram4_clear__                                    /tmp/ccn1N42P.ltrans5.ltrans.o
__ram4_init__                                     /tmp/ccn1N42P.ltrans5.ltrans.o
__ram4_init_text__                                /tmp/ccn1N42P.ltrans5.ltrans.o
__ram4_noinit__                                   /tmp/ccn1N42P.ltrans5.ltrans.o
__ram5_clear__                                    /tmp/ccn1N42P.ltrans5.ltrans.o
__ram5_init__                                     /tmp/ccn1N42P.ltrans5.ltrans.o
__ram5_init_text__                                /tmp/ccn1N42P.ltrans5.ltrans.o
__ram5_noinit__                                   /tmp/ccn1N42P.ltrans5.ltrans.o
__ram6_clear__                                    /tmp/ccn1N42P.ltrans5.ltrans.o
__ram6_init__                                     /tmp/ccn1N42P.ltrans5.ltrans.o
__ram6_init_text__                                /tmp/ccn1N42P.ltrans5.ltrans.o
__ram6_noinit__                                   /tmp/ccn1N42P.ltrans5.ltrans.o
__ram7_clear__                                    /tmp/ccn1N42P.ltrans5.ltrans.o
__ram7_init__                                     /tmp/ccn1N42P.ltrans5.ltrans.o
__ram7_init_text__                                /tmp/ccn1N42P.ltrans5.ltrans.o
__ram7_noinit__                                   /tmp/ccn1N42P.ltrans5.ltrans.o
__udivsi3                                         /opt/gcc-arm-none-eabi-4_7-2013q3/bin/../lib/gcc/arm-none-eabi/4.7.4/armv6-m/libgcc.a(_udivsi3.o)
_bss_end                                          build/obj/crt0_v6m.o
_bss_start                                        build/obj/crt0_v6m.o
_data                                             build/obj/crt0_v6m.o
_edata                                            build/obj/crt0_v6m.o
_idle_thread.4272                                 /tmp/ccn1N42P.ltrans0.ltrans.o
                                                  /tmp/ccn1N42P.ltrans7.ltrans.o
_pal_lld_setgroupmode.constprop.8                 /tmp/ccn1N42P.ltrans0.ltrans.o
                                                  /tmp/ccn1N42P.ltrans7.ltrans.o
_port_exit_from_isr                               build/obj/chcoreasm_v6m.o
                                                  /tmp/ccn1N42P.ltrans0.ltrans.o
_port_irq_epilogue                                /tmp/ccn1N42P.ltrans0.ltrans.o
                                                  /tmp/ccn1N42P.ltrans4.ltrans.o
                                                  /tmp/ccn1N42P.ltrans3.ltrans.o
_port_switch                                      build/obj/chcoreasm_v6m.o
                                                  /tmp/ccn1N42P.ltrans5.ltrans.o
                                                  /tmp/ccn1N42P.ltrans0.ltrans.o
_port_switch_from_isr                             build/obj/chcoreasm_v6m.o
                                                  /tmp/ccn1N42P.ltrans0.ltrans.o
_port_thread_start                                build/obj/chcoreasm_v6m.o
                                                  /tmp/ccn1N42P.ltrans1.ltrans.o
                                                  /tmp/ccn1N42P.ltrans0.ltrans.o
_test_assert                                      /tmp/ccn1N42P.ltrans0.ltrans.o
                                                  /tmp/ccn1N42P.ltrans6.ltrans.o
                                                  /tmp/ccn1N42P.ltrans5.ltrans.o
                                                  /tmp/ccn1N42P.ltrans4.ltrans.o
                                                  /tmp/ccn1N42P.ltrans3.ltrans.o
                                                  /tmp/ccn1N42P.ltrans2.ltrans.o
                                                  /tmp/ccn1N42P.ltrans1.ltrans.o
_test_assert_sequence                             /tmp/ccn1N42P.ltrans0.ltrans.o
                                                  /tmp/ccn1N42P.ltrans6.ltrans.o
                                                  /tmp/ccn1N42P.ltrans5.ltrans.o
                                                  /tmp/ccn1N42P.ltrans4.ltrans.o
                                                  /tmp/ccn1N42P.ltrans3.ltrans.o
                                                  /tmp/ccn1N42P.ltrans2.ltrans.o
                                                  /tmp/ccn1N42P.ltrans1.ltrans.o
_test_assert_time_window.constprop.5              /tmp/ccn1N42P.ltrans0.ltrans.o
                                                  /tmp/ccn1N42P.ltrans6.ltrans.o
                                                  /tmp/ccn1N42P.ltrans4.ltrans.o
                                                  /tmp/ccn1N42P.ltrans2.ltrans.o
_textdata                                         build/obj/crt0_v6m.o
_vectors                                          /tmp/ccn1N42P.ltrans4.ltrans.o
bmk_thread3.9641                                  /tmp/ccn1N42P.ltrans5.ltrans.o
                                                  /tmp/ccn1N42P.ltrans6.ltrans.o
                                                  /tmp/ccn1N42P.ltrans2.ltrans.o
bmk_thread4.9644                                  /tmp/ccn1N42P.ltrans0.ltrans.o
                                                  /tmp/ccn1N42P.ltrans6.ltrans.o
bmk_thread7.9638                                  /tmp/ccn1N42P.ltrans0.ltrans.o
                                                  /tmp/ccn1N42P.ltrans2.ltrans.o
bmk_thread8.9635                                  /tmp/ccn1N42P.ltrans0.ltrans.o
                                                  /tmp/ccn1N42P.ltrans2.ltrans.o
c1.8612                                           /tmp/ccn1N42P.ltrans3.ltrans.o
                                                  /tmp/ccn1N42P.ltrans1.ltrans.o
ch                                                /tmp/ccn1N42P.ltrans7.ltrans.o
                                                  /tmp/ccn1N42P.ltrans6.ltrans.o
                                                  /tmp/ccn1N42P.ltrans5.ltrans.o
                                                  /tmp/ccn1N42P.ltrans4.ltrans.o
                                                  /tmp/ccn1N42P.ltrans3.ltrans.o
                                                  /tmp/ccn1N42P.ltrans2.ltrans.o
                                                  /tmp/ccn1N42P.ltrans1.ltrans.o
                                                  /tmp/ccn1N42P.ltrans0.ltrans.o
chCoreAllocAligned                                /tmp/ccn1N42P.ltrans0.ltrans.o
                                                  /tmp/ccn1N42P.ltrans7.ltrans.o
chEvtAddEvents                                    /tmp/ccn1N42P.ltrans0.ltrans.o
                                                  /tmp/ccn1N42P.ltrans2.ltrans.o
chEvtBroadcastFlagsI                              /tmp/ccn1N42P.ltrans0.ltrans.o
                                                  /tmp/ccn1N42P.ltrans4.ltrans.o
chEvtGetAndClearEvents.constprop.40               /tmp/ccn1N42P.ltrans1.ltrans.o
                                                  /tmp/ccn1N42P.ltrans2.ltrans.o
chEvtSignalI                                      /tmp/ccn1N42P.ltrans0.ltrans.o
                                                  /tmp/ccn1N42P.ltrans6.ltrans.o
chEvtUnregister                                   /tmp/ccn1N42P.ltrans0.ltrans.o
                                                  /tmp/ccn1N42P.ltrans2.ltrans.o
chEvtWaitAll.constprop.34                         /tmp/ccn1N42P.ltrans1.ltrans.o
                                                  /tmp/ccn1N42P.ltrans2.ltrans.o
chEvtWaitAny.constprop.35                         /tmp/ccn1N42P.ltrans1.ltrans.o
                                                  /tmp/ccn1N42P.ltrans2.ltrans.o
chEvtWaitOne.constprop.36                         /tmp/ccn1N42P.ltrans1.ltrans.o
                                                  /tmp/ccn1N42P.ltrans2.ltrans.o
chGuardedPoolAllocTimeout.constprop.16            /tmp/ccn1N42P.ltrans3.ltrans.o
                                                  /tmp/ccn1N42P.ltrans2.ltrans.o
chHeapAlloc.9355                                  /tmp/ccn1N42P.ltrans1.ltrans.o
                                                  /tmp/ccn1N42P.ltrans4.ltrans.o
chHeapAllocAligned.constprop.30                   /tmp/ccn1N42P.ltrans1.ltrans.o
                                                  /tmp/ccn1N42P.ltrans4.ltrans.o
chHeapFree                                        /tmp/ccn1N42P.ltrans0.ltrans.o
                                                  /tmp/ccn1N42P.ltrans4.ltrans.o
chHeapStatus                                      /tmp/ccn1N42P.ltrans0.ltrans.o
                                                  /tmp/ccn1N42P.ltrans4.ltrans.o
                                                  /tmp/ccn1N42P.ltrans1.ltrans.o
chMBFetch.constprop.21                            /tmp/ccn1N42P.ltrans3.ltrans.o
                                                  /tmp/ccn1N42P.ltrans5.ltrans.o
                                                  /tmp/ccn1N42P.ltrans4.ltrans.o
chMBPostAhead.constprop.23                        /tmp/ccn1N42P.ltrans3.ltrans.o
                                                  /tmp/ccn1N42P.ltrans5.ltrans.o
                                                  /tmp/ccn1N42P.ltrans4.ltrans.o
chMBPostS                                         /tmp/ccn1N42P.ltrans3.ltrans.o
                                                  /tmp/ccn1N42P.ltrans5.ltrans.o
                                                  /tmp/ccn1N42P.ltrans4.ltrans.o
chMBReset.constprop.26                            /tmp/ccn1N42P.ltrans0.ltrans.o
                                                  /tmp/ccn1N42P.ltrans5.ltrans.o
                                                  /tmp/ccn1N42P.ltrans4.ltrans.o
                                                  /tmp/ccn1N42P.ltrans1.ltrans.o
chMBResetI                                        /tmp/ccn1N42P.ltrans0.ltrans.o
                                                  /tmp/ccn1N42P.ltrans5.ltrans.o
chMsgSend                                         /tmp/ccn1N42P.ltrans0.ltrans.o
                                                  /tmp/ccn1N42P.ltrans6.ltrans.o
chMsgWait                                         /tmp/ccn1N42P.ltrans0.ltrans.o
                                                  /tmp/ccn1N42P.ltrans6.ltrans.o
                                                  /tmp/ccn1N42P.ltrans3.ltrans.o
chMtxLock                                         /tmp/ccn1N42P.ltrans0.ltrans.o