Archive member included because of file (symbol)

/opt/gcc-arm-none-eabi-4_9-2014q4/bin/../lib/gcc/arm-none-eabi/4.9.3/armv6-m/libgcc.a(_udivsi3.o)
                              /tmp/ccymXjnM.ltrans3.ltrans.o (__aeabi_uidiv)
/opt/gcc-arm-none-eabi-4_9-2014q4/bin/../lib/gcc/arm-none-eabi/4.9.3/armv6-m/libgcc.a(_dvmd_tls.o)
                              /opt/gcc-arm-none-eabi-4_9-2014q4/bin/../lib/gcc/arm-none-eabi/4.9.3/armv6-m/libgcc.a(_udivsi3.o) (__aeabi_idiv0)
/opt/gcc-arm-none-eabi-4_9-2014q4/bin/../lib/gcc/arm-none-eabi/4.9.3/../../../../arm-none-eabi/lib/armv6-m/libg.a(lib_a-memcpy.o)
                              /tmp/ccymXjnM.ltrans0.ltrans.o (memcpy)

Discarded input sections

 .data          0x00000000        0x0 ./build/obj/crt0_v6m.o
 .bss           0x00000000        0x0 ./build/obj/crt0_v6m.o
 .data          0x00000000        0x0 ./build/obj/vectors.o
 .bss           0x00000000        0x0 ./build/obj/vectors.o
 .data          0x00000000        0x0 ./build/obj/chcoreasm_v6m.o
 .bss           0x00000000        0x0 ./build/obj/chcoreasm_v6m.o
 .text          0x00000000        0x0 ./build/obj/crt1.o (symbol from plugin)
 .text          0x00000000        0x0 /tmp/ccymXjnM.ltrans0.ltrans.o
 .data          0x00000000        0x0 /tmp/ccymXjnM.ltrans0.ltrans.o
 .bss           0x00000000        0x0 /tmp/ccymXjnM.ltrans0.ltrans.o
 .text          0x00000000        0x0 /tmp/ccymXjnM.ltrans1.ltrans.o
 .data          0x00000000        0x0 /tmp/ccymXjnM.ltrans1.ltrans.o
 .bss           0x00000000        0x0 /tmp/ccymXjnM.ltrans1.ltrans.o
 .text          0x00000000        0x0 /tmp/ccymXjnM.ltrans2.ltrans.o
 .data          0x00000000        0x0 /tmp/ccymXjnM.ltrans2.ltrans.o
 .bss           0x00000000        0x0 /tmp/ccymXjnM.ltrans2.ltrans.o
 .text          0x00000000        0x0 /tmp/ccymXjnM.ltrans3.ltrans.o
 .data          0x00000000        0x0 /tmp/ccymXjnM.ltrans3.ltrans.o
 .bss           0x00000000        0x0 /tmp/ccymXjnM.ltrans3.ltrans.o
 .text          0x00000000        0x0 /tmp/ccymXjnM.ltrans4.ltrans.o
 .data          0x00000000        0x0 /tmp/ccymXjnM.ltrans4.ltrans.o
 .bss           0x00000000        0x0 /tmp/ccymXjnM.ltrans4.ltrans.o
 .text          0x00000000        0x0 /tmp/ccymXjnM.ltrans5.ltrans.o
 .data          0x00000000        0x0 /tmp/ccymXjnM.ltrans5.ltrans.o
 .bss           0x00000000        0x0 /tmp/ccymXjnM.ltrans5.ltrans.o
 .text          0x00000000        0x0 /tmp/ccymXjnM.ltrans6.ltrans.o
 .data          0x00000000        0x0 /tmp/ccymXjnM.ltrans6.ltrans.o
 .bss           0x00000000        0x0 /tmp/ccymXjnM.ltrans6.ltrans.o
 .data          0x00000000        0x0 /opt/gcc-arm-none-eabi-4_9-2014q4/bin/../lib/gcc/arm-none-eabi/4.9.3/armv6-m/libgcc.a(_udivsi3.o)
 .bss           0x00000000        0x0 /opt/gcc-arm-none-eabi-4_9-2014q4/bin/../lib/gcc/arm-none-eabi/4.9.3/armv6-m/libgcc.a(_udivsi3.o)
 .data          0x00000000        0x0 /opt/gcc-arm-none-eabi-4_9-2014q4/bin/../lib/gcc/arm-none-eabi/4.9.3/armv6-m/libgcc.a(_dvmd_tls.o)
 .bss           0x00000000        0x0 /opt/gcc-arm-none-eabi-4_9-2014q4/bin/../lib/gcc/arm-none-eabi/4.9.3/armv6-m/libgcc.a(_dvmd_tls.o)
 .text          0x00000000        0x0 /opt/gcc-arm-none-eabi-4_9-2014q4/bin/../lib/gcc/arm-none-eabi/4.9.3/../../../../arm-none-eabi/lib/armv6-m/libg.a(lib_a-memcpy.o)
 .data          0x00000000        0x0 /opt/gcc-arm-none-eabi-4_9-2014q4/bin/../lib/gcc/arm-none-eabi/4.9.3/../../../../arm-none-eabi/lib/armv6-m/libg.a(lib_a-memcpy.o)
 .bss           0x00000000        0x0 /opt/gcc-arm-none-eabi-4_9-2014q4/bin/../lib/gcc/arm-none-eabi/4.9.3/../../../../arm-none-eabi/lib/armv6-m/libg.a(lib_a-memcpy.o)
 .text          0x00000000        0x0 ./build/obj/hal.o (symbol from plugin)
 .text          0x00000000        0x0 ./build/obj/hal_st.o (symbol from plugin)
 .text          0x00000000        0x0 ./build/obj/hal_buffers.o (symbol from plugin)
 .text          0x00000000        0x0 ./build/obj/hal_queues.o (symbol from plugin)
 .text          0x00000000        0x0 ./build/obj/hal_mmcsd.o (symbol from plugin)
 .text          0x00000000        0x0 ./build/obj/hal_pal.o (symbol from plugin)
 .text          0x00000000        0x0 ./build/obj/hal_serial.o (symbol from plugin)
 .text          0x00000000        0x0 ./build/obj/nvic.o (symbol from plugin)
 .text          0x00000000        0x0 ./build/obj/stm32_isr.o (symbol from plugin)
 .text          0x00000000        0x0 ./build/obj/hal_lld.o (symbol from plugin)
 .text          0x00000000        0x0 ./build/obj/stm32_dma.o (symbol from plugin)
 .text          0x00000000        0x0 ./build/obj/stm32_exti.o (symbol from plugin)
 .text          0x00000000        0x0 ./build/obj/hal_pal_lld.o (symbol from plugin)
 .text          0x00000000        0x0 ./build/obj/hal_st_lld.o (symbol from plugin)
 .text          0x00000000        0x0 ./build/obj/hal_serial_lld.o (symbol from plugin)
 .text          0x00000000        0x0 ./build/obj/board.o (symbol from plugin)
[...]
Memory Configuration

Name             Origin             Length             Attributes
flash0           0x08000000         0x00008000
flash1           0x00000000         0x00000000
flash2           0x00000000         0x00000000
flash3           0x00000000         0x00000000
flash4           0x00000000         0x00000000
flash5           0x00000000         0x00000000
flash6           0x00000000         0x00000000
flash7           0x00000000         0x00000000
ram0             0x20000000         0x00001800
ram1             0x00000000         0x00000000
ram2             0x00000000         0x00000000
ram3             0x00000000         0x00000000
ram4             0x00000000         0x00000000
ram5             0x00000000         0x00000000
ram6             0x00000000         0x00000000
ram7             0x00000000         0x00000000
*default*        0x00000000         0xffffffff

Linker script and memory map

LOAD ./build/obj/crt0_v6m.o
LOAD ./build/obj/vectors.o
LOAD ./build/obj/chcoreasm_v6m.o
LOAD ./build/obj/crt1.o
LOAD /tmp/ccymXjnM.ltrans0.ltrans.o
LOAD /tmp/ccymXjnM.ltrans1.ltrans.o
LOAD /tmp/ccymXjnM.ltrans2.ltrans.o
LOAD /tmp/ccymXjnM.ltrans3.ltrans.o
LOAD /tmp/ccymXjnM.ltrans4.ltrans.o
LOAD /tmp/ccymXjnM.ltrans5.ltrans.o
LOAD /tmp/ccymXjnM.ltrans6.ltrans.o
LOAD /opt/gcc-arm-none-eabi-4_9-2014q4/bin/../lib/gcc/arm-none-eabi/4.9.3/armv6-m/libgcc.a
LOAD /opt/gcc-arm-none-eabi-4_9-2014q4/bin/../lib/gcc/arm-none-eabi/4.9.3/../../../../arm-none-eabi/lib/armv6-m/libg.a
LOAD /opt/gcc-arm-none-eabi-4_9-2014q4/bin/../lib/gcc/arm-none-eabi/4.9.3/../../../../arm-none-eabi/lib/armv6-m/libc.a
LOAD ./build/obj/hal.o
LOAD ./build/obj/hal_st.o
LOAD ./build/obj/hal_buffers.o
LOAD ./build/obj/hal_queues.o
LOAD ./build/obj/hal_mmcsd.o
LOAD ./build/obj/hal_pal.o
LOAD ./build/obj/hal_serial.o
LOAD ./build/obj/nvic.o
LOAD ./build/obj/stm32_isr.o
LOAD ./build/obj/hal_lld.o
LOAD ./build/obj/stm32_dma.o
LOAD ./build/obj/stm32_exti.o
LOAD ./build/obj/hal_pal_lld.o
LOAD ./build/obj/hal_st_lld.o
LOAD ./build/obj/hal_serial_lld.o
LOAD ./build/obj/board.o
LOAD ./build/obj/osal.o
LOAD ./build/obj/chsys.o
LOAD ./build/obj/chdebug.o
LOAD ./build/obj/chtrace.o
LOAD ./build/obj/chvt.o
LOAD ./build/obj/chschd.o
LOAD ./build/obj/chthreads.o
LOAD ./build/obj/chregistry.o
LOAD ./build/obj/chsem.o
LOAD ./build/obj/chmtx.o
LOAD ./build/obj/chcond.o
LOAD ./build/obj/chevents.o
LOAD ./build/obj/chmsg.o
LOAD ./build/obj/chdynamic.o
LOAD ./build/obj/chmboxes.o
LOAD ./build/obj/chmemcore.o
LOAD ./build/obj/chmemheaps.o
LOAD ./build/obj/chmempools.o
LOAD ./build/obj/chpipes.o
LOAD ./build/obj/chfactory.o
LOAD ./build/obj/chcore.o
LOAD ./build/obj/chcore_v6m.o
LOAD ./build/obj/ch_test.o
LOAD ./build/obj/rt_test_root.o
LOAD ./build/obj/rt_test_sequence_001.o
LOAD ./build/obj/rt_test_sequence_002.o
LOAD ./build/obj/rt_test_sequence_003.o
LOAD ./build/obj/rt_test_sequence_004.o
LOAD ./build/obj/rt_test_sequence_005.o
LOAD ./build/obj/rt_test_sequence_006.o
LOAD ./build/obj/rt_test_sequence_007.o
LOAD ./build/obj/rt_test_sequence_008.o
LOAD ./build/obj/rt_test_sequence_009.o
LOAD ./build/obj/rt_test_sequence_010.o
LOAD ./build/obj/main.o

.mstack         0x20000000      0x200
                0x20000000                . = ALIGN (0x8)
                0x20000000                __main_stack_base__ = .
                0x20000200                . = (. + __main_stack_size__)
 *fill*         0x20000000      0x200 
                0x20000200                . = ALIGN (0x8)
                0x20000200                __main_stack_end__ = .

.pstack         0x20000200      0x200
                0x20000200                . = ALIGN (0x8)
                0x20000200                __process_stack_base__ = .
                0x20000200                __main_thread_stack_base__ = .
                0x20000400                . = (. + __process_stack_size__)
 *fill*         0x20000200      0x200 
                0x20000400                . = ALIGN (0x8)
                0x20000400                __process_stack_end__ = .
                0x20000400                __main_thread_stack_end__ = .

.vectors        0x08000000       0xc0
 *(.vectors)
 .vectors       0x08000000       0xc0 ./build/obj/vectors.o
                0x08000000                _vectors

.xtors          0x080000c0        0x0
                0x080000c0                __init_array_start = .
 *(SORT(.init_array.*))
 *(.init_array)
                0x080000c0                __init_array_end = .
                0x080000c0                __fini_array_start = .
 *(.fini_array)
 *(SORT(.fini_array.*))
                0x080000c0                __fini_array_end = .

.text           0x080000c0     0x538c
                0x080000c0                __text_base = .
 *(.text)
 .text          0x080000c0       0xd0 ./build/obj/crt0_v6m.o
                0x080000c0                _crt0_entry
 .text          0x08000190        0x8 ./build/obj/vectors.o
                0x08000190                Reset_Handler
                0x08000192                Vector58
                0x08000192                Vector9C
                0x08000192                DebugMon_Handler
                0x08000192                Vector5C
                0x08000192                HardFault_Handler
                0x08000192                Vector8C
                0x08000192                SysTick_Handler
                0x08000192                PendSV_Handler
                0x08000192                Vector94
                0x08000192                VectorA8
                0x08000192                VectorB4
                0x08000192                Vector74
                0x08000192                UsageFault_Handler
                0x08000192                Vector40
                0x08000192                VectorBC
                0x08000192                Vector64
                0x08000192                Vector54
                0x08000192                Vector98
                0x08000192                Vector24
                0x08000192                Vector84
                0x08000192                MemManage_Handler
                0x08000192                Vector6C
                0x08000192                VectorA0
                0x08000192                SVC_Handler
                0x08000192                Vector90
                0x08000192                Vector60
                0x08000192                Vector1C
                0x08000192                Vector48
                0x08000192                Vector70
                0x08000192                Vector4C
                0x08000192                Vector80
                0x08000192                Vector68
                0x08000192                Vector78
                0x08000192                Vector88
                0x08000192                BusFault_Handler
                0x08000192                Vector50
                0x08000192                Vector44
                0x08000192                Vector28
                0x08000192                VectorB8
                0x08000192                Vector34
                0x08000192                VectorA4
                0x08000192                Vector20
                0x08000196                _unhandled_exception
 .text          0x08000198       0x40 ./build/obj/chcoreasm_v6m.o
                0x08000198                _port_switch
                0x080001b8                _port_thread_start
                0x080001c4                _port_switch_from_isr
                0x080001c8                _port_exit_from_isr
 .text          0x080001d8      0x120 /opt/gcc-arm-none-eabi-4_9-2014q4/bin/../lib/gcc/arm-none-eabi/4.9.3/armv6-m/libgcc.a(_udivsi3.o)
                0x080001d8                __udivsi3
                0x080001d8                __aeabi_uidiv
                0x080002e4                __aeabi_uidivmod
 .text          0x080002f8        0x4 /opt/gcc-arm-none-eabi-4_9-2014q4/bin/../lib/gcc/arm-none-eabi/4.9.3/armv6-m/libgcc.a(_dvmd_tls.o)
                0x080002f8                __aeabi_ldiv0
                0x080002f8                __aeabi_idiv0
 *(.text.*)
 *fill*         0x080002fc        0x4 
 .text.wakeup.lto_priv.149
                0x08000300       0x60 /tmp/ccymXjnM.ltrans0.ltrans.o
                0x08000300                wakeup.lto_priv.149
 .text._idle_thread.lto_priv.63
                0x08000360       0x10 /tmp/ccymXjnM.ltrans0.ltrans.o
                0x08000360                _idle_thread.lto_priv.63
 .text.notify2.lto_priv.60
                0x08000370       0x10 /tmp/ccymXjnM.ltrans0.ltrans.o
                0x08000370                notify2.lto_priv.60
 .text.notify1.lto_priv.59
                0x08000380       0x10 /tmp/ccymXjnM.ltrans0.ltrans.o
                0x08000380                notify1.lto_priv.59
 .text._ctl.lto_priv.72
                0x08000390       0x10 /tmp/ccymXjnM.ltrans0.ltrans.o
                0x08000390                _ctl.lto_priv.72
 .text.chEvtBroadcastFlagsI
                0x080003a0       0x30 /tmp/ccymXjnM.ltrans0.ltrans.o
                0x080003a0                chEvtBroadcastFlagsI
 .text.chEvtAddEvents
                0x080003d0       0x20 /tmp/ccymXjnM.ltrans0.ltrans.o
                0x080003d0                chEvtAddEvents
 .text.chEvtUnregister
                0x080003f0       0x20 /tmp/ccymXjnM.ltrans0.ltrans.o
                0x080003f0                chEvtUnregister
 .text.chThdYield
                0x08000410       0x50 /tmp/ccymXjnM.ltrans0.ltrans.o
                0x08000410                chThdYield
 .text.chThdCreateSuspendedI
                0x08000460       0x70 /tmp/ccymXjnM.ltrans0.ltrans.o
                0x08000460                chThdCreateSuspendedI
 .text.chSchDoReschedule
                0x080004d0       0x40 /tmp/ccymXjnM.ltrans0.ltrans.o
                0x080004d0                chSchDoReschedule
 .text.chSchRescheduleS
                0x08000510       0x50 /tmp/ccymXjnM.ltrans0.ltrans.o
                0x08000510                chSchRescheduleS
 .text.chThdSetPriority
                0x08000560       0x30 /tmp/ccymXjnM.ltrans0.ltrans.o
                0x08000560                chThdSetPriority
 .text.chSchWakeupS
                0x08000590       0x60 /tmp/ccymXjnM.ltrans0.ltrans.o
                0x08000590                chSchWakeupS
 .text.chSemSignal
                0x080005f0       0x30 /tmp/ccymXjnM.ltrans0.ltrans.o
                0x080005f0                chSemSignal
 .text.chSchGoSleepS
                0x08000620       0x30 /tmp/ccymXjnM.ltrans0.ltrans.o
                0x08000620                chSchGoSleepS
 .text.chSemWait
                0x08000650       0x40 /tmp/ccymXjnM.ltrans0.ltrans.o
                0x08000650                chSemWait
 .text.chSchReadyI
                0x08000690       0x30 /tmp/ccymXjnM.ltrans0.ltrans.o
                0x08000690                chSchReadyI
 .text.chMtxUnlockS
                0x080006c0       0x50 /tmp/ccymXjnM.ltrans0.ltrans.o
                0x080006c0                chMtxUnlockS
 .text.chMtxUnlock
                0x08000710       0x60 /tmp/ccymXjnM.ltrans0.ltrans.o
                0x08000710                chMtxUnlock
 .text.chMtxLockS
                0x08000770       0xd0 /tmp/ccymXjnM.ltrans0.ltrans.o
                0x08000770                chMtxLockS
 .text.chMtxLock
                0x08000840       0x10 /tmp/ccymXjnM.ltrans0.ltrans.o
                0x08000840                chMtxLock
 .text.chThdRelease
                0x08000850       0xd0 /tmp/ccymXjnM.ltrans0.ltrans.o
                0x08000850                chThdRelease
 .text.chThdWait
                0x08000920       0x30 /tmp/ccymXjnM.ltrans0.ltrans.o
                0x08000920                chThdWait
 .text.chSemSignalI
                0x08000950       0x30 /tmp/ccymXjnM.ltrans0.ltrans.o
                0x08000950                chSemSignalI
 .text.chSemReset
                0x08000980       0x30 /tmp/ccymXjnM.ltrans0.ltrans.o
                0x08000980                chSemReset
 .text.chThdExit
                0x080009b0       0x50 /tmp/ccymXjnM.ltrans0.ltrans.o
                0x080009b0                chThdExit
 .text.serve_interrupt
                0x08000a00      0x190 /tmp/ccymXjnM.ltrans0.ltrans.o
 .text.chVTDoResetI
                0x08000b90       0x80 /tmp/ccymXjnM.ltrans0.ltrans.o
                0x08000b90                chVTDoResetI
 .text.chVTDoSetI
                0x08000c10       0x90 /tmp/ccymXjnM.ltrans0.ltrans.o
                0x08000c10                chVTDoSetI
 .text.chSchGoSleepTimeoutS
                0x08000ca0       0x40 /tmp/ccymXjnM.ltrans0.ltrans.o
                0x08000ca0                chSchGoSleepTimeoutS
 .text.chThdEnqueueTimeoutS
                0x08000ce0       0x30 /tmp/ccymXjnM.ltrans0.ltrans.o
 .text.oqWriteTimeout
                0x08000d10       0xc0 /tmp/ccymXjnM.ltrans0.ltrans.o
 .text._writet.lto_priv.70
                0x08000dd0       0x10 /tmp/ccymXjnM.ltrans0.ltrans.o
                0x08000dd0                _writet.lto_priv.70
 .text._write.lto_priv.64
                0x08000de0       0x10 /tmp/ccymXjnM.ltrans0.ltrans.o
                0x08000de0                _write.lto_priv.64
 .text.oqPutTimeout
                0x08000df0       0x50 /tmp/ccymXjnM.ltrans0.ltrans.o
 .text._putt.lto_priv.68
                0x08000e40       0x10 /tmp/ccymXjnM.ltrans0.ltrans.o
                0x08000e40                _putt.lto_priv.68
 .text._put.lto_priv.66
                0x08000e50       0x10 /tmp/ccymXjnM.ltrans0.ltrans.o
                0x08000e50                _put.lto_priv.66
 .text.iqReadTimeout
                0x08000e60       0xc0 /tmp/ccymXjnM.ltrans0.ltrans.o
 .text._readt.lto_priv.71
                0x08000f20       0x10 /tmp/ccymXjnM.ltrans0.ltrans.o
                0x08000f20                _readt.lto_priv.71
 .text._read.lto_priv.65
                0x08000f30       0x10 /tmp/ccymXjnM.ltrans0.ltrans.o
                0x08000f30                _read.lto_priv.65
 .text.iqGetTimeout
                0x08000f40       0x50 /tmp/ccymXjnM.ltrans0.ltrans.o
 .text._gett.lto_priv.69
                0x08000f90       0x10 /tmp/ccymXjnM.ltrans0.ltrans.o
                0x08000f90                _gett.lto_priv.69
 .text._get.lto_priv.67
                0x08000fa0       0x10 /tmp/ccymXjnM.ltrans0.ltrans.o
                0x08000fa0                _get.lto_priv.67
 .text.chThdSleep
                0x08000fb0       0x10 /tmp/ccymXjnM.ltrans0.ltrans.o
                0x08000fb0                chThdSleep
 .text.chSysRestoreStatusX.part.2.lto_priv.154
                0x08000fc0       0x20 /tmp/ccymXjnM.ltrans0.ltrans.o
                0x08000fc0                chSysRestoreStatusX.part.2.lto_priv.154
 .text.chSysGetStatusAndLockX
                0x08000fe0       0x10 /tmp/ccymXjnM.ltrans0.ltrans.o
                0x08000fe0                chSysGetStatusAndLockX
 .text.chSysIntegrityCheckI
                0x08000ff0       0xb0 /tmp/ccymXjnM.ltrans0.ltrans.o
                0x08000ff0                chSysIntegrityCheckI
 .text.__early_init
                0x080010a0      0x160 /tmp/ccymXjnM.ltrans0.ltrans.o
                0x080010a0                __early_init
 .text.VectorB0
                0x08001200       0x20 /tmp/ccymXjnM.ltrans0.ltrans.o
                0x08001200                VectorB0
 .text.VectorAC
                0x08001220       0x20 /tmp/ccymXjnM.ltrans0.ltrans.o
                0x08001220                VectorAC
 .text.Vector7C
                0x08001240       0xb0 /tmp/ccymXjnM.ltrans0.ltrans.o
                0x08001240                Vector7C
 .text.__init_ram_areas
                0x080012f0       0x50 /tmp/ccymXjnM.ltrans0.ltrans.o
                0x080012f0                __init_ram_areas
 .text.__default_exit
                0x08001340       0x10 /tmp/ccymXjnM.ltrans0.ltrans.o
                0x08001340                __default_exit
 .text.__late_init
                0x08001350       0x10 /tmp/ccymXjnM.ltrans0.ltrans.o
                0x08001350                __late_init
 .text.__core_init
                0x08001360       0x10 /tmp/ccymXjnM.ltrans0.ltrans.o
                0x08001360                __core_init
 .text.rt_test_005_005_setup.lto_priv.95
                0x08001370       0x10 /tmp/ccymXjnM.ltrans1.ltrans.o
                0x08001370                rt_test_005_005_setup.lto_priv.95
 .text.rt_test_005_004_setup.lto_priv.93
                0x08001380       0x10 /tmp/ccymXjnM.ltrans1.ltrans.o
                0x08001380                rt_test_005_004_setup.lto_priv.93
 .text.rt_test_005_003_setup.lto_priv.91
                0x08001390       0x10 /tmp/ccymXjnM.ltrans1.ltrans.o
                0x08001390                rt_test_005_003_setup.lto_priv.91
 .text.rt_test_005_002_setup.lto_priv.89
                0x080013a0       0x10 /tmp/ccymXjnM.ltrans1.ltrans.o
                0x080013a0                rt_test_005_002_setup.lto_priv.89
 .text.rt_test_005_001_setup.lto_priv.86
                0x080013b0       0x10 /tmp/ccymXjnM.ltrans1.ltrans.o
                0x080013b0                rt_test_005_001_setup.lto_priv.86
 .text.rt_test_004_001_setup.lto_priv.84
                0x080013c0       0x10 /tmp/ccymXjnM.ltrans1.ltrans.o
                0x080013c0                rt_test_004_001_setup.lto_priv.84
 .text.rt_test_002_004_execute.lto_priv.79
                0x080013d0       0x20 /tmp/ccymXjnM.ltrans1.ltrans.o
                0x080013d0                rt_test_002_004_execute.lto_priv.79
 .text.rt_test_005_001_teardown.lto_priv.87
                0x080013f0       0x10 /tmp/ccymXjnM.ltrans1.ltrans.o
                0x080013f0                rt_test_005_001_teardown.lto_priv.87
 .text.rt_test_005_006_execute.lto_priv.99
                0x08001400      0x160 /tmp/ccymXjnM.ltrans1.ltrans.o
                0x08001400                rt_test_005_006_execute.lto_priv.99
 .text.thread4  0x08001560       0x20 /tmp/ccymXjnM.ltrans1.ltrans.o
 .text.rt_test_005_006_teardown.lto_priv.98
                0x08001580       0x10 /tmp/ccymXjnM.ltrans1.ltrans.o
                0x08001580                rt_test_005_006_teardown.lto_priv.98
 .text.rt_test_005_005_teardown.lto_priv.96
                0x08001590       0x10 /tmp/ccymXjnM.ltrans1.ltrans.o
                0x08001590                rt_test_005_005_teardown.lto_priv.96
 .text.rt_test_005_005_execute.lto_priv.97
                0x080015a0       0xa0 /tmp/ccymXjnM.ltrans1.ltrans.o
                0x080015a0                rt_test_005_005_execute.lto_priv.97
 .text.thread3  0x08001640       0x20 /tmp/ccymXjnM.ltrans1.ltrans.o
 .text.rt_test_005_001_execute.lto_priv.88
                0x08001660       0x90 /tmp/ccymXjnM.ltrans1.ltrans.o
                0x08001660                rt_test_005_001_execute.lto_priv.88
 .text.thread1.lto_priv.152
                0x080016f0       0x20 /tmp/ccymXjnM.ltrans1.ltrans.o
 .text.thread   0x08001710       0x10 /tmp/ccymXjnM.ltrans1.ltrans.o
 .text.rt_test_005_002_execute.lto_priv.90
                0x08001720       0xf0 /tmp/ccymXjnM.ltrans1.ltrans.o
                0x08001720                rt_test_005_002_execute.lto_priv.90
 .text.rt_test_003_002_execute.lto_priv.81
                0x08001810      0x1c0 /tmp/ccymXjnM.ltrans1.ltrans.o
                0x08001810                rt_test_003_002_execute.lto_priv.81
 .text.rt_test_005_004_execute.lto_priv.94
                0x080019d0       0xa0 /tmp/ccymXjnM.ltrans1.ltrans.o
                0x080019d0                rt_test_005_004_execute.lto_priv.94
 .text.thread1.lto_priv.151
                0x08001a70       0x30 /tmp/ccymXjnM.ltrans1.ltrans.o
 .text.thread2  0x08001aa0       0x40 /tmp/ccymXjnM.ltrans1.ltrans.o
 .text.rt_test_003_001_execute.lto_priv.80
                0x08001ae0       0xc0 /tmp/ccymXjnM.ltrans1.ltrans.o
                0x08001ae0                rt_test_003_001_execute.lto_priv.80
 .text.rt_test_005_003_execute.lto_priv.92
                0x08001ba0      0x170 /tmp/ccymXjnM.ltrans1.ltrans.o
                0x08001ba0                rt_test_005_003_execute.lto_priv.92
 .text.rt_test_004_001_execute.lto_priv.85
                0x08001d10       0xf0 /tmp/ccymXjnM.ltrans1.ltrans.o
                0x08001d10                rt_test_004_001_execute.lto_priv.85
 .text.rt_test_003_004_execute.lto_priv.83
                0x08001e00       0xf0 /tmp/ccymXjnM.ltrans1.ltrans.o
                0x08001e00                rt_test_003_004_execute.lto_priv.83
 .text.rt_test_003_003_execute.lto_priv.82
                0x08001ef0       0xa0 /tmp/ccymXjnM.ltrans1.ltrans.o
                0x08001ef0                rt_test_003_003_execute.lto_priv.82
 .text.rt_test_010_007_setup.lto_priv.137
                0x08001f90       0x10 /tmp/ccymXjnM.ltrans2.ltrans.o
                0x08001f90                rt_test_010_007_setup.lto_priv.137
 .text.tmo.lto_priv.61
                0x08001fa0       0x10 /tmp/ccymXjnM.ltrans2.ltrans.o
                0x08001fa0                tmo.lto_priv.61
 .text.rt_test_009_002_setup.lto_priv.129
                0x08001fb0       0x20 /tmp/ccymXjnM.ltrans2.ltrans.o
                0x08001fb0                rt_test_009_002_setup.lto_priv.129
 .text.rt_test_009_001_setup.lto_priv.127
                0x08001fd0       0x40 /tmp/ccymXjnM.ltrans2.ltrans.o
                0x08001fd0                rt_test_009_001_setup.lto_priv.127
 .text.rt_test_010_007_execute.lto_priv.138
                0x08002010      0x120 /tmp/ccymXjnM.ltrans2.ltrans.o
                0x08002010                rt_test_010_007_execute.lto_priv.138
 .text.bmk_thread7
                0x08002130       0x30 /tmp/ccymXjnM.ltrans2.ltrans.o
 .text.rt_test_010_006_execute.lto_priv.136
                0x08002160       0x90 /tmp/ccymXjnM.ltrans2.ltrans.o
                0x08002160                rt_test_010_006_execute.lto_priv.136
 .text.rt_test_010_005_execute.lto_priv.135
                0x080021f0       0x90 /tmp/ccymXjnM.ltrans2.ltrans.o
                0x080021f0                rt_test_010_005_execute.lto_priv.135
 .text.rt_test_010_004_execute.lto_priv.134
                0x08002280       0xd0 /tmp/ccymXjnM.ltrans2.ltrans.o
                0x08002280                rt_test_010_004_execute.lto_priv.134
 .text.bmk_thread4
                0x08002350       0x20 /tmp/ccymXjnM.ltrans2.ltrans.o
 .text.bmk_thread1
                0x08002370       0x20 /tmp/ccymXjnM.ltrans2.ltrans.o
 .text.bmk_thread8.lto_priv.62
                0x08002390       0x30 /tmp/ccymXjnM.ltrans2.ltrans.o
                0x08002390                bmk_thread8.lto_priv.62
 .text.msg_loop_test
                0x080023c0       0x40 /tmp/ccymXjnM.ltrans2.ltrans.o
 .text.rt_test_010_003_execute.lto_priv.133
                0x08002400       0xe0 /tmp/ccymXjnM.ltrans2.ltrans.o
                0x08002400                rt_test_010_003_execute.lto_priv.133
 .text.rt_test_010_002_execute.lto_priv.132
                0x080024e0       0x70 /tmp/ccymXjnM.ltrans2.ltrans.o
                0x080024e0                rt_test_010_002_execute.lto_priv.132
 .text.rt_test_010_001_execute.lto_priv.131
                0x08002550       0x70 /tmp/ccymXjnM.ltrans2.ltrans.o
                0x08002550                rt_test_010_001_execute.lto_priv.131
 .text.rt_test_009_002_execute.lto_priv.130
                0x080025c0      0x140 /tmp/ccymXjnM.ltrans2.ltrans.o
                0x080025c0                rt_test_009_002_execute.lto_priv.130
 .text.dyn_thread1.lto_priv.52
                0x08002700       0x10 /tmp/ccymXjnM.ltrans2.ltrans.o
                0x08002700                dyn_thread1.lto_priv.52
 .text.rt_test_009_001_execute.lto_priv.128
                0x08002710      0x1c0 /tmp/ccymXjnM.ltrans2.ltrans.o
                0x08002710                rt_test_009_001_execute.lto_priv.128
 .text.rt_test_008_007_setup.lto_priv.125
                0x080028d0       0x20 /tmp/ccymXjnM.ltrans2.ltrans.o
                0x080028d0                rt_test_008_007_setup.lto_priv.125
 .text.rt_test_008_006_setup.lto_priv.123
                0x080028f0       0x10 /tmp/ccymXjnM.ltrans2.ltrans.o
                0x080028f0                rt_test_008_006_setup.lto_priv.123
 .text.rt_test_008_005_setup.lto_priv.121
                0x08002900       0x10 /tmp/ccymXjnM.ltrans2.ltrans.o
                0x08002900                rt_test_008_005_setup.lto_priv.121
 .text.rt_test_008_007_execute.lto_priv.126
                0x08002910      0x120 /tmp/ccymXjnM.ltrans2.ltrans.o
                0x08002910                rt_test_008_007_execute.lto_priv.126
 .text.rt_test_008_006_execute.lto_priv.124
                0x08002a30      0x140 /tmp/ccymXjnM.ltrans2.ltrans.o
                0x08002a30                rt_test_008_006_execute.lto_priv.124
 .text.rt_test_008_005_execute.lto_priv.122
                0x08002b70       0xe0 /tmp/ccymXjnM.ltrans2.ltrans.o
                0x08002b70                rt_test_008_005_execute.lto_priv.122
 .text.bmk_thread3
                0x08002c50       0x10 /tmp/ccymXjnM.ltrans2.ltrans.o
 .text.rt_test_010_011_setup
                0x08002c60       0x10 /tmp/ccymXjnM.ltrans3.ltrans.o
 .text.rt_test_010_010_setup
                0x08002c70       0x10 /tmp/ccymXjnM.ltrans3.ltrans.o
 .text.Thread1  0x08002c80       0x30 /tmp/ccymXjnM.ltrans3.ltrans.o
 .text.rt_test_010_012_execute
                0x08002cb0      0x100 /tmp/ccymXjnM.ltrans3.ltrans.o
 .text.rt_test_010_011_execute
                0x08002db0       0xa0 /tmp/ccymXjnM.ltrans3.ltrans.o
 .text.rt_test_010_010_execute
                0x08002e50       0xa0 /tmp/ccymXjnM.ltrans3.ltrans.o
 .text.rt_test_010_009_execute
                0x08002ef0       0xb0 /tmp/ccymXjnM.ltrans3.ltrans.o
 .text.rt_test_010_008_execute
                0x08002fa0       0xe0 /tmp/ccymXjnM.ltrans3.ltrans.o
 .text.startup.main
                0x08003080      0x730 /tmp/ccymXjnM.ltrans3.ltrans.o
                0x08003080                main
 .text.rt_test_002_003_execute.lto_priv.78
                0x080037b0       0x20 /tmp/ccymXjnM.ltrans4.ltrans.o
                0x080037b0                rt_test_002_003_execute.lto_priv.78
 .text.test_printn.part.0
                0x080037d0       0x20 /tmp/ccymXjnM.ltrans4.ltrans.o
 .text.chCoreAllocAlignedI.lto_priv.57
                0x080037f0       0x30 /tmp/ccymXjnM.ltrans4.ltrans.o
                0x080037f0                chCoreAllocAlignedI.lto_priv.57
 .text.chCoreAllocAlignedWithOffset
                0x08003820       0x40 /tmp/ccymXjnM.ltrans4.ltrans.o
                0x08003820                chCoreAllocAlignedWithOffset
 .text.vtcb     0x08003860       0x20 /tmp/ccymXjnM.ltrans4.ltrans.o
 .text.test_printn
                0x08003880       0x60 /tmp/ccymXjnM.ltrans4.ltrans.o
                0x08003880                test_printn
 .text.test_wait_tick
                0x080038e0       0x20 /tmp/ccymXjnM.ltrans4.ltrans.o
                0x080038e0                test_wait_tick
 .text.test_wait_threads
                0x08003900       0x30 /tmp/ccymXjnM.ltrans4.ltrans.o
                0x08003900                test_wait_threads
 .text.test_terminate_threads
                0x08003930       0x30 /tmp/ccymXjnM.ltrans4.ltrans.o
                0x08003930                test_terminate_threads
 .text.test_emit_token
                0x08003960       0x20 /tmp/ccymXjnM.ltrans4.ltrans.o
                0x08003960                test_emit_token
 .text.test_println
                0x08003980       0x40 /tmp/ccymXjnM.ltrans4.ltrans.o
                0x08003980                test_println
 .text.test_print
                0x080039c0       0x30 /tmp/ccymXjnM.ltrans4.ltrans.o
                0x080039c0                test_print
 .text.rt_test_001_003_execute.lto_priv.75
                0x080039f0      0x3d0 /tmp/ccymXjnM.ltrans4.ltrans.o
                0x080039f0                rt_test_001_003_execute.lto_priv.75
 .text.rt_test_001_002_execute.lto_priv.74
                0x08003dc0       0x90 /tmp/ccymXjnM.ltrans4.ltrans.o
                0x08003dc0                rt_test_001_002_execute.lto_priv.74
 .text.rt_test_001_001_execute.lto_priv.73
                0x08003e50       0xb0 /tmp/ccymXjnM.ltrans4.ltrans.o
                0x08003e50                rt_test_001_001_execute.lto_priv.73
 .text._test_assert
                0x08003f00       0x30 /tmp/ccymXjnM.ltrans4.ltrans.o
                0x08003f00                _test_assert
 .text.rt_test_002_002_execute.lto_priv.77
                0x08003f30       0xb0 /tmp/ccymXjnM.ltrans4.ltrans.o
                0x08003f30                rt_test_002_002_execute.lto_priv.77
 .text.rt_test_002_001_execute.lto_priv.76
                0x08003fe0       0x90 /tmp/ccymXjnM.ltrans4.ltrans.o
                0x08003fe0                rt_test_002_001_execute.lto_priv.76
 .text.print_line.lto_priv.139
                0x08004070       0x30 /tmp/ccymXjnM.ltrans4.ltrans.o
                0x08004070                print_line.lto_priv.139
 .text._port_irq_epilogue
                0x080040a0       0x40 /tmp/ccymXjnM.ltrans4.ltrans.o
                0x080040a0                _port_irq_epilogue
 .text.NMI_Handler
                0x080040e0       0x10 /tmp/ccymXjnM.ltrans4.ltrans.o
                0x080040e0                NMI_Handler
 .text.chMsgWait
                0x080040f0       0x40 /tmp/ccymXjnM.ltrans4.ltrans.o
                0x080040f0                chMsgWait
 .text.chMsgSend
                0x08004130       0x40 /tmp/ccymXjnM.ltrans4.ltrans.o
                0x08004130                chMsgSend
 .text.chEvtSignalI
                0x08004170       0x40 /tmp/ccymXjnM.ltrans4.ltrans.o
                0x08004170                chEvtSignalI
 .text.rt_test_006_009_setup.lto_priv.111
                0x080041b0       0x30 /tmp/ccymXjnM.ltrans5.ltrans.o
                0x080041b0                rt_test_006_009_setup.lto_priv.111
 .text.rt_test_006_008_setup.lto_priv.109
                0x080041e0       0x20 /tmp/ccymXjnM.ltrans5.ltrans.o
                0x080041e0                rt_test_006_008_setup.lto_priv.109
 .text.rt_test_006_007_setup.lto_priv.107
                0x08004200       0x20 /tmp/ccymXjnM.ltrans5.ltrans.o
                0x08004200                rt_test_006_007_setup.lto_priv.107
 .text.rt_test_006_005_setup.lto_priv.105
                0x08004220       0x10 /tmp/ccymXjnM.ltrans5.ltrans.o
                0x08004220                rt_test_006_005_setup.lto_priv.105
 .text.rt_test_006_004_setup.lto_priv.102
                0x08004230       0x20 /tmp/ccymXjnM.ltrans5.ltrans.o
                0x08004230                rt_test_006_004_setup.lto_priv.102
 .text.rt_test_006_001_setup.lto_priv.100
                0x08004250       0x10 /tmp/ccymXjnM.ltrans5.ltrans.o
                0x08004250                rt_test_006_001_setup.lto_priv.100
 .text.rt_test_008_004_setup.lto_priv.119
                0x08004260       0x10 /tmp/ccymXjnM.ltrans5.ltrans.o
                0x08004260                rt_test_008_004_setup.lto_priv.119
 .text.rt_test_008_003_setup.lto_priv.117
                0x08004270       0x10 /tmp/ccymXjnM.ltrans5.ltrans.o
                0x08004270                rt_test_008_003_setup.lto_priv.117
 .text.rt_test_008_002_setup.lto_priv.115
                0x08004280       0x10 /tmp/ccymXjnM.ltrans5.ltrans.o
                0x08004280                rt_test_008_002_setup.lto_priv.115
 .text.rt_test_008_004_execute.lto_priv.120
                0x08004290       0xd0 /tmp/ccymXjnM.ltrans5.ltrans.o
                0x08004290                rt_test_008_004_execute.lto_priv.120
 .text.rt_test_006_004_teardown.lto_priv.103
                0x08004360       0x10 /tmp/ccymXjnM.ltrans5.ltrans.o
                0x08004360                rt_test_006_004_teardown.lto_priv.103
 .text.rt_test_008_003_execute.lto_priv.118
                0x08004370      0x100 /tmp/ccymXjnM.ltrans5.ltrans.o
                0x08004370                rt_test_008_003_execute.lto_priv.118
 .text.rt_test_008_002_execute.lto_priv.116
                0x08004470       0x50 /tmp/ccymXjnM.ltrans5.ltrans.o
                0x08004470                rt_test_008_002_execute.lto_priv.116
 .text.rt_test_008_001_execute.lto_priv.114
                0x080044c0       0xc0 /tmp/ccymXjnM.ltrans5.ltrans.o
                0x080044c0                rt_test_008_001_execute.lto_priv.114
 .text.evt_thread7.lto_priv.143
                0x08004580       0x40 /tmp/ccymXjnM.ltrans5.ltrans.o
                0x08004580                evt_thread7.lto_priv.143
 .text.evt_thread3.lto_priv.144
                0x080045c0       0x20 /tmp/ccymXjnM.ltrans5.ltrans.o
                0x080045c0                evt_thread3.lto_priv.144
 .text.h3       0x080045e0       0x10 /tmp/ccymXjnM.ltrans5.ltrans.o
 .text.h2       0x080045f0       0x10 /tmp/ccymXjnM.ltrans5.ltrans.o
 .text.h1       0x08004600       0x10 /tmp/ccymXjnM.ltrans5.ltrans.o
 .text.msg_thread1
                0x08004610       0x30 /tmp/ccymXjnM.ltrans5.ltrans.o
 .text.rt_test_007_001_execute.lto_priv.113
                0x08004640       0x70 /tmp/ccymXjnM.ltrans5.ltrans.o
                0x08004640                rt_test_007_001_execute.lto_priv.113
 .text.rt_test_006_009_execute.lto_priv.112
                0x080046b0       0xa0 /tmp/ccymXjnM.ltrans5.ltrans.o
                0x080046b0                rt_test_006_009_execute.lto_priv.112
 .text.thread9  0x08004750       0x20 /tmp/ccymXjnM.ltrans5.ltrans.o
 .text.rt_test_006_004_execute.lto_priv.104
                0x08004770      0x150 /tmp/ccymXjnM.ltrans5.ltrans.o
                0x08004770                rt_test_006_004_execute.lto_priv.104
 .text.thread4A
                0x080048c0       0x20 /tmp/ccymXjnM.ltrans5.ltrans.o
 .text.rt_test_006_001_execute.lto_priv.101
                0x080048e0      0x100 /tmp/ccymXjnM.ltrans5.ltrans.o
                0x080048e0                rt_test_006_001_execute.lto_priv.101
 .text.thread1  0x080049e0       0x20 /tmp/ccymXjnM.ltrans5.ltrans.o
 .text.rt_test_006_008_execute.lto_priv.110
                0x08004a00       0xe0 /tmp/ccymXjnM.ltrans5.ltrans.o
                0x08004a00                rt_test_006_008_execute.lto_priv.110
 .text.rt_test_006_007_execute.lto_priv.108
                0x08004ae0       0xd0 /tmp/ccymXjnM.ltrans5.ltrans.o
                0x08004ae0                rt_test_006_007_execute.lto_priv.108
 .text.rt_test_006_005_execute.lto_priv.106
                0x08004bb0      0x180 /tmp/ccymXjnM.ltrans5.ltrans.o
                0x08004bb0                rt_test_006_005_execute.lto_priv.106
 .text.thread4B
                0x08004d30       0x30 /tmp/ccymXjnM.ltrans5.ltrans.o
 .text.thread8  0x08004d60       0x90 /tmp/ccymXjnM.ltrans5.ltrans.o
 .text.thread6  0x08004df0       0x70 /tmp/ccymXjnM.ltrans5.ltrans.o
 .text._pal_lld_setgroupmode.constprop.45
                0x08004e60       0xa0 /tmp/ccymXjnM.ltrans6.ltrans.o
                0x08004e60                _pal_lld_setgroupmode.constprop.45
 .text.chThdCreateStatic.constprop.40
                0x08004f00       0x90 /tmp/ccymXjnM.ltrans6.ltrans.o
                0x08004f00                chThdCreateStatic.constprop.40
 .text.chSemWaitTimeout.constprop.35
                0x08004f90       0x50 /tmp/ccymXjnM.ltrans6.ltrans.o
                0x08004f90                chSemWaitTimeout.constprop.35
 .text.chSemSignalWait.constprop.33
                0x08004fe0       0x60 /tmp/ccymXjnM.ltrans6.ltrans.o
                0x08004fe0                chSemSignalWait.constprop.33
 .text.chMtxTryLock.constprop.31
                0x08005040       0x30 /tmp/ccymXjnM.ltrans6.ltrans.o
                0x08005040                chMtxTryLock.constprop.31
 .text.chCondSignal.constprop.29
                0x08005070       0x20 /tmp/ccymXjnM.ltrans6.ltrans.o
                0x08005070                chCondSignal.constprop.29
 .text.chCondSignalI.constprop.28
                0x08005090       0x20 /tmp/ccymXjnM.ltrans6.ltrans.o
                0x08005090                chCondSignalI.constprop.28
 .text.chEvtGetAndClearEvents.constprop.20
                0x080050b0       0x20 /tmp/ccymXjnM.ltrans6.ltrans.o
                0x080050b0                chEvtGetAndClearEvents.constprop.20
 .text.chEvtWaitOne.constprop.16
                0x080050d0       0x30 /tmp/ccymXjnM.ltrans6.ltrans.o
                0x080050d0                chEvtWaitOne.constprop.16
 .text.chEvtWaitAny.constprop.15
                0x08005100       0x30 /tmp/ccymXjnM.ltrans6.ltrans.o
                0x08005100                chEvtWaitAny.constprop.15
 .text.chEvtWaitAll.constprop.14
                0x08005130       0x30 /tmp/ccymXjnM.ltrans6.ltrans.o
                0x08005130                chEvtWaitAll.constprop.14
 .text.chThdCreateFromHeap.constprop.9
                0x08005160      0x140 /tmp/ccymXjnM.ltrans6.ltrans.o
                0x08005160                chThdCreateFromHeap.constprop.9
 .text.chPoolAlloc.constprop.8
                0x080052a0       0x30 /tmp/ccymXjnM.ltrans6.ltrans.o
                0x080052a0                chPoolAlloc.constprop.8
 .text.chThdCreateFromMemoryPool.constprop.7
                0x080052d0       0x60 /tmp/ccymXjnM.ltrans6.ltrans.o
                0x080052d0                chThdCreateFromMemoryPool.constprop.7
 .text._test_assert_sequence.constprop.3
                0x08005330       0x60 /tmp/ccymXjnM.ltrans6.ltrans.o
                0x08005330                _test_assert_sequence.constprop.3
 .text._test_assert_time_window.constprop.2
                0x08005390       0x40 /tmp/ccymXjnM.ltrans6.ltrans.o
                0x08005390                _test_assert_time_window.constprop.2
 .text.memcpy   0x080053d0       0x7c /opt/gcc-arm-none-eabi-4_9-2014q4/bin/../lib/gcc/arm-none-eabi/4.9.3/../../../../arm-none-eabi/lib/armv6-m/libg.a(lib_a-memcpy.o)
                0x080053d0                memcpy
 *(.glue_7t)
 .glue_7t       0x00000000        0x0 linker stubs
 *(.glue_7)
 .glue_7        0x00000000        0x0 linker stubs
 *(.gcc*)
                0x0800544c                __text_end = .

.vfp11_veneer   0x0800544c        0x0
 .vfp11_veneer  0x00000000        0x0 linker stubs

.v4_bx          0x0800544c        0x0
 .v4_bx         0x00000000        0x0 linker stubs

.iplt           0x0800544c        0x0
 .iplt          0x00000000        0x0 ./build/obj/crt0_v6m.o

.rodata         0x0800544c     0x1c98
                0x0800544c                __rodata_base__ = .
 *(.rodata)
 *(.rodata.*)
 .rodata.wakeup.lto_priv.149
                0x0800544c       0x20 /tmp/ccymXjnM.ltrans0.ltrans.o
 .rodata.ram_areas
                0x0800546c       0x80 /tmp/ccymXjnM.ltrans0.ltrans.o
 .rodata.str1.4
                0x080054ec      0x163 /tmp/ccymXjnM.ltrans1.ltrans.o
                                0x170 (size before relaxing)
 *fill*         0x0800564f        0x1 
 .rodata.str1.4
                0x08005650      0x18e /tmp/ccymXjnM.ltrans2.ltrans.o
                                0x1a4 (size before relaxing)
 *fill*         0x080057de        0x2 
 .rodata.rt_test_008_001
                0x080057e0       0x10 /tmp/ccymXjnM.ltrans3.ltrans.o
 .rodata.rt_test_008_002
                0x080057f0       0x10 /tmp/ccymXjnM.ltrans3.ltrans.o
 .rodata.rt_test_008_003
                0x08005800       0x10 /tmp/ccymXjnM.ltrans3.ltrans.o
 .rodata.rt_test_008_004
                0x08005810       0x10 /tmp/ccymXjnM.ltrans3.ltrans.o
 .rodata.rt_test_008_005
                0x08005820       0x10 /tmp/ccymXjnM.ltrans3.ltrans.o
 .rodata.rt_test_008_006
                0x08005830       0x10 /tmp/ccymXjnM.ltrans3.ltrans.o
 .rodata.rt_test_004_001
                0x08005840       0x10 /tmp/ccymXjnM.ltrans3.ltrans.o
 .rodata.wa     0x08005850       0x14 /tmp/ccymXjnM.ltrans3.ltrans.o
                0x08005850                wa
 .rodata.rt_test_sequence_005
                0x08005864        0x8 /tmp/ccymXjnM.ltrans3.ltrans.o
 .rodata.rt_test_sequence_007_array
                0x0800586c        0x8 /tmp/ccymXjnM.ltrans3.ltrans.o
 .rodata.rt_test_sequence_003
                0x08005874        0x8 /tmp/ccymXjnM.ltrans3.ltrans.o
 .rodata.rt_test_sequence_004
                0x0800587c        0x8 /tmp/ccymXjnM.ltrans3.ltrans.o
 .rodata.ch_debug
                0x08005884       0x18 /tmp/ccymXjnM.ltrans3.ltrans.o
 .rodata.rt_test_sequence_006
                0x0800589c        0x8 /tmp/ccymXjnM.ltrans3.ltrans.o
 .rodata.rt_test_sequence_007
                0x080058a4        0x8 /tmp/ccymXjnM.ltrans3.ltrans.o
 .rodata.rt_test_sequence_002_array
                0x080058ac       0x14 /tmp/ccymXjnM.ltrans3.ltrans.o
 .rodata.rt_test_sequence_009
                0x080058c0        0x8 /tmp/ccymXjnM.ltrans3.ltrans.o
 .rodata.rt_test_005_002
                0x080058c8       0x10 /tmp/ccymXjnM.ltrans3.ltrans.o
 .rodata.vmt    0x080058d8       0x28 /tmp/ccymXjnM.ltrans3.ltrans.o
 .rodata.rt_test_sequence_003_array
                0x08005900       0x14 /tmp/ccymXjnM.ltrans3.ltrans.o
 .rodata.rt_test_sequence_010_array
                0x08005914       0x34 /tmp/ccymXjnM.ltrans3.ltrans.o
 .rodata.rt_test_009_001
                0x08005948       0x10 /tmp/ccymXjnM.ltrans3.ltrans.o
 .rodata.rt_test_009_002
                0x08005958       0x10 /tmp/ccymXjnM.ltrans3.ltrans.o
 .rodata.rt_test_005_001
                0x08005968       0x10 /tmp/ccymXjnM.ltrans3.ltrans.o
 .rodata.rt_test_005_003
                0x08005978       0x10 /tmp/ccymXjnM.ltrans3.ltrans.o
 .rodata.rt_test_005_004
                0x08005988       0x10 /tmp/ccymXjnM.ltrans3.ltrans.o
 .rodata.rt_test_005_006
                0x08005998       0x10 /tmp/ccymXjnM.ltrans3.ltrans.o
 .rodata.rt_test_005_005
                0x080059a8       0x10 /tmp/ccymXjnM.ltrans3.ltrans.o
 .rodata.rt_test_sequence_004_array
                0x080059b8        0x8 /tmp/ccymXjnM.ltrans3.ltrans.o
 .rodata.rt_test_006_001
                0x080059c0       0x10 /tmp/ccymXjnM.ltrans3.ltrans.o
 .rodata.rt_test_sequence_001
                0x080059d0        0x8 /tmp/ccymXjnM.ltrans3.ltrans.o
 .rodata.rt_test_006_004
                0x080059d8       0x10 /tmp/ccymXjnM.ltrans3.ltrans.o
 .rodata.rt_test_010_001
                0x080059e8       0x10 /tmp/ccymXjnM.ltrans3.ltrans.o
 .rodata.rt_test_010_002
                0x080059f8       0x10 /tmp/ccymXjnM.ltrans3.ltrans.o
 .rodata.rt_test_010_003
                0x08005a08       0x10 /tmp/ccymXjnM.ltrans3.ltrans.o
 .rodata.rt_test_010_004
                0x08005a18       0x10 /tmp/ccymXjnM.ltrans3.ltrans.o
 .rodata.rt_test_010_005
                0x08005a28       0x10 /tmp/ccymXjnM.ltrans3.ltrans.o
 .rodata.rt_test_010_006
                0x08005a38       0x10 /tmp/ccymXjnM.ltrans3.ltrans.o
 .rodata.rt_test_010_007
                0x08005a48       0x10 /tmp/ccymXjnM.ltrans3.ltrans.o
 .rodata.rt_test_010_008
                0x08005a58       0x10 /tmp/ccymXjnM.ltrans3.ltrans.o
 .rodata.rt_test_010_009
                0x08005a68       0x10 /tmp/ccymXjnM.ltrans3.ltrans.o
 .rodata.rt_test_006_007
                0x08005a78       0x10 /tmp/ccymXjnM.ltrans3.ltrans.o
 .rodata.rt_test_001_001
                0x08005a88       0x10 /tmp/ccymXjnM.ltrans3.ltrans.o
 .rodata.rt_test_001_002
                0x08005a98       0x10 /tmp/ccymXjnM.ltrans3.ltrans.o
 .rodata.rt_test_sequence_006_array
                0x08005aa8       0x1c /tmp/ccymXjnM.ltrans3.ltrans.o
 .rodata.rt_test_006_008
                0x08005ac4       0x10 /tmp/ccymXjnM.ltrans3.ltrans.o
 .rodata.rt_test_006_005
                0x08005ad4       0x10 /tmp/ccymXjnM.ltrans3.ltrans.o
 .rodata.rt_test_006_009
                0x08005ae4       0x10 /tmp/ccymXjnM.ltrans3.ltrans.o
 .rodata.rt_test_sequence_002
                0x08005af4        0x8 /tmp/ccymXjnM.ltrans3.ltrans.o
 .rodata.rt_test_002_001
                0x08005afc       0x10 /tmp/ccymXjnM.ltrans3.ltrans.o
 .rodata.rt_test_sequence_010
                0x08005b0c        0x8 /tmp/ccymXjnM.ltrans3.ltrans.o
 .rodata.rt_test_002_002
                0x08005b14       0x10 /tmp/ccymXjnM.ltrans3.ltrans.o
 .rodata.rt_test_002_004
                0x08005b24       0x10 /tmp/ccymXjnM.ltrans3.ltrans.o
 .rodata.rt_test_sequence_005_array
                0x08005b34       0x1c /tmp/ccymXjnM.ltrans3.ltrans.o
 .rodata.str1.4
                0x08005b50      0x8d1 /tmp/ccymXjnM.ltrans3.ltrans.o
                                0x8fc (size before relaxing)
 *fill*         0x08006421        0x3 
 .rodata.rt_test_sequence_008_array
                0x08006424       0x20 /tmp/ccymXjnM.ltrans3.ltrans.o
 .rodata.rt_test_002_003
                0x08006444       0x10 /tmp/ccymXjnM.ltrans3.ltrans.o
 .rodata.rt_test_007_001
                0x08006454       0x10 /tmp/ccymXjnM.ltrans3.ltrans.o
 .rodata.idle_descriptor.6109
                0x08006464       0x18 /tmp/ccymXjnM.ltrans3.ltrans.o
 .rodata.rt_test_003_001
                0x0800647c       0x10 /tmp/ccymXjnM.ltrans3.ltrans.o
 .rodata.rt_test_003_003
                0x0800648c       0x10 /tmp/ccymXjnM.ltrans3.ltrans.o
 .rodata.rt_test_003_004
                0x0800649c       0x10 /tmp/ccymXjnM.ltrans3.ltrans.o
 .rodata.rt_test_sequence_009_array
                0x080064ac        0xc /tmp/ccymXjnM.ltrans3.ltrans.o
 .rodata.rt_test_003_002
                0x080064b8       0x10 /tmp/ccymXjnM.ltrans3.ltrans.o
 .rodata.rt_test_sequence_008
                0x080064c8        0x8 /tmp/ccymXjnM.ltrans3.ltrans.o
 .rodata.rt_test_suite_array
                0x080064d0       0x2c /tmp/ccymXjnM.ltrans3.ltrans.o
 .rodata.rt_test_001_003
                0x080064fc       0x10 /tmp/ccymXjnM.ltrans3.ltrans.o
 .rodata.rt_test_010_011
                0x0800650c       0x10 /tmp/ccymXjnM.ltrans3.ltrans.o
 .rodata.rt_test_010_012
                0x0800651c       0x10 /tmp/ccymXjnM.ltrans3.ltrans.o
 .rodata.rt_test_010_010
                0x0800652c       0x10 /tmp/ccymXjnM.ltrans3.ltrans.o
 .rodata.rt_test_008_007
                0x0800653c       0x10 /tmp/ccymXjnM.ltrans3.ltrans.o
 .rodata.rt_test_sequence_001_array
                0x0800654c       0x10 /tmp/ccymXjnM.ltrans3.ltrans.o
 .rodata.str1.4
                0x0800655c      0xad4 /tmp/ccymXjnM.ltrans4.ltrans.o
                                0xadc (size before relaxing)
 .rodata.str1.4
                0x08007030       0x78 /tmp/ccymXjnM.ltrans5.ltrans.o
                                 0xe0 (size before relaxing)
 .rodata.evhndl
                0x080070a8        0xc /tmp/ccymXjnM.ltrans5.ltrans.o
 .rodata.str1.4
                0x080070b4       0x30 /tmp/ccymXjnM.ltrans6.ltrans.o
                0x080070e4                . = ALIGN (0x4)
                0x080070e4                __rodata_end__ = .

.rel.dyn        0x080070e4        0x0
 .rel.iplt      0x00000000        0x0 ./build/obj/crt0_v6m.o

.ARM.extab
 *(.ARM.extab* .gnu.linkonce.armextab.*)

.ARM.exidx      0x080070e4        0x0
                0x080070e4                __exidx_start = .
 *(.ARM.exidx* .gnu.linkonce.armexidx.*)
                0x080070e4                __exidx_end = .

.eh_frame_hdr
 *(.eh_frame_hdr)

.eh_frame
 *(.eh_frame)

.data           0x20000400       0x30 load address 0x080070e4
                0x080070e4                PROVIDE (_textdata, LOADADDR (.data))
                0x20000400                PROVIDE (_data, .)
                0x080070e4                _textdata_start = LOADADDR (.data)
                0x20000400                _data_start = .
 *(.data)
 *(.data.*)
 .data.es2.lto_priv.146
                0x20000400        0x4 /tmp/ccymXjnM.ltrans2.ltrans.o
                0x20000400                es2.lto_priv.146
 .data.es1.lto_priv.145
                0x20000404        0x4 /tmp/ccymXjnM.ltrans2.ltrans.o
                0x20000404                es1.lto_priv.145
 .data.m2       0x20000408       0x10 /tmp/ccymXjnM.ltrans5.ltrans.o
 .data.m1.lto_priv.148
                0x20000418       0x10 /tmp/ccymXjnM.ltrans6.ltrans.o
                0x20000418                m1.lto_priv.148
 .data.c1.lto_priv.147
                0x20000428        0x8 /tmp/ccymXjnM.ltrans6.ltrans.o
                0x20000428                c1.lto_priv.147
 *(.ramtext)
                0x20000430                . = ALIGN (0x4)
                0x20000430                PROVIDE (_edata, .)
                0x20000430                _data_end = .

.igot.plt       0x20000430        0x0 load address 0x08007114
 .igot.plt      0x00000000        0x0 ./build/obj/crt0_v6m.o

.bss            0x20000430      0xb2c load address 0x08007114
                0x20000430                _bss_start = .
 *(.bss)
 *(.bss.*)
 .bss.tr1       0x20000430        0x4 /tmp/ccymXjnM.ltrans1.ltrans.o
 .bss.ch_memcore
                0x20000434        0x8 /tmp/ccymXjnM.ltrans3.ltrans.o
                0x20000434                ch_memcore
 *fill*         0x2000043c        0x4 
 .bss.waThread1
                0x20000440      0x148 /tmp/ccymXjnM.ltrans3.ltrans.o
 .bss.vt1.6942  0x20000588       0x14 /tmp/ccymXjnM.ltrans3.ltrans.o
 .bss.sd_in_buf1
                0x2000059c       0x10 /tmp/ccymXjnM.ltrans3.ltrans.o
 .bss.sd_in_buf2
                0x200005ac       0x10 /tmp/ccymXjnM.ltrans3.ltrans.o
 .bss.ch_factory
                0x200005bc       0x48 /tmp/ccymXjnM.ltrans3.ltrans.o
 .bss.sd_out_buf1
                0x20000604       0x10 /tmp/ccymXjnM.ltrans3.ltrans.o
 .bss.sd_out_buf2
                0x20000614       0x10 /tmp/ccymXjnM.ltrans3.ltrans.o
 .bss.SD1       0x20000624       0x60 /tmp/ccymXjnM.ltrans3.ltrans.o
                0x20000624                SD1
 .bss.SD2       0x20000684       0x60 /tmp/ccymXjnM.ltrans3.ltrans.o
                0x20000684                SD2
 .bss.test_chp.lto_priv.153
                0x200006e4        0x4 /tmp/ccymXjnM.ltrans3.ltrans.o
                0x200006e4                test_chp.lto_priv.153
 .bss.test_buffer
                0x200006e8      0x668 /tmp/ccymXjnM.ltrans3.ltrans.o
                0x200006e8                test_buffer
 .bss.vt2.6943  0x20000d50       0x14 /tmp/ccymXjnM.ltrans3.ltrans.o
 .bss.test_step
                0x20000d64        0x4 /tmp/ccymXjnM.ltrans3.ltrans.o
                0x20000d64                test_step
 .bss.threads   0x20000d68       0x14 /tmp/ccymXjnM.ltrans3.ltrans.o
                0x20000d68                threads
 *fill*         0x20000d7c        0x4 
 .bss.ch_idle_thread_wa
                0x20000d80       0xd8 /tmp/ccymXjnM.ltrans3.ltrans.o
 .bss.mtx1      0x20000e58       0x10 /tmp/ccymXjnM.ltrans3.ltrans.o
 .bss.sem1.lto_priv.140
                0x20000e68        0xc /tmp/ccymXjnM.ltrans3.ltrans.o
                0x20000e68                sem1.lto_priv.140
 .bss.sem1.lto_priv.150
                0x20000e74        0xc /tmp/ccymXjnM.ltrans6.ltrans.o
                0x20000e74                sem1.lto_priv.150
 .bss.test_failure_message.lto_priv.54
                0x20000e80        0x4 /tmp/ccymXjnM.ltrans6.ltrans.o
                0x20000e80                test_failure_message.lto_priv.54
 .bss.ch        0x20000e84       0x74 /tmp/ccymXjnM.ltrans6.ltrans.o
                0x20000e84                ch
 .bss.test_local_fail.lto_priv.53
                0x20000ef8        0x1 /tmp/ccymXjnM.ltrans6.ltrans.o
                0x20000ef8                test_local_fail.lto_priv.53
 *fill*         0x20000ef9        0x3 
 .bss.test_tokp.lto_priv.55
                0x20000efc        0x4 /tmp/ccymXjnM.ltrans6.ltrans.o
                0x20000efc                test_tokp.lto_priv.55
 .bss.mp1.lto_priv.141
                0x20000f00       0x10 /tmp/ccymXjnM.ltrans6.ltrans.o
                0x20000f00                mp1.lto_priv.141
 .bss.default_heap.lto_priv.58
                0x20000f10       0x1c /tmp/ccymXjnM.ltrans6.ltrans.o
                0x20000f10                default_heap.lto_priv.58
 .bss.test_tokens_buffer.lto_priv.56
                0x20000f2c       0x10 /tmp/ccymXjnM.ltrans6.ltrans.o
                0x20000f2c                test_tokens_buffer.lto_priv.56
 .bss.heap1.lto_priv.142
                0x20000f3c       0x1c /tmp/ccymXjnM.ltrans6.ltrans.o
                0x20000f3c                heap1.lto_priv.142
 .bss.test_global_fail
                0x20000f58        0x1 /tmp/ccymXjnM.ltrans6.ltrans.o
                0x20000f58                test_global_fail
 *(COMMON)
                0x20000f5c                . = ALIGN (0x4)
 *fill*         0x20000f59        0x3 
                0x20000f5c                _bss_end = .
                0x20000f5c                PROVIDE (end, .)
                0x20000000                __ram0_start__ = ORIGIN (ram0)
                0x00001800                __ram0_size__ = 0x1800
                0x20001800                __ram0_end__ = (__ram0_start__ + __ram0_size__)
                0x00000000                __ram1_start__ = ORIGIN (ram1)
                0x00000000                __ram1_size__ = 0x0
                0x00000000                __ram1_end__ = (__ram1_start__ + __ram1_size__)
                0x00000000                __ram2_start__ = ORIGIN (ram2)
                0x00000000                __ram2_size__ = 0x0
                0x00000000                __ram2_end__ = (__ram2_start__ + __ram2_size__)
                0x00000000                __ram3_start__ = ORIGIN (ram3)
                0x00000000                __ram3_size__ = 0x0
                0x00000000                __ram3_end__ = (__ram3_start__ + __ram3_size__)
                0x00000000                __ram4_start__ = ORIGIN (ram4)
                0x00000000                __ram4_size__ = 0x0
                0x00000000                __ram4_end__ = (__ram4_start__ + __ram4_size__)
                0x00000000                __ram5_start__ = ORIGIN (ram5)
                0x00000000                __ram5_size__ = 0x0
                0x00000000                __ram5_end__ = (__ram5_start__ + __ram5_size__)
                0x00000000                __ram6_start__ = ORIGIN (ram6)
                0x00000000                __ram6_size__ = 0x0
                0x00000000                __ram6_end__ = (__ram6_start__ + __ram6_size__)
                0x00000000                __ram7_start__ = ORIGIN (ram7)
                0x00000000                __ram7_size__ = 0x0
                0x00000000                __ram7_end__ = (__ram7_start__ + __ram7_size__)
                0x08000000                __flash0_start__ = ORIGIN (flash0)
                0x00008000                __flash0_size__ = 0x8000
                0x08008000                __flash0_end__ = (__flash0_start__ + __flash0_size__)
                0x00000000                __flash1_start__ = ORIGIN (flash1)
                0x00000000                __flash1_size__ = 0x0
                0x00000000                __flash1_end__ = (__flash1_start__ + __flash1_size__)
                0x00000000                __flash2_start__ = ORIGIN (flash2)
                0x00000000                __flash2_size__ = 0x0
                0x00000000                __flash2_end__ = (__flash2_start__ + __flash2_size__)
                0x00000000                __flash3_start__ = ORIGIN (flash3)
                0x00000000                __flash3_size__ = 0x0
                0x00000000                __flash3_end__ = (__flash3_start__ + __flash3_size__)
                0x00000000                __flash4_start__ = ORIGIN (flash4)
                0x00000000                __flash4_size__ = 0x0
                0x00000000                __flash4_end__ = (__flash4_start__ + __flash4_size__)
                0x00000000                __flash5_start__ = ORIGIN (flash5)
                0x00000000                __flash5_size__ = 0x0
                0x00000000                __flash5_end__ = (__flash5_start__ + __flash5_size__)
                0x00000000                __flash6_start__ = ORIGIN (flash6)
                0x00000000                __flash6_size__ = 0x0
                0x00000000                __flash6_end__ = (__flash6_start__ + __flash6_size__)
                0x00000000                __flash7_start__ = ORIGIN (flash7)
                0x00000000                __flash7_size__ = 0x0
                0x00000000                __flash7_end__ = (__flash7_start__ + __flash7_size__)

.ram0_init      0x20000f5c        0x0 load address 0x08007114
                0x08007114                __ram0_init_text__ = LOADADDR (.ram0_init)
                0x20000f5c                __ram0_init__ = .
 *(.ram0_init)
 *(.ram0_init.*)
                0x20000f5c                . = ALIGN (0x4)

.ram0           0x20000f5c        0x0 load address 0x08007114
                0x20000f5c                __ram0_clear__ = .
 *(.ram0_clear)
 *(.ram0_clear.*)
                0x20000f5c                . = ALIGN (0x4)
                0x20000f5c                __ram0_noinit__ = .
 *(.ram0)
 *(.ram0.*)
                0x20000f5c                . = ALIGN (0x4)
                0x20000f5c                __ram0_free__ = .

.ram1_init      0x00000000        0x0 load address 0x08007114
                0x08007114                __ram1_init_text__ = LOADADDR (.ram1_init)
                0x00000000                __ram1_init__ = .
 *(.ram1_init)
 *(.ram1_init.*)
                0x00000000                . = ALIGN (0x4)

.ram1           0x00000000        0x0 load address 0x08007114
                0x00000000                __ram1_clear__ = .
 *(.ram1_clear)
 *(.ram1_clear.*)
                0x00000000                . = ALIGN (0x4)
                0x00000000                __ram1_noinit__ = .
 *(.ram1)
 *(.ram1.*)
                0x00000000                . = ALIGN (0x4)
                0x00000000                __ram1_free__ = .

.ram2_init      0x00000000        0x0 load address 0x08007114
                0x08007114                __ram2_init_text__ = LOADADDR (.ram2_init)
                0x00000000                __ram2_init__ = .
 *(.ram2_init)
 *(.ram2_init.*)
                0x00000000                . = ALIGN (0x4)

.ram2           0x00000000        0x0 load address 0x08007114
                0x00000000                __ram2_clear__ = .
 *(.ram2_clear)
 *(.ram2_clear.*)
                0x00000000                . = ALIGN (0x4)
                0x00000000                __ram2_noinit__ = .
 *(.ram2)
 *(.ram2.*)
                0x00000000                . = ALIGN (0x4)
                0x00000000                __ram2_free__ = .

.ram3_init      0x00000000        0x0 load address 0x08007114
                0x08007114                __ram3_init_text__ = LOADADDR (.ram3_init)
                0x00000000                __ram3_init__ = .
 *(.ram3_init)
 *(.ram3_init.*)
                0x00000000                . = ALIGN (0x4)

.ram3           0x00000000        0x0 load address 0x08007114
                0x00000000                __ram3_clear__ = .
 *(.ram3_clear)
 *(.ram3_clear.*)
                0x00000000                . = ALIGN (0x4)
                0x00000000                __ram3_noinit__ = .
 *(.ram3)
 *(.ram3.*)
                0x00000000                . = ALIGN (0x4)
                0x00000000                __ram3_free__ = .

.ram4_init      0x00000000        0x0 load address 0x08007114
                0x08007114                __ram4_init_text__ = LOADADDR (.ram4_init)
                0x00000000                __ram4_init__ = .
 *(.ram4_init)
 *(.ram4_init.*)
                0x00000000                . = ALIGN (0x4)

.ram4           0x00000000        0x0 load address 0x08007114
                0x00000000                __ram4_clear__ = .
 *(.ram4_clear)
 *(.ram4_clear.*)
                0x00000000                . = ALIGN (0x4)
                0x00000000                __ram4_noinit__ = .
 *(.ram4)
 *(.ram4.*)
                0x00000000                . = ALIGN (0x4)
                0x00000000                __ram4_free__ = .

.ram5_init      0x00000000        0x0 load address 0x08007114
                0x08007114                __ram5_init_text__ = LOADADDR (.ram5_init)
                0x00000000                __ram5_init__ = .
 *(.ram5_init)
 *(.ram5_init.*)
                0x00000000                . = ALIGN (0x4)

.ram5           0x00000000        0x0 load address 0x08007114
                0x00000000                __ram5_clear__ = .
 *(.ram5_clear)
 *(.ram5_clear.*)
                0x00000000                . = ALIGN (0x4)
                0x00000000                __ram5_noinit__ = .
 *(.ram5)
 *(.ram5.*)
                0x00000000                . = ALIGN (0x4)
                0x00000000                __ram5_free__ = .

.ram6_init      0x00000000        0x0 load address 0x08007114
                0x08007114                __ram6_init_text__ = LOADADDR (.ram6_init)
                0x00000000                __ram6_init__ = .
 *(.ram6_init)
 *(.ram6_init.*)
                0x00000000                . = ALIGN (0x4)

.ram6           0x00000000        0x0 load address 0x08007114
                0x00000000                __ram6_clear__ = .
 *(.ram6_clear)
 *(.ram6_clear.*)
                0x00000000                . = ALIGN (0x4)
                0x00000000                __ram6_noinit__ = .
 *(.ram6)
 *(.ram6.*)
                0x00000000                . = ALIGN (0x4)
                0x00000000                __ram6_free__ = .

.ram7_init      0x00000000        0x0 load address 0x08007114
                0x08007114                __ram7_init_text__ = LOADADDR (.ram7_init)
                0x00000000                __ram7_init__ = .
 *(.ram7_init)
 *(.ram7_init.*)
                0x00000000                . = ALIGN (0x4)

.ram7           0x00000000        0x0 load address 0x08007114
                0x00000000                __ram7_clear__ = .
 *(.ram7_clear)
 *(.ram7_clear.*)
                0x00000000                . = ALIGN (0x4)
                0x00000000                __ram7_noinit__ = .
 *(.ram7)
 *(.ram7.*)
                0x00000000                . = ALIGN (0x4)
                0x00000000                __ram7_free__ = .

.flash0         0x08007114        0x0
                0x08007114                __flash0_init__ = .
 *(.flash0_init)
 *(.flash0_init.*)
                0x08007114                __flash0_free__ = .

.flash1         0x00000000        0x0
                0x00000000                __flash1_init__ = .
 *(.flash1_init)
 *(.flash1_init.*)
                0x00000000                __flash1_free__ = .

.flash2         0x00000000        0x0
                0x00000000                __flash2_init__ = .
 *(.flash2_init)
 *(.flash2_init.*)
                0x00000000                __flash2_free__ = .

.flash3         0x00000000        0x0
                0x00000000                __flash3_init__ = .
 *(.flash3_init)
 *(.flash3_init.*)
                0x00000000                __flash3_free__ = .

.flash4         0x00000000        0x0
                0x00000000                __flash4_init__ = .
 *(.flash4_init)
 *(.flash4_init.*)
                0x00000000                __flash4_free__ = .

.flash5         0x00000000        0x0
                0x00000000                __flash5_init__ = .
 *(.flash5_init)
 *(.flash5_init.*)
                0x00000000                __flash5_free__ = .

.flash6         0x00000000        0x0
                0x00000000                __flash6_init__ = .
 *(.flash6_init)
 *(.flash6_init.*)
                0x00000000                __flash6_free__ = .

.flash7         0x00000000        0x0
                0x00000000                __flash7_init__ = .
 *(.flash7_init)
 *(.flash7_init.*)
                0x00000000                __flash7_free__ = .

.heap           0x20000f5c      0x8a4
                0x20000f60                . = ALIGN (0x8)
 *fill*         0x20000f5c        0x4 
                0x20000f60                __heap_base__ = .
                0x20001800                . = (ORIGIN (HEAP_RAM) + 0x1800)
 *fill*         0x20000f60      0x8a0 
                0x20001800                __heap_end__ = .
                0x00000200                __process_stack_size__ = 0x200
                0x00000200                __main_stack_size__ = 0x200
START GROUP
LOAD /opt/gcc-arm-none-eabi-4_9-2014q4/bin/../lib/gcc/arm-none-eabi/4.9.3/armv6-m/libgcc.a
LOAD /opt/gcc-arm-none-eabi-4_9-2014q4/bin/../lib/gcc/arm-none-eabi/4.9.3/../../../../arm-none-eabi/lib/armv6-m/libg.a
LOAD /opt/gcc-arm-none-eabi-4_9-2014q4/bin/../lib/gcc/arm-none-eabi/4.9.3/../../../../arm-none-eabi/lib/armv6-m/libc.a
END GROUP
OUTPUT(build/ch.elf elf32-littlearm)

.ARM.attributes
                0x00000000       0x2d
 .ARM.attributes
                0x00000000       0x21 ./build/obj/crt0_v6m.o
 .ARM.attributes
                0x00000021       0x21 ./build/obj/vectors.o
 .ARM.attributes
                0x00000042       0x21 ./build/obj/chcoreasm_v6m.o
 .ARM.attributes
                0x00000063       0x2f /tmp/ccymXjnM.ltrans0.ltrans.o
 .ARM.attributes
                0x00000092       0x2f /tmp/ccymXjnM.ltrans1.ltrans.o
 .ARM.attributes
                0x000000c1       0x2f /tmp/ccymXjnM.ltrans2.ltrans.o
 .ARM.attributes
                0x000000f0       0x2f /tmp/ccymXjnM.ltrans3.ltrans.o
 .ARM.attributes
                0x0000011f       0x2f /tmp/ccymXjnM.ltrans4.ltrans.o
 .ARM.attributes
                0x0000014e       0x2f /tmp/ccymXjnM.ltrans5.ltrans.o
 .ARM.attributes
                0x0000017d       0x2f /tmp/ccymXjnM.ltrans6.ltrans.o
 .ARM.attributes
                0x000001ac       0x1e /opt/gcc-arm-none-eabi-4_9-2014q4/bin/../lib/gcc/arm-none-eabi/4.9.3/armv6-m/libgcc.a(_udivsi3.o)
 .ARM.attributes
                0x000001ca       0x1e /opt/gcc-arm-none-eabi-4_9-2014q4/bin/../lib/gcc/arm-none-eabi/4.9.3/armv6-m/libgcc.a(_dvmd_tls.o)
 .ARM.attributes
                0x000001e8       0x2c /opt/gcc-arm-none-eabi-4_9-2014q4/bin/../lib/gcc/arm-none-eabi/4.9.3/../../../../arm-none-eabi/lib/armv6-m/libg.a(lib_a-memcpy.o)

.comment        0x00000000       0x70
 .comment       0x00000000       0x70 /tmp/ccymXjnM.ltrans0.ltrans.o
                                 0x71 (size before relaxing)
 .comment       0x00000000       0x71 /tmp/ccymXjnM.ltrans1.ltrans.o
 .comment       0x00000000       0x71 /tmp/ccymXjnM.ltrans2.ltrans.o
 .comment       0x00000000       0x71 /tmp/ccymXjnM.ltrans3.ltrans.o
 .comment       0x00000000       0x71 /tmp/ccymXjnM.ltrans4.ltrans.o
 .comment       0x00000000       0x71 /tmp/ccymXjnM.ltrans5.ltrans.o
 .comment       0x00000000       0x71 /tmp/ccymXjnM.ltrans6.ltrans.o

.debug_line     0x00000000     0x58ec
 .debug_line    0x00000000       0xcc ./build/obj/crt0_v6m.o
 .debug_line    0x000000cc       0x6f ./build/obj/vectors.o
 .debug_line    0x0000013b       0x8d ./build/obj/chcoreasm_v6m.o
 .debug_line    0x000001c8     0x1358 /tmp/ccymXjnM.ltrans0.ltrans.o
 .debug_line    0x00001520      0xc53 /tmp/ccymXjnM.ltrans1.ltrans.o
 .debug_line    0x00002173      0xc79 /tmp/ccymXjnM.ltrans2.ltrans.o
 .debug_line    0x00002dec      0xdb6 /tmp/ccymXjnM.ltrans3.ltrans.o
 .debug_line    0x00003ba2      0x8dd /tmp/ccymXjnM.ltrans4.ltrans.o
 .debug_line    0x0000447f      0xbae /tmp/ccymXjnM.ltrans5.ltrans.o
 .debug_line    0x0000502d      0x8bf /tmp/ccymXjnM.ltrans6.ltrans.o

.debug_info     0x00000000    0x16647
 .debug_info    0x00000000       0xcb ./build/obj/crt0_v6m.o
 .debug_info    0x000000cb       0xca ./build/obj/vectors.o
 .debug_info    0x00000195       0xce ./build/obj/chcoreasm_v6m.o
 .debug_info    0x00000263     0x4e39 /tmp/ccymXjnM.ltrans0.ltrans.o
 .debug_info    0x0000509c     0x31bd /tmp/ccymXjnM.ltrans1.ltrans.o
 .debug_info    0x00008259     0x30cc /tmp/ccymXjnM.ltrans2.ltrans.o
 .debug_info    0x0000b325     0x3581 /tmp/ccymXjnM.ltrans3.ltrans.o
 .debug_info    0x0000e8a6     0x2df2 /tmp/ccymXjnM.ltrans4.ltrans.o
 .debug_info    0x00011698     0x2fae /tmp/ccymXjnM.ltrans5.ltrans.o
 .debug_info    0x00014646     0x2001 /tmp/ccymXjnM.ltrans6.ltrans.o

.debug_abbrev   0x00000000     0x273b
 .debug_abbrev  0x00000000       0x14 ./build/obj/crt0_v6m.o
 .debug_abbrev  0x00000014       0x14 ./build/obj/vectors.o
 .debug_abbrev  0x00000028       0x14 ./build/obj/chcoreasm_v6m.o
 .debug_abbrev  0x0000003c      0x6d1 /tmp/ccymXjnM.ltrans0.ltrans.o
 .debug_abbrev  0x0000070d      0x5bf /tmp/ccymXjnM.ltrans1.ltrans.o
 .debug_abbrev  0x00000ccc      0x5c4 /tmp/ccymXjnM.ltrans2.ltrans.o
 .debug_abbrev  0x00001290      0x566 /tmp/ccymXjnM.ltrans3.ltrans.o
 .debug_abbrev  0x000017f6      0x582 /tmp/ccymXjnM.ltrans4.ltrans.o
 .debug_abbrev  0x00001d78      0x56c /tmp/ccymXjnM.ltrans5.ltrans.o
 .debug_abbrev  0x000022e4      0x457 /tmp/ccymXjnM.ltrans6.ltrans.o

.debug_aranges  0x00000000      0x700
 .debug_aranges
                0x00000000       0x20 ./build/obj/crt0_v6m.o
 .debug_aranges
                0x00000020       0x20 ./build/obj/vectors.o
 .debug_aranges
                0x00000040       0x20 ./build/obj/chcoreasm_v6m.o
 .debug_aranges
                0x00000060      0x1d8 /tmp/ccymXjnM.ltrans0.ltrans.o
 .debug_aranges
                0x00000238       0xf0 /tmp/ccymXjnM.ltrans1.ltrans.o
 .debug_aranges
                0x00000328       0xe8 /tmp/ccymXjnM.ltrans2.ltrans.o
 .debug_aranges
                0x00000410       0x60 /tmp/ccymXjnM.ltrans3.ltrans.o
 .debug_aranges
                0x00000470       0xd8 /tmp/ccymXjnM.ltrans4.ltrans.o
 .debug_aranges
                0x00000548      0x120 /tmp/ccymXjnM.ltrans5.ltrans.o
 .debug_aranges
                0x00000668       0x98 /tmp/ccymXjnM.ltrans6.ltrans.o

.debug_loc      0x00000000     0x51a6
 .debug_loc     0x00000000     0x2290 /tmp/ccymXjnM.ltrans0.ltrans.o
 .debug_loc     0x00002290      0x3da /tmp/ccymXjnM.ltrans1.ltrans.o
 .debug_loc     0x0000266a      0xbbf /tmp/ccymXjnM.ltrans2.ltrans.o
 .debug_loc     0x00003229      0x589 /tmp/ccymXjnM.ltrans3.ltrans.o
 .debug_loc     0x000037b2      0x8c4 /tmp/ccymXjnM.ltrans4.ltrans.o
 .debug_loc     0x00004076      0x5c2 /tmp/ccymXjnM.ltrans5.ltrans.o
 .debug_loc     0x00004638      0xb6e /tmp/ccymXjnM.ltrans6.ltrans.o

.debug_ranges   0x00000000     0x2408
 .debug_ranges  0x00000000      0x800 /tmp/ccymXjnM.ltrans0.ltrans.o
 .debug_ranges  0x00000800      0x538 /tmp/ccymXjnM.ltrans1.ltrans.o
 .debug_ranges  0x00000d38      0x680 /tmp/ccymXjnM.ltrans2.ltrans.o
 .debug_ranges  0x000013b8      0x770 /tmp/ccymXjnM.ltrans3.ltrans.o
 .debug_ranges  0x00001b28      0x140 /tmp/ccymXjnM.ltrans4.ltrans.o
 .debug_ranges  0x00001c68      0x588 /tmp/ccymXjnM.ltrans5.ltrans.o
 .debug_ranges  0x000021f0      0x218 /tmp/ccymXjnM.ltrans6.ltrans.o

.debug_str      0x00000000     0x3c9d
 .debug_str     0x00000000     0x1003 /tmp/ccymXjnM.ltrans0.ltrans.o
                               0x1114 (size before relaxing)
 .debug_str     0x00001003      0x82d /tmp/ccymXjnM.ltrans1.ltrans.o
                                0xde1 (size before relaxing)
 .debug_str     0x00001830      0x82e /tmp/ccymXjnM.ltrans2.ltrans.o
                                0xfbc (size before relaxing)
 .debug_str     0x0000205e      0xc8d /tmp/ccymXjnM.ltrans3.ltrans.o
                               0x155d (size before relaxing)
 .debug_str     0x00002ceb      0x37c /tmp/ccymXjnM.ltrans4.ltrans.o
                                0xa78 (size before relaxing)
 .debug_str     0x00003067      0x7d1 /tmp/ccymXjnM.ltrans5.ltrans.o
                                0xfbe (size before relaxing)
 .debug_str     0x00003838      0x465 /tmp/ccymXjnM.ltrans6.ltrans.o
                                0xd0b (size before relaxing)

.debug_frame    0x00000000     0x1498
 .debug_frame   0x00000000      0x588 /tmp/ccymXjnM.ltrans0.ltrans.o
 .debug_frame   0x00000588      0x2e0 /tmp/ccymXjnM.ltrans1.ltrans.o
 .debug_frame   0x00000868      0x314 /tmp/ccymXjnM.ltrans2.ltrans.o
 .debug_frame   0x00000b7c      0x138 /tmp/ccymXjnM.ltrans3.ltrans.o
 .debug_frame   0x00000cb4      0x25c /tmp/ccymXjnM.ltrans4.ltrans.o
 .debug_frame   0x00000f10      0x388 /tmp/ccymXjnM.ltrans5.ltrans.o
 .debug_frame   0x00001298      0x1b4 /tmp/ccymXjnM.ltrans6.ltrans.o
 .debug_frame   0x0000144c       0x20 /opt/gcc-arm-none-eabi-4_9-2014q4/bin/../lib/gcc/arm-none-eabi/4.9.3/armv6-m/libgcc.a(_udivsi3.o)
 .debug_frame   0x0000146c       0x2c /opt/gcc-arm-none-eabi-4_9-2014q4/bin/../lib/gcc/arm-none-eabi/4.9.3/../../../../arm-none-eabi/lib/armv6-m/libg.a(lib_a-memcpy.o)

Cross Reference Table

Symbol                                            File
BusFault_Handler                                  ./build/obj/vectors.o
DebugMon_Handler                                  ./build/obj/vectors.o
HardFault_Handler                                 ./build/obj/vectors.o
MemManage_Handler                                 ./build/obj/vectors.o
NMI_Handler                                       /tmp/ccymXjnM.ltrans4.ltrans.o
                                                  ./build/obj/chcore_v6m.o (symbol from plugin)
                                                  ./build/obj/vectors.o
PendSV_Handler                                    ./build/obj/vectors.o
Reset_Handler                                     ./build/obj/vectors.o
SD1                                               /tmp/ccymXjnM.ltrans3.ltrans.o
                                                  ./build/obj/hal_serial_lld.o (symbol from plugin)
                                                  /tmp/ccymXjnM.ltrans0.ltrans.o
                                                  ./build/obj/main.o (symbol from plugin)
SD2                                               /tmp/ccymXjnM.ltrans3.ltrans.o
                                                  ./build/obj/hal_serial_lld.o (symbol from plugin)
                                                  /tmp/ccymXjnM.ltrans0.ltrans.o
SVC_Handler                                       ./build/obj/vectors.o
SysTick_Handler                                   ./build/obj/vectors.o
SystemCoreClock                                   ./build/obj/hal_lld.o (symbol from plugin)
UsageFault_Handler                                ./build/obj/vectors.o
Vector1C                                          ./build/obj/vectors.o
Vector20                                          ./build/obj/vectors.o
Vector24                                          ./build/obj/vectors.o
Vector28                                          ./build/obj/vectors.o
Vector34                                          ./build/obj/vectors.o
Vector40                                          ./build/obj/vectors.o
Vector44                                          ./build/obj/vectors.o
Vector48                                          ./build/obj/vectors.o
Vector4C                                          ./build/obj/vectors.o
Vector50                                          ./build/obj/vectors.o
Vector54                                          ./build/obj/vectors.o
Vector58                                          ./build/obj/vectors.o
Vector5C                                          ./build/obj/vectors.o
Vector60                                          ./build/obj/vectors.o
Vector64                                          ./build/obj/vectors.o
Vector68                                          ./build/obj/vectors.o
Vector6C                                          ./build/obj/vectors.o
Vector70                                          ./build/obj/vectors.o
Vector74                                          ./build/obj/vectors.o
Vector78                                          ./build/obj/vectors.o
Vector7C                                          /tmp/ccymXjnM.ltrans0.ltrans.o
                                                  ./build/obj/hal_st_lld.o (symbol from plugin)
                                                  ./build/obj/vectors.o
Vector80                                          ./build/obj/vectors.o
Vector84                                          ./build/obj/vectors.o
Vector88                                          ./build/obj/vectors.o
Vector8C                                          ./build/obj/vectors.o
Vector90                                          ./build/obj/vectors.o
Vector94                                          ./build/obj/vectors.o
Vector98                                          ./build/obj/vectors.o
Vector9C                                          ./build/obj/vectors.o
VectorA0                                          ./build/obj/vectors.o
VectorA4                                          ./build/obj/vectors.o
VectorA8                                          ./build/obj/vectors.o
VectorAC                                          /tmp/ccymXjnM.ltrans0.ltrans.o
                                                  ./build/obj/hal_serial_lld.o (symbol from plugin)
                                                  ./build/obj/vectors.o
VectorB0                                          /tmp/ccymXjnM.ltrans0.ltrans.o
                                                  ./build/obj/hal_serial_lld.o (symbol from plugin)
                                                  ./build/obj/vectors.o
VectorB4                                          ./build/obj/vectors.o
VectorB8                                          ./build/obj/vectors.o
VectorBC                                          ./build/obj/vectors.o
__aeabi_idiv0                                     /opt/gcc-arm-none-eabi-4_9-2014q4/bin/../lib/gcc/arm-none-eabi/4.9.3/armv6-m/libgcc.a(_dvmd_tls.o)
                                                  /opt/gcc-arm-none-eabi-4_9-2014q4/bin/../lib/gcc/arm-none-eabi/4.9.3/armv6-m/libgcc.a(_udivsi3.o)
__aeabi_ldiv0                                     /opt/gcc-arm-none-eabi-4_9-2014q4/bin/../lib/gcc/arm-none-eabi/4.9.3/armv6-m/libgcc.a(_dvmd_tls.o)
__aeabi_uidiv                                     /opt/gcc-arm-none-eabi-4_9-2014q4/bin/../lib/gcc/arm-none-eabi/4.9.3/armv6-m/libgcc.a(_udivsi3.o)
                                                  /tmp/ccymXjnM.ltrans4.ltrans.o
                                                  /tmp/ccymXjnM.ltrans3.ltrans.o
__aeabi_uidivmod                                  /opt/gcc-arm-none-eabi-4_9-2014q4/bin/../lib/gcc/arm-none-eabi/4.9.3/armv6-m/libgcc.a(_udivsi3.o)
                                                  /tmp/ccymXjnM.ltrans4.ltrans.o
__core_init                                       /tmp/ccymXjnM.ltrans0.ltrans.o
                                                  ./build/obj/crt1.o (symbol from plugin)
                                                  ./build/obj/crt0_v6m.o
__default_exit                                    /tmp/ccymXjnM.ltrans0.ltrans.o
                                                  ./build/obj/crt1.o (symbol from plugin)
                                                  ./build/obj/crt0_v6m.o
__early_init                                      /tmp/ccymXjnM.ltrans0.ltrans.o
                                                  ./build/obj/board.o (symbol from plugin)
                                                  ./build/obj/crt1.o (symbol from plugin)
                                                  ./build/obj/crt0_v6m.o
__fini_array_end                                  ./build/obj/crt0_v6m.o
__fini_array_start                                ./build/obj/crt0_v6m.o
__heap_base__                                     /tmp/ccymXjnM.ltrans3.ltrans.o
                                                  ./build/obj/chmemcore.o (symbol from plugin)
__heap_end__                                      /tmp/ccymXjnM.ltrans3.ltrans.o
                                                  ./build/obj/chmemcore.o (symbol from plugin)
__init_array_end                                  ./build/obj/crt0_v6m.o
__init_array_start                                ./build/obj/crt0_v6m.o
__init_ram_areas                                  /tmp/ccymXjnM.ltrans0.ltrans.o
                                                  ./build/obj/crt1.o (symbol from plugin)
                                                  ./build/obj/crt0_v6m.o
__late_init                                       /tmp/ccymXjnM.ltrans0.ltrans.o
                                                  ./build/obj/crt1.o (symbol from plugin)
                                                  ./build/obj/crt0_v6m.o
__main_stack_base__                               ./build/obj/crt0_v6m.o
__main_stack_end__                                ./build/obj/vectors.o
                                                  ./build/obj/crt0_v6m.o
__process_stack_base__                            ./build/obj/crt0_v6m.o
__process_stack_end__                             ./build/obj/crt0_v6m.o
__ram0_clear__                                    /tmp/ccymXjnM.ltrans0.ltrans.o
                                                  ./build/obj/crt1.o (symbol from plugin)
__ram0_init__                                     /tmp/ccymXjnM.ltrans0.ltrans.o
                                                  ./build/obj/crt1.o (symbol from plugin)
__ram0_init_text__                                /tmp/ccymXjnM.ltrans0.ltrans.o
                                                  ./build/obj/crt1.o (symbol from plugin)
__ram0_noinit__                                   /tmp/ccymXjnM.ltrans0.ltrans.o
                                                  ./build/obj/crt1.o (symbol from plugin)
__ram1_clear__                                    /tmp/ccymXjnM.ltrans0.ltrans.o
                                                  ./build/obj/crt1.o (symbol from plugin)
__ram1_init__                                     /tmp/ccymXjnM.ltrans0.ltrans.o
                                                  ./build/obj/crt1.o (symbol from plugin)
__ram1_init_text__                                /tmp/ccymXjnM.ltrans0.ltrans.o
                                                  ./build/obj/crt1.o (symbol from plugin)
__ram1_noinit__                                   /tmp/ccymXjnM.ltrans0.ltrans.o
                                                  ./build/obj/crt1.o (symbol from plugin)
__ram2_clear__                                    /tmp/ccymXjnM.ltrans0.ltrans.o
                                                  ./build/obj/crt1.o (symbol from plugin)
__ram2_init__                                     /tmp/ccymXjnM.ltrans0.ltrans.o
                                                  ./build/obj/crt1.o (symbol from plugin)
__ram2_init_text__                                /tmp/ccymXjnM.ltrans0.ltrans.o
                                                  ./build/obj/crt1.o (symbol from plugin)
__ram2_noinit__                                   /tmp/ccymXjnM.ltrans0.ltrans.o
                                                  ./build/obj/crt1.o (symbol from plugin)
__ram3_clear__                                    /tmp/ccymXjnM.ltrans0.ltrans.o
                                                  ./build/obj/crt1.o (symbol from plugin)
__ram3_init__                                     /tmp/ccymXjnM.ltrans0.ltrans.o
                                                  ./build/obj/crt1.o (symbol from plugin)
__ram3_init_text__                                /tmp/ccymXjnM.ltrans0.ltrans.o
                                                  ./build/obj/crt1.o (symbol from plugin)
__ram3_noinit__                                   /tmp/ccymXjnM.ltrans0.ltrans.o
                                                  ./build/obj/crt1.o (symbol from plugin)
__ram4_clear__                                    /tmp/ccymXjnM.ltrans0.ltrans.o
                                                  ./build/obj/crt1.o (symbol from plugin)
__ram4_init__                                     /tmp/ccymXjnM.ltrans0.ltrans.o
                                                  ./build/obj/crt1.o (symbol from plugin)
__ram4_init_text__                                /tmp/ccymXjnM.ltrans0.ltrans.o
                                                  ./build/obj/crt1.o (symbol from plugin)
__ram4_noinit__                                   /tmp/ccymXjnM.ltrans0.ltrans.o
                                                  ./build/obj/crt1.o (symbol from plugin)
__ram5_clear__                                    /tmp/ccymXjnM.ltrans0.ltrans.o
                                                  ./build/obj/crt1.o (symbol from plugin)
__ram5_init__                                     /tmp/ccymXjnM.ltrans0.ltrans.o
                                                  ./build/obj/crt1.o (symbol from plugin)
__ram5_init_text__                                /tmp/ccymXjnM.ltrans0.ltrans.o
                                                  ./build/obj/crt1.o (symbol from plugin)
__ram5_noinit__                                   /tmp/ccymXjnM.ltrans0.ltrans.o
                                                  ./build/obj/crt1.o (symbol from plugin)
__ram6_clear__                                    /tmp/ccymXjnM.ltrans0.ltrans.o
                                                  ./build/obj/crt1.o (symbol from plugin)
__ram6_init__                                     /tmp/ccymXjnM.ltrans0.ltrans.o
                                                  ./build/obj/crt1.o (symbol from plugin)
__ram6_init_text__                                /tmp/ccymXjnM.ltrans0.ltrans.o
                                                  ./build/obj/crt1.o (symbol from plugin)
__ram6_noinit__                                   /tmp/ccymXjnM.ltrans0.ltrans.o
                                                  ./build/obj/crt1.o (symbol from plugin)
__ram7_clear__                                    /tmp/ccymXjnM.ltrans0.ltrans.o
                                                  ./build/obj/crt1.o (symbol from plugin)
__ram7_init__                                     /tmp/ccymXjnM.ltrans0.ltrans.o
                                                  ./build/obj/crt1.o (symbol from plugin)
__ram7_init_text__                                /tmp/ccymXjnM.ltrans0.ltrans.o
                                                  ./build/obj/crt1.o (symbol from plugin)
__ram7_noinit__                                   /tmp/ccymXjnM.ltrans0.ltrans.o
                                                  ./build/obj/crt1.o (symbol from plugin)
__udivsi3                                         /opt/gcc-arm-none-eabi-4_9-2014q4/bin/../lib/gcc/arm-none-eabi/4.9.3/armv6-m/libgcc.a(_udivsi3.o)
_bss_end                                          ./build/obj/crt0_v6m.o
_bss_start                                        ./build/obj/crt0_v6m.o
_core_init                                        ./build/obj/chmemcore.o (symbol from plugin)
                                                  ./build/obj/chsys.o (symbol from plugin)
_crt0_entry                                       ./build/obj/crt0_v6m.o
                                                  ./build/obj/vectors.o
_ctl.lto_priv.72                                  /tmp/ccymXjnM.ltrans0.ltrans.o
                                                  /tmp/ccymXjnM.ltrans3.ltrans.o
_data                                             ./build/obj/crt0_v6m.o
_edata                                            ./build/obj/crt0_v6m.o
_factory_init                                     ./build/obj/chfactory.o (symbol from plugin)
                                                  ./build/obj/chsys.o (symbol from plugin)
_get.lto_priv.67                                  /tmp/ccymXjnM.ltrans0.ltrans.o
                                                  /tmp/ccymXjnM.ltrans3.ltrans.o
_gett.lto_priv.69                                 /tmp/ccymXjnM.ltrans0.ltrans.o
                                                  /tmp/ccymXjnM.ltrans3.ltrans.o
_heap_init                                        ./build/obj/chmemheaps.o (symbol from plugin)
                                                  ./build/obj/chsys.o (symbol from plugin)
_idle_thread.lto_priv.63                          /tmp/ccymXjnM.ltrans0.ltrans.o
                                                  /tmp/ccymXjnM.ltrans3.ltrans.o
_pal_lld_init                                     ./build/obj/hal_pal_lld.o (symbol from plugin)
                                                  ./build/obj/hal.o (symbol from plugin)
_pal_lld_setgroupmode                             ./build/obj/hal_pal_lld.o (symbol from plugin)
                                                  ./build/obj/main.o (symbol from plugin)
                                                  ./build/obj/hal_pal.o (symbol from plugin)
_pal_lld_setgroupmode.constprop.45                /tmp/ccymXjnM.ltrans6.ltrans.o
                                                  /tmp/ccymXjnM.ltrans3.ltrans.o
_port_exit_from_isr                               ./build/obj/chcoreasm_v6m.o
                                                  /tmp/ccymXjnM.ltrans4.ltrans.o
                                                  ./build/obj/chcore_v6m.o (symbol from plugin)
_port_irq_epilogue                                /tmp/ccymXjnM.ltrans4.ltrans.o
                                                  ./build/obj/chcore_v6m.o (symbol from plugin)
                                                  /tmp/ccymXjnM.ltrans0.ltrans.o
                                                  ./build/obj/hal_serial_lld.o (symbol from plugin)
                                                  ./build/obj/hal_st_lld.o (symbol from plugin)
_port_switch                                      ./build/obj/chcoreasm_v6m.o
                                                  /tmp/ccymXjnM.ltrans0.ltrans.o
                                                  ./build/obj/chschd.o (symbol from plugin)
_port_switch_from_isr                             ./build/obj/chcoreasm_v6m.o
                                                  /tmp/ccymXjnM.ltrans4.ltrans.o
                                                  ./build/obj/chcore_v6m.o (symbol from plugin)
_port_thread_start                                ./build/obj/chcoreasm_v6m.o
                                                  /tmp/ccymXjnM.ltrans6.ltrans.o
                                                  /tmp/ccymXjnM.ltrans0.ltrans.o
                                                  ./build/obj/chthreads.o (symbol from plugin)
_put.lto_priv.66                                  /tmp/ccymXjnM.ltrans0.ltrans.o
                                                  /tmp/ccymXjnM.ltrans3.ltrans.o
_putt.lto_priv.68                                 /tmp/ccymXjnM.ltrans0.ltrans.o
                                                  /tmp/ccymXjnM.ltrans3.ltrans.o
_read.lto_priv.65                                 /tmp/ccymXjnM.ltrans0.ltrans.o
                                                  /tmp/ccymXjnM.ltrans3.ltrans.o
_readt.lto_priv.71                                /tmp/ccymXjnM.ltrans0.ltrans.o
                                                  /tmp/ccymXjnM.ltrans3.ltrans.o
_scheduler_init                                   ./build/obj/chschd.o (symbol from plugin)
                                                  ./build/obj/chsys.o (symbol from plugin)
_test_assert                                      /tmp/ccymXjnM.ltrans4.ltrans.o
                                                  ./build/obj/ch_test.o (symbol from plugin)
                                                  /tmp/ccymXjnM.ltrans5.ltrans.o
                                                  /tmp/ccymXjnM.ltrans2.ltrans.o
                                                  /tmp/ccymXjnM.ltrans1.ltrans.o
                                                  ./build/obj/rt_test_sequence_009.o (symbol from plugin)
                                                  ./build/obj/rt_test_sequence_008.o (symbol from plugin)
                                                  ./build/obj/rt_test_sequence_006.o (symbol from plugin)
                                                  ./build/obj/rt_test_sequence_005.o (symbol from plugin)
                                                  ./build/obj/rt_test_sequence_004.o (symbol from plugin)
                                                  ./build/obj/rt_test_sequence_003.o (symbol from plugin)
                                                  ./build/obj/rt_test_sequence_002.o (symbol from plugin)
_test_assert_sequence                             ./build/obj/ch_test.o (symbol from plugin)
                                                  ./build/obj/rt_test_sequence_009.o (symbol from plugin)
                                                  ./build/obj/rt_test_sequence_008.o (symbol from plugin)
                                                  ./build/obj/rt_test_sequence_007.o (symbol from plugin)
                                                  ./build/obj/rt_test_sequence_006.o (symbol from plugin)
                                                  ./build/obj/rt_test_sequence_005.o (symbol from plugin)
                                                  ./build/obj/rt_test_sequence_003.o (symbol from plugin)
_test_assert_sequence.constprop.3                 /tmp/ccymXjnM.ltrans6.ltrans.o
                                                  /tmp/ccymXjnM.ltrans5.ltrans.o
                                                  /tmp/ccymXjnM.ltrans2.ltrans.o
                                                  /tmp/ccymXjnM.ltrans1.ltrans.o
_test_assert_time_window                          ./build/obj/ch_test.o (symbol from plugin)
                                                  ./build/obj/rt_test_sequence_008.o (symbol from plugin)
                                                  ./build/obj/rt_test_sequence_005.o (symbol from plugin)
                                                  ./build/obj/rt_test_sequence_004.o (symbol from plugin)
                                                  ./build/obj/rt_test_sequence_003.o (symbol from plugin)
_test_assert_time_window.constprop.2              /tmp/ccymXjnM.ltrans6.ltrans.o
                                                  /tmp/ccymXjnM.ltrans5.ltrans.o
                                                  /tmp/ccymXjnM.ltrans2.ltrans.o
                                                  /tmp/ccymXjnM.ltrans1.ltrans.o
_test_fail                                        ./build/obj/ch_test.o (symbol from plugin)
_textdata                                         ./build/obj/crt0_v6m.o
_thread_init                                      ./build/obj/chthreads.o (symbol from plugin)
                                                  ./build/obj/chsys.o (symbol from plugin)
_unhandled_exception                              ./build/obj/vectors.o
_vectors                                          ./build/obj/vectors.o
_vt_init                                          ./build/obj/chvt.o (symbol from plugin)
                                                  ./build/obj/chsys.o (symbol from plugin)
_write.lto_priv.64                                /tmp/ccymXjnM.ltrans0.ltrans.o
                                                  /tmp/ccymXjnM.ltrans3.ltrans.o
_writet.lto_priv.70                               /tmp/ccymXjnM.ltrans0.ltrans.o
                                                  /tmp/ccymXjnM.ltrans3.ltrans.o
bmk_thread8.lto_priv.62                           /tmp/ccymXjnM.ltrans2.ltrans.o
                                                  /tmp/ccymXjnM.ltrans3.ltrans.o
boardInit                                         ./build/obj/board.o (symbol from plugin)
                                                  ./build/obj/hal.o (symbol from plugin)
c1.lto_priv.147                                   /tmp/ccymXjnM.ltrans6.ltrans.o