Archive member included because of file (symbol)

/opt/gcc-arm-none-eabi-4_7-2013q3/bin/../lib/gcc/arm-none-eabi/4.7.4/armv6-m/libgcc.a(_udivsi3.o)
                              /tmp/ccWB6TBk.ltrans0.ltrans.o (__aeabi_uidiv)
/opt/gcc-arm-none-eabi-4_7-2013q3/bin/../lib/gcc/arm-none-eabi/4.7.4/armv6-m/libgcc.a(_dvmd_tls.o)
                              /opt/gcc-arm-none-eabi-4_7-2013q3/bin/../lib/gcc/arm-none-eabi/4.7.4/armv6-m/libgcc.a(_udivsi3.o) (__aeabi_idiv0)

Discarded input sections

 .data          0x00000000        0x0 build/obj/crt0_v6m.o
 .bss           0x00000000        0x0 build/obj/crt0_v6m.o
 .data          0x00000000        0x0 build/obj/chcoreasm_v6m.o
 .bss           0x00000000        0x0 build/obj/chcoreasm_v6m.o
 .text          0x00000000        0x0 build/obj/crt1.o (symbol from plugin)
 .text          0x00000000        0x0 /tmp/ccWB6TBk.ltrans0.ltrans.o
 .data          0x00000000        0x0 /tmp/ccWB6TBk.ltrans0.ltrans.o
 .bss           0x00000000        0x0 /tmp/ccWB6TBk.ltrans0.ltrans.o
 .text          0x00000000        0x0 /tmp/ccWB6TBk.ltrans1.ltrans.o
 .data          0x00000000        0x0 /tmp/ccWB6TBk.ltrans1.ltrans.o
 .bss           0x00000000        0x0 /tmp/ccWB6TBk.ltrans1.ltrans.o
 .rodata.wa     0x00000000       0x14 /tmp/ccWB6TBk.ltrans1.ltrans.o
 .rodata.__func__.5745.5652
                0x00000000       0x10 /tmp/ccWB6TBk.ltrans1.ltrans.o
 .text          0x00000000        0x0 /tmp/ccWB6TBk.ltrans2.ltrans.o
 .data          0x00000000        0x0 /tmp/ccWB6TBk.ltrans2.ltrans.o
 .bss           0x00000000        0x0 /tmp/ccWB6TBk.ltrans2.ltrans.o
 .text          0x00000000        0x0 /tmp/ccWB6TBk.ltrans3.ltrans.o
 .data          0x00000000        0x0 /tmp/ccWB6TBk.ltrans3.ltrans.o
 .bss           0x00000000        0x0 /tmp/ccWB6TBk.ltrans3.ltrans.o
 .text          0x00000000        0x0 /tmp/ccWB6TBk.ltrans4.ltrans.o
 .data          0x00000000        0x0 /tmp/ccWB6TBk.ltrans4.ltrans.o
 .bss           0x00000000        0x0 /tmp/ccWB6TBk.ltrans4.ltrans.o
 .rodata.__func__.5751.7112
                0x00000000       0x14 /tmp/ccWB6TBk.ltrans4.ltrans.o
 .text          0x00000000        0x0 /tmp/ccWB6TBk.ltrans5.ltrans.o
 .data          0x00000000        0x0 /tmp/ccWB6TBk.ltrans5.ltrans.o
 .bss           0x00000000        0x0 /tmp/ccWB6TBk.ltrans5.ltrans.o
 .text          0x00000000        0x0 /tmp/ccWB6TBk.ltrans6.ltrans.o
 .data          0x00000000        0x0 /tmp/ccWB6TBk.ltrans6.ltrans.o
 .bss           0x00000000        0x0 /tmp/ccWB6TBk.ltrans6.ltrans.o
 .text          0x00000000        0x0 /tmp/ccWB6TBk.ltrans7.ltrans.o
 .data          0x00000000        0x0 /tmp/ccWB6TBk.ltrans7.ltrans.o
 .bss           0x00000000        0x0 /tmp/ccWB6TBk.ltrans7.ltrans.o
 .rodata.__func__.5746.7158
                0x00000000       0x14 /tmp/ccWB6TBk.ltrans7.ltrans.o
 .text          0x00000000        0x0 /tmp/ccWB6TBk.ltrans8.ltrans.o
 .data          0x00000000        0x0 /tmp/ccWB6TBk.ltrans8.ltrans.o
 .bss           0x00000000        0x0 /tmp/ccWB6TBk.ltrans8.ltrans.o
 .text          0x00000000        0x0 /tmp/ccWB6TBk.ltrans9.ltrans.o
 .data          0x00000000        0x0 /tmp/ccWB6TBk.ltrans9.ltrans.o
 .bss           0x00000000        0x0 /tmp/ccWB6TBk.ltrans9.ltrans.o
 .rodata.__func__.5766.6590
                0x00000000        0xc /tmp/ccWB6TBk.ltrans9.ltrans.o
 .text          0x00000000        0x0 /tmp/ccWB6TBk.ltrans10.ltrans.o
 .data          0x00000000        0x0 /tmp/ccWB6TBk.ltrans10.ltrans.o
 .bss           0x00000000        0x0 /tmp/ccWB6TBk.ltrans10.ltrans.o
 .text          0x00000000        0x0 /tmp/ccWB6TBk.ltrans11.ltrans.o
 .data          0x00000000        0x0 /tmp/ccWB6TBk.ltrans11.ltrans.o
 .bss           0x00000000        0x0 /tmp/ccWB6TBk.ltrans11.ltrans.o
 .text          0x00000000        0x0 /tmp/ccWB6TBk.ltrans12.ltrans.o
 .data          0x00000000        0x0 /tmp/ccWB6TBk.ltrans12.ltrans.o
 .bss           0x00000000        0x0 /tmp/ccWB6TBk.ltrans12.ltrans.o
 .data          0x00000000        0x0 /opt/gcc-arm-none-eabi-4_7-2013q3/bin/../lib/gcc/arm-none-eabi/4.7.4/armv6-m/libgcc.a(_udivsi3.o)
 .bss           0x00000000        0x0 /opt/gcc-arm-none-eabi-4_7-2013q3/bin/../lib/gcc/arm-none-eabi/4.7.4/armv6-m/libgcc.a(_udivsi3.o)
 .data          0x00000000        0x0 /opt/gcc-arm-none-eabi-4_7-2013q3/bin/../lib/gcc/arm-none-eabi/4.7.4/armv6-m/libgcc.a(_dvmd_tls.o)
 .bss           0x00000000        0x0 /opt/gcc-arm-none-eabi-4_7-2013q3/bin/../lib/gcc/arm-none-eabi/4.7.4/armv6-m/libgcc.a(_dvmd_tls.o)
 .text          0x00000000        0x0 build/obj/vectors.o (symbol from plugin)
 .text          0x00000000        0x0 build/obj/chsys.o (symbol from plugin)
 .text          0x00000000        0x0 build/obj/chdebug.o (symbol from plugin)
 .text          0x00000000        0x0 build/obj/chvt.o (symbol from plugin)
 .text          0x00000000        0x0 build/obj/chschd.o (symbol from plugin)
 .text          0x00000000        0x0 build/obj/chthreads.o (symbol from plugin)
[...]
Memory Configuration

Name             Origin             Length             Attributes
flash            0x08000000         0x00020000
ram0             0x20000000         0x00004000
ram1             0x00000000         0x00000000
ram2             0x00000000         0x00000000
ram3             0x00000000         0x00000000
ram4             0x00000000         0x00000000
ram5             0x00000000         0x00000000
ram6             0x00000000         0x00000000
ram7             0x00000000         0x00000000
*default*        0x00000000         0xffffffff

Linker script and memory map

LOAD build/obj/crt0_v6m.o
LOAD build/obj/chcoreasm_v6m.o
LOAD build/obj/crt1.o
LOAD /tmp/ccWB6TBk.ltrans0.ltrans.o
LOAD /tmp/ccWB6TBk.ltrans1.ltrans.o
LOAD /tmp/ccWB6TBk.ltrans2.ltrans.o
LOAD /tmp/ccWB6TBk.ltrans3.ltrans.o
LOAD /tmp/ccWB6TBk.ltrans4.ltrans.o
LOAD /tmp/ccWB6TBk.ltrans5.ltrans.o
LOAD /tmp/ccWB6TBk.ltrans6.ltrans.o
LOAD /tmp/ccWB6TBk.ltrans7.ltrans.o
LOAD /tmp/ccWB6TBk.ltrans8.ltrans.o
LOAD /tmp/ccWB6TBk.ltrans9.ltrans.o
LOAD /tmp/ccWB6TBk.ltrans10.ltrans.o
LOAD /tmp/ccWB6TBk.ltrans11.ltrans.o
LOAD /tmp/ccWB6TBk.ltrans12.ltrans.o
LOAD /opt/gcc-arm-none-eabi-4_7-2013q3/bin/../lib/gcc/arm-none-eabi/4.7.4/armv6-m/libgcc.a
LOAD /opt/gcc-arm-none-eabi-4_7-2013q3/bin/../lib/gcc/arm-none-eabi/4.7.4/../../../../arm-none-eabi/lib/armv6-m/libg.a
LOAD /opt/gcc-arm-none-eabi-4_7-2013q3/bin/../lib/gcc/arm-none-eabi/4.7.4/../../../../arm-none-eabi/lib/armv6-m/libc.a
LOAD build/obj/vectors.o
LOAD build/obj/chsys.o
LOAD build/obj/chdebug.o
LOAD build/obj/chvt.o
LOAD build/obj/chschd.o
LOAD build/obj/chthreads.o
LOAD build/obj/chdynamic.o
LOAD build/obj/chregistry.o
LOAD build/obj/chsem.o
LOAD build/obj/chmtx.o
LOAD build/obj/chcond.o
LOAD build/obj/chevents.o
LOAD build/obj/chmsg.o
LOAD build/obj/chmboxes.o
LOAD build/obj/chqueues.o
LOAD build/obj/chmemcore.o
LOAD build/obj/chheap.o
LOAD build/obj/chmempools.o
LOAD build/obj/chcore.o
LOAD build/obj/chcore_v6m.o
LOAD build/obj/osal.o
LOAD build/obj/hal.o
LOAD build/obj/st.o
LOAD build/obj/hal_buffers.o
LOAD build/obj/hal_queues.o
LOAD build/obj/hal_mmcsd.o
LOAD build/obj/pal.o
LOAD build/obj/serial.o
LOAD build/obj/nvic.o
LOAD build/obj/hal_lld.o
LOAD build/obj/stm32_dma.o
LOAD build/obj/st_lld.o
LOAD build/obj/pal_lld.o
LOAD build/obj/serial_lld.o
LOAD build/obj/board.o
LOAD build/obj/test.o
LOAD build/obj/testthd.o
LOAD build/obj/testsem.o
LOAD build/obj/testmtx.o
LOAD build/obj/testmsg.o
LOAD build/obj/testmbox.o
LOAD build/obj/testevt.o
LOAD build/obj/testheap.o
LOAD build/obj/testpools.o
LOAD build/obj/testdyn.o
LOAD build/obj/testqueues.o
LOAD build/obj/testsys.o
LOAD build/obj/testbmk.o
LOAD build/obj/main.o
                0x20000000                __ram0_start__ = ORIGIN (ram0)
                0x00004000                __ram0_size__ = 0x4000
                0x20004000                __ram0_end__ = (__ram0_start__ + __ram0_size__)
                0x00000000                __ram1_start__ = ORIGIN (ram1)
                0x00000000                __ram1_size__ = 0x0
                0x00000000                __ram1_end__ = (__ram1_start__ + __ram1_size__)
                0x00000000                __ram2_start__ = ORIGIN (ram2)
                0x00000000                __ram2_size__ = 0x0
                0x00000000                __ram2_end__ = (__ram2_start__ + __ram2_size__)
                0x00000000                __ram3_start__ = ORIGIN (ram3)
                0x00000000                __ram3_size__ = 0x0
                0x00000000                __ram3_end__ = (__ram3_start__ + __ram3_size__)
                0x00000000                __ram4_start__ = ORIGIN (ram4)
                0x00000000                __ram4_size__ = 0x0
                0x00000000                __ram4_end__ = (__ram4_start__ + __ram4_size__)
                0x00000000                __ram5_start__ = ORIGIN (ram5)
                0x00000000                __ram5_size__ = 0x0
                0x00000000                __ram5_end__ = (__ram5_start__ + __ram5_size__)
                0x00000000                __ram6_start__ = ORIGIN (ram6)
                0x00000000                __ram6_size__ = 0x0
                0x00000000                __ram6_end__ = (__ram6_start__ + __ram6_size__)
                0x00000000                __ram7_start__ = ORIGIN (ram7)
                0x00000000                __ram7_size__ = 0x0
                0x00000000                __ram7_end__ = (__ram7_start__ + __ram7_size__)
                0x00000000                . = 0x0
                0x00000000                _text = .

startup         0x08000000      0x100
 *(.vectors)
 .vectors       0x08000000      0x100 /tmp/ccWB6TBk.ltrans4.ltrans.o
                0x08000000                _vectors

constructors    0x08000100        0x0
                0x08000100                __init_array_start = .
 *(SORT(.init_array.*))
 *(.init_array)
                0x08000100                __init_array_end = .

destructors     0x08000100        0x0
                0x08000100                __fini_array_start = .
 *(.fini_array)
 *(SORT(.fini_array.*))
                0x08000100                __fini_array_end = .

.text           0x08000100     0x95c8
 *(.text)
 .text          0x08000100       0xc8 build/obj/crt0_v6m.o
                0x08000100                Reset_Handler
 *fill*         0x080001c8        0x8 00
 .text          0x080001d0       0x4c build/obj/chcoreasm_v6m.o
                0x080001d0                _port_switch
                0x080001f0                _port_thread_start
                0x08000200                _port_switch_from_isr
                0x0800020c                _port_exit_from_isr
 *fill*         0x0800021c        0x4 00
 .text          0x08000220       0x9c /opt/gcc-arm-none-eabi-4_7-2013q3/bin/../lib/gcc/arm-none-eabi/4.7.4/armv6-m/libgcc.a(_udivsi3.o)
                0x08000220                __udivsi3
                0x08000220                __aeabi_uidiv
                0x080002a8                __aeabi_uidivmod
 *fill*         0x080002bc        0x4 00
 .text          0x080002c0        0x4 /opt/gcc-arm-none-eabi-4_7-2013q3/bin/../lib/gcc/arm-none-eabi/4.7.4/armv6-m/libgcc.a(_dvmd_tls.o)
                0x080002c0                __aeabi_ldiv0
                0x080002c0                __aeabi_idiv0
 *(.text.*)
 *fill*         0x080002c4        0xc 00
 .text.mtx8_setup.9241
                0x080002d0       0x30 /tmp/ccWB6TBk.ltrans0.ltrans.o
                0x080002d0                mtx8_setup.9241
 .text.mtx7_setup.9243
                0x08000300       0x20 /tmp/ccWB6TBk.ltrans0.ltrans.o
                0x08000300                mtx7_setup.9243
 .text.mtx6_setup.9245
                0x08000320       0x20 /tmp/ccWB6TBk.ltrans0.ltrans.o
                0x08000320                mtx6_setup.9245
 .text.mtx5_setup.9247
                0x08000340       0x10 /tmp/ccWB6TBk.ltrans0.ltrans.o
                0x08000340                mtx5_setup.9247
 .text.mtx4_setup.9249
                0x08000350       0x20 /tmp/ccWB6TBk.ltrans0.ltrans.o
                0x08000350                mtx4_setup.9249
 .text.mtx1_setup.9251
                0x08000370       0x10 /tmp/ccWB6TBk.ltrans0.ltrans.o
                0x08000370                mtx1_setup.9251
 .text.bmk12_setup.10800
                0x08000380       0x10 /tmp/ccWB6TBk.ltrans0.ltrans.o
                0x08000380                bmk12_setup.10800
 .text.mbox1_setup.9598
                0x08000390       0x30 /tmp/ccWB6TBk.ltrans0.ltrans.o
                0x08000390                mbox1_setup.9598
 .text.sem3_setup.9002
                0x080003c0       0x10 /tmp/ccWB6TBk.ltrans0.ltrans.o
                0x080003c0                sem3_setup.9002
 .text.sem2_setup.9004
                0x080003d0       0x10 /tmp/ccWB6TBk.ltrans0.ltrans.o
                0x080003d0                sem2_setup.9004
 .text.sem1_setup.9006
                0x080003e0       0x10 /tmp/ccWB6TBk.ltrans0.ltrans.o
                0x080003e0                sem1_setup.9006
 .text.bmk11_setup.10804
                0x080003f0       0x10 /tmp/ccWB6TBk.ltrans0.ltrans.o
                0x080003f0                bmk11_setup.10804
 .text.bmk7_setup.10806
                0x08000400       0x10 /tmp/ccWB6TBk.ltrans0.ltrans.o
                0x08000400                bmk7_setup.10806
 .text.dyn2_setup.10184
                0x08000410       0x20 /tmp/ccWB6TBk.ltrans0.ltrans.o
                0x08000410                dyn2_setup.10184
 .text.pools1_setup.10043
                0x08000430       0x20 /tmp/ccWB6TBk.ltrans0.ltrans.o
                0x08000430                pools1_setup.10043
 .text.notify.10356
                0x08000450       0x10 /tmp/ccWB6TBk.ltrans0.ltrans.o
                0x08000450                notify.10356
 .text.queues2_setup.10383
                0x08000460       0x30 /tmp/ccWB6TBk.ltrans0.ltrans.o
                0x08000460                queues2_setup.10383
 .text.queues1_setup.10388
                0x08000490       0x30 /tmp/ccWB6TBk.ltrans0.ltrans.o
                0x08000490                queues1_setup.10388
 .text.tmo.10778
                0x080004c0       0x10 /tmp/ccWB6TBk.ltrans0.ltrans.o
                0x080004c0                tmo.10778
 .text.null_provider.10040
                0x080004d0       0x10 /tmp/ccWB6TBk.ltrans0.ltrans.o
                0x080004d0                null_provider.10040
 .text.tmr.8455
                0x080004e0       0x10 /tmp/ccWB6TBk.ltrans0.ltrans.o
                0x080004e0                tmr.8455
 .text.notify1.8355
                0x080004f0       0x10 /tmp/ccWB6TBk.ltrans0.ltrans.o
                0x080004f0                notify1.8355
 .text.NMI_Handler
                0x08000500       0x10 /tmp/ccWB6TBk.ltrans0.ltrans.o
                0x08000500                NMI_Handler
 .text._idle_thread.4252
                0x08000510       0x10 /tmp/ccWB6TBk.ltrans0.ltrans.o
                0x08000510                _idle_thread.4252
 .text.chMtxObjectInit
                0x08000520       0x20 /tmp/ccWB6TBk.ltrans0.ltrans.o
                0x08000520                chMtxObjectInit
 .text.dyn1_setup.10180
                0x08000540       0x30 /tmp/ccWB6TBk.ltrans0.ltrans.o
                0x08000540                dyn1_setup.10180
 .text._dbg_check_suspend
                0x08000570       0x20 /tmp/ccWB6TBk.ltrans0.ltrans.o
                0x08000570                _dbg_check_suspend
 .text._dbg_check_enable
                0x08000590       0x20 /tmp/ccWB6TBk.ltrans0.ltrans.o
                0x08000590                _dbg_check_enable
 .text._dbg_check_lock_from_isr
                0x080005b0       0x30 /tmp/ccWB6TBk.ltrans0.ltrans.o
                0x080005b0                _dbg_check_lock_from_isr
 .text._dbg_check_unlock_from_isr
                0x080005e0       0x30 /tmp/ccWB6TBk.ltrans0.ltrans.o
                0x080005e0                _dbg_check_unlock_from_isr
 .text._dbg_check_enter_isr
                0x08000610       0x30 /tmp/ccWB6TBk.ltrans0.ltrans.o
                0x08000610                _dbg_check_enter_isr
 .text._dbg_check_leave_isr
                0x08000640       0x30 /tmp/ccWB6TBk.ltrans0.ltrans.o
                0x08000640                _dbg_check_leave_isr
 .text.chDbgCheckClassI
                0x08000670       0x20 /tmp/ccWB6TBk.ltrans0.ltrans.o
                0x08000670                chDbgCheckClassI
 .text.chSysIntegrityCheckI
                0x08000690       0xa0 /tmp/ccWB6TBk.ltrans0.ltrans.o
                0x08000690                chSysIntegrityCheckI
 .text.chSchReadyI
                0x08000730       0x60 /tmp/ccWB6TBk.ltrans0.ltrans.o
                0x08000730                chSchReadyI
 .text.chEvtSignalI
                0x08000790       0x60 /tmp/ccWB6TBk.ltrans0.ltrans.o
                0x08000790                chEvtSignalI
 .text.chCondSignalI.constprop.61
                0x080007f0       0x30 /tmp/ccWB6TBk.ltrans0.ltrans.o
                0x080007f0                chCondSignalI.constprop.61
 .text.chPoolFreeI
                0x08000820       0x30 /tmp/ccWB6TBk.ltrans0.ltrans.o
                0x08000820                chPoolFreeI
 .text.chDbgCheckClassS
                0x08000850       0x20 /tmp/ccWB6TBk.ltrans0.ltrans.o
                0x08000850                chDbgCheckClassS
 .text.stSetAlarm
                0x08000870       0x20 /tmp/ccWB6TBk.ltrans0.ltrans.o
                0x08000870                stSetAlarm
 .text.chVTDoResetI
                0x08000890       0xa0 /tmp/ccWB6TBk.ltrans0.ltrans.o
                0x08000890                chVTDoResetI
 .text.chVTDoSetI
                0x08000930       0xc0 /tmp/ccWB6TBk.ltrans0.ltrans.o
                0x08000930                chVTDoSetI
 .text._pal_lld_setgroupmode.constprop.18
                0x080009f0       0xd0 /tmp/ccWB6TBk.ltrans0.ltrans.o
                0x080009f0                _pal_lld_setgroupmode.constprop.18
 .text._test_assert_sequence
                0x08000ac0       0xa0 /tmp/ccWB6TBk.ltrans0.ltrans.o
                0x08000ac0                _test_assert_sequence
 .text._test_assert
                0x08000b60       0x30 /tmp/ccWB6TBk.ltrans0.ltrans.o
                0x08000b60                _test_assert
 .text.test_println
                0x08000b90       0x40 /tmp/ccWB6TBk.ltrans0.ltrans.o
                0x08000b90                test_println
 .text.test_print
                0x08000bd0       0x30 /tmp/ccWB6TBk.ltrans0.ltrans.o
                0x08000bd0                test_print
 .text.test_printn
                0x08000c00       0xa0 /tmp/ccWB6TBk.ltrans0.ltrans.o
                0x08000c00                test_printn
 .text.bmk13_execute.10796
                0x08000ca0       0xf0 /tmp/ccWB6TBk.ltrans0.ltrans.o
                0x08000ca0                bmk13_execute.10796
 .text.print_line.8460
                0x08000d90       0x40 /tmp/ccWB6TBk.ltrans0.ltrans.o
                0x08000d90                print_line.8460
 .text._port_irq_epilogue
                0x08000dd0       0x40 /tmp/ccWB6TBk.ltrans0.ltrans.o
                0x08000dd0                _port_irq_epilogue
 .text._dbg_trace
                0x08000e10       0x40 /tmp/ccWB6TBk.ltrans0.ltrans.o
                0x08000e10                _dbg_trace
 .text.chSchWakeupS
                0x08000e50       0x80 /tmp/ccWB6TBk.ltrans0.ltrans.o
                0x08000e50                chSchWakeupS
 .text.chSchGoSleepS
                0x08000ed0       0x50 /tmp/ccWB6TBk.ltrans0.ltrans.o
                0x08000ed0                chSchGoSleepS
 .text.chMtxLockS
                0x08000f20      0x110 /tmp/ccWB6TBk.ltrans0.ltrans.o
                0x08000f20                chMtxLockS
 .text.chSchGoSleepTimeoutS
                0x08001030       0x50 /tmp/ccWB6TBk.ltrans0.ltrans.o
                0x08001030                chSchGoSleepTimeoutS
 .text.chThdEnqueueTimeoutS
                0x08001080       0x30 /tmp/ccWB6TBk.ltrans0.ltrans.o
                0x08001080                chThdEnqueueTimeoutS
 .text._unhandled_exception.4418
                0x080010b0       0x10 /tmp/ccWB6TBk.ltrans0.ltrans.o
                0x080010b0                Vector58
                0x080010b0                Vector9C
                0x080010b0                DebugMon_Handler
                0x080010b0                Vector5C
                0x080010b0                HardFault_Handler
                0x080010b0                Vector8C
                0x080010b0                SysTick_Handler
                0x080010b0                PendSV_Handler
                0x080010b0                Vector94
                0x080010b0                VectorA8
                0x080010b0                VectorB4
                0x080010b0                Vector74
                0x080010b0                UsageFault_Handler
                0x080010b0                Vector40
                0x080010b0                VectorBC
                0x080010b0                Vector64
                0x080010b0                Vector54
                0x080010b0                Vector98
                0x080010b0                Vector24
                0x080010b0                Vector84
                0x080010b0                MemManage_Handler
                0x080010b0                Vector6C
                0x080010b0                VectorA0
                0x080010b0                SVC_Handler
                0x080010b0                VectorB0
                0x080010b0                Vector90
                0x080010b0                Vector60
                0x080010b0                Vector1C
                0x080010b0                Vector48
                0x080010b0                Vector70
                0x080010b0                Vector4C
                0x080010b0                Vector80
                0x080010b0                Vector68
                0x080010b0                Vector78
                0x080010b0                Vector88
                0x080010b0                BusFault_Handler
                0x080010b0                Vector50
                0x080010b0                Vector44
                0x080010b0                Vector28
                0x080010b0                VectorB8
                0x080010b0                Vector34
                0x080010b0                VectorA4
                0x080010b0                Vector20
 .text.__early_init
                0x080010c0       0xb0 /tmp/ccWB6TBk.ltrans1.ltrans.o
                0x080010c0                __early_init
 .text.chSchDoReschedule
                0x08001170       0x10 /tmp/ccWB6TBk.ltrans1.ltrans.o
                0x08001170                chSchDoReschedule
 .text.chThdExit
                0x08001180       0x50 /tmp/ccWB6TBk.ltrans1.ltrans.o
                0x08001180                chThdExit
 .text.thread1.10781
                0x080011d0       0x10 /tmp/ccWB6TBk.ltrans1.ltrans.o
                0x080011d0                thread1.10781
 .text.sem4_execute.9025
                0x080011e0      0x310 /tmp/ccWB6TBk.ltrans1.ltrans.o
                0x080011e0                sem4_execute.9025
 .text.queues2_execute.10392
                0x080014f0      0x4c0 /tmp/ccWB6TBk.ltrans1.ltrans.o
                0x080014f0                queues2_execute.10392
 .text.chThdRelease.4196
                0x080019b0      0x100 /tmp/ccWB6TBk.ltrans2.ltrans.o
 .text.chThdWait.4165
                0x08001ab0       0x80 /tmp/ccWB6TBk.ltrans2.ltrans.o
 .text.test_wait_threads
                0x08001b30       0x50 /tmp/ccWB6TBk.ltrans2.ltrans.o
                0x08001b30                test_wait_threads
 .text.bmk7_execute.10823
                0x08001b80      0x170 /tmp/ccWB6TBk.ltrans2.ltrans.o
                0x08001b80                bmk7_execute.10823
 .text.bmk4_execute.10827
                0x08001cf0       0xf0 /tmp/ccWB6TBk.ltrans2.ltrans.o
                0x08001cf0                bmk4_execute.10827
 .text.bmk3_execute.10832
                0x08001de0       0xf0 /tmp/ccWB6TBk.ltrans2.ltrans.o
                0x08001de0                bmk3_execute.10832
 .text.bmk2_execute.10834
                0x08001ed0       0x70 /tmp/ccWB6TBk.ltrans2.ltrans.o
                0x08001ed0                bmk2_execute.10834
 .text.bmk1_execute.10836
                0x08001f40       0x70 /tmp/ccWB6TBk.ltrans2.ltrans.o
                0x08001f40                bmk1_execute.10836
 .text.bmk5_execute.10825
                0x08001fb0       0x80 /tmp/ccWB6TBk.ltrans2.ltrans.o
                0x08001fb0                bmk5_execute.10825
 .text.regfind.10172.4182
                0x08002030       0xc0 /tmp/ccWB6TBk.ltrans2.ltrans.o
 .text.chThdCreateFromMemoryPool.constprop.70
                0x080020f0       0xc0 /tmp/ccWB6TBk.ltrans2.ltrans.o
                0x080020f0                chThdCreateFromMemoryPool.constprop.70
 .text.chThdCreateFromHeap.constprop.71
                0x080021b0       0xc0 /tmp/ccWB6TBk.ltrans2.ltrans.o
                0x080021b0                chThdCreateFromHeap.constprop.71
 .text.dyn3_execute.10176
                0x08002270      0x150 /tmp/ccWB6TBk.ltrans2.ltrans.o
                0x08002270                dyn3_execute.10176
 .text.chEvtWaitOne.constprop.49
                0x080023c0       0x60 /tmp/ccWB6TBk.ltrans2.ltrans.o
                0x080023c0                chEvtWaitOne.constprop.49
 .text.chMBPost.constprop.36
                0x08002420       0x70 /tmp/ccWB6TBk.ltrans2.ltrans.o
                0x08002420                chMBPost.constprop.36
 .text.chMBPostAhead.constprop.33
                0x08002490       0x80 /tmp/ccWB6TBk.ltrans2.ltrans.o
                0x08002490                chMBPostAhead.constprop.33
 .text.chSemWait
                0x08002510       0x90 /tmp/ccWB6TBk.ltrans3.ltrans.o
                0x08002510                chSemWait
 .text.thread3.8989.4125
                0x080025a0       0x20 /tmp/ccWB6TBk.ltrans3.ltrans.o
 .text.thread3.10787
                0x080025c0       0x30 /tmp/ccWB6TBk.ltrans3.ltrans.o
                0x080025c0                thread3.10787
 .text.chThdYield.4150
                0x080025f0       0x90 /tmp/ccWB6TBk.ltrans3.ltrans.o
 .text.thread8.10784
                0x08002680       0x30 /tmp/ccWB6TBk.ltrans3.ltrans.o
                0x08002680                thread8.10784
 .text.chThdSleep
                0x080026b0       0x50 /tmp/ccWB6TBk.ltrans3.ltrans.o
                0x080026b0                chThdSleep
 .text.test_wait_tick
                0x08002700       0x40 /tmp/ccWB6TBk.ltrans3.ltrans.o
                0x08002700                test_wait_tick
 .text.Thread2.11102
                0x08002740       0x40 /tmp/ccWB6TBk.ltrans3.ltrans.o
                0x08002740                Thread2.11102
 .text.Thread1.11105
                0x08002780       0x30 /tmp/ccWB6TBk.ltrans3.ltrans.o
                0x08002780                Thread1.11105
 .text.chMtxLock
                0x080027b0       0x40 /tmp/ccWB6TBk.ltrans3.ltrans.o
                0x080027b0                chMtxLock
 .text.chMtxUnlock
                0x080027f0       0xd0 /tmp/ccWB6TBk.ltrans3.ltrans.o
                0x080027f0                chMtxUnlock
 .text.thread4b.9233
                0x080028c0       0x20 /tmp/ccWB6TBk.ltrans3.ltrans.o
                0x080028c0                thread4b.9233
 .text.thread4a.9236
                0x080028e0       0x20 /tmp/ccWB6TBk.ltrans3.ltrans.o
                0x080028e0                thread4a.9236
 .text.chHeapAlloc
                0x08002900       0x90 /tmp/ccWB6TBk.ltrans3.ltrans.o
                0x08002900                chHeapAlloc
 .text.chHeapFree
                0x08002990       0xb0 /tmp/ccWB6TBk.ltrans3.ltrans.o
                0x08002990                chHeapFree
 .text.chHeapStatus
                0x08002a40       0x50 /tmp/ccWB6TBk.ltrans3.ltrans.o
                0x08002a40                chHeapStatus
 .text.heap1_execute.10010
                0x08002a90      0x230 /tmp/ccWB6TBk.ltrans3.ltrans.o
                0x08002a90                heap1_execute.10010
 .text.chEvtUnregister
                0x08002cc0       0x60 /tmp/ccWB6TBk.ltrans3.ltrans.o
                0x08002cc0                chEvtUnregister
 .text.evt1_execute.9787
                0x08002d20      0x130 /tmp/ccWB6TBk.ltrans3.ltrans.o
                0x08002d20                evt1_execute.9787
 .text.chThdCreateStatic
                0x08002e50       0xb0 /tmp/ccWB6TBk.ltrans3.ltrans.o
                0x08002e50                chThdCreateStatic
 .text.sem3_execute.9034
                0x08002f00       0x90 /tmp/ccWB6TBk.ltrans3.ltrans.o
                0x08002f00                sem3_execute.9034
 .text.wakeup.4792
                0x08002f90       0x60 /tmp/ccWB6TBk.ltrans4.ltrans.o
                0x08002f90                wakeup.4792
 .text.heap1_setup.10012
                0x08002ff0       0x30 /tmp/ccWB6TBk.ltrans4.ltrans.o
                0x08002ff0                heap1_setup.10012
 .text.dyn3_setup.10178
                0x08003020       0x30 /tmp/ccWB6TBk.ltrans4.ltrans.o
                0x08003020                dyn3_setup.10178
 .text.sys2_execute.10509
                0x08003050       0x40 /tmp/ccWB6TBk.ltrans4.ltrans.o
                0x08003050                sys2_execute.10509
 .text.Vector7C.4314
                0x08003090       0xe0 /tmp/ccWB6TBk.ltrans4.ltrans.o
 .text.__init_ram_areas
                0x08003170       0xa0 /tmp/ccWB6TBk.ltrans4.ltrans.o
                0x08003170                __init_ram_areas
 .text.__default_exit
                0x08003210       0x10 /tmp/ccWB6TBk.ltrans4.ltrans.o
                0x08003210                __default_exit
 .text.__late_init
                0x08003220       0x10 /tmp/ccWB6TBk.ltrans4.ltrans.o
                0x08003220                __late_init
 .text.__core_init
                0x08003230       0x10 /tmp/ccWB6TBk.ltrans4.ltrans.o
                0x08003230                __core_init
 .text.chOQGetI
                0x08003240       0x70 /tmp/ccWB6TBk.ltrans4.ltrans.o
                0x08003240                chOQGetI
 .text.chIQPutI
                0x080032b0       0x70 /tmp/ccWB6TBk.ltrans4.ltrans.o
                0x080032b0                chIQPutI
 .text.chThdDequeueAllI.constprop.72
                0x08003320       0x60 /tmp/ccWB6TBk.ltrans4.ltrans.o
                0x08003320                chThdDequeueAllI.constprop.72
 .text.chMtxUnlockS
                0x08003380       0xa0 /tmp/ccWB6TBk.ltrans4.ltrans.o
                0x08003380                chMtxUnlockS
 .text.chSchDoRescheduleAhead
                0x08003420       0x60 /tmp/ccWB6TBk.ltrans4.ltrans.o
                0x08003420                chSchDoRescheduleAhead
 .text.chSchRescheduleS
                0x08003480       0x30 /tmp/ccWB6TBk.ltrans4.ltrans.o
                0x08003480                chSchRescheduleS
 .text.chThdCreateI
                0x080034b0       0x90 /tmp/ccWB6TBk.ltrans4.ltrans.o
                0x080034b0                chThdCreateI
 .text.chSemWaitTimeoutS
                0x08003540       0x70 /tmp/ccWB6TBk.ltrans4.ltrans.o
                0x08003540                chSemWaitTimeoutS
 .text.chSemSignalI
                0x080035b0       0x60 /tmp/ccWB6TBk.ltrans4.ltrans.o
                0x080035b0                chSemSignalI
 .text.unlikely.chMBFetchI.constprop.29
                0x08003610       0x5c /tmp/ccWB6TBk.ltrans4.ltrans.o
                0x08003610                chMBFetchI.constprop.29
 *fill*         0x0800366c        0x4 00
 .text.chMBPostI.constprop.35
                0x08003670       0x50 /tmp/ccWB6TBk.ltrans4.ltrans.o
                0x08003670                chMBPostI.constprop.35
 .text.chMBPostAheadI.constprop.32
                0x080036c0       0x50 /tmp/ccWB6TBk.ltrans4.ltrans.o
                0x080036c0                chMBPostAheadI.constprop.32
 .text.chSemResetI
                0x08003710       0xa0 /tmp/ccWB6TBk.ltrans4.ltrans.o
                0x08003710                chSemResetI
 .text.chEvtBroadcastFlagsI
                0x080037b0       0x50 /tmp/ccWB6TBk.ltrans4.ltrans.o
                0x080037b0                chEvtBroadcastFlagsI
 .text.VectorAC.4182
                0x08003800      0x170 /tmp/ccWB6TBk.ltrans4.ltrans.o
 .text._dbg_check_unlock
                0x08003970       0x30 /tmp/ccWB6TBk.ltrans5.ltrans.o
                0x08003970                _dbg_check_unlock
 .text.chSysRestoreStatusX.part.2.4280
                0x080039a0       0x40 /tmp/ccWB6TBk.ltrans5.ltrans.o
                0x080039a0                chSysRestoreStatusX.part.2.4280
 .text.chSysUnlock.6142
                0x080039e0       0x30 /tmp/ccWB6TBk.ltrans5.ltrans.o
                0x080039e0                chSysUnlock.6142
 .text.chSysUnlock.6509
                0x08003a10       0x30 /tmp/ccWB6TBk.ltrans5.ltrans.o
                0x08003a10                chSysUnlock.6509
 .text.chSysUnlock.9594
                0x08003a40       0x30 /tmp/ccWB6TBk.ltrans5.ltrans.o
                0x08003a40                chSysUnlock.9594
 .text.chSysUnlock.10381
                0x08003a70       0x30 /tmp/ccWB6TBk.ltrans5.ltrans.o
                0x08003a70                chSysUnlock.10381
 .text._dbg_check_lock
                0x08003aa0       0x30 /tmp/ccWB6TBk.ltrans5.ltrans.o
                0x08003aa0                _dbg_check_lock
 .text.chSemSignalWait.constprop.67
                0x08003ad0       0xa0 /tmp/ccWB6TBk.ltrans5.ltrans.o
                0x08003ad0                chSemSignalWait.constprop.67
 .text.chSemSignal
                0x08003b70       0x80 /tmp/ccWB6TBk.ltrans5.ltrans.o
                0x08003b70                chSemSignal
 .text.chMsgRelease
                0x08003bf0       0x60 /tmp/ccWB6TBk.ltrans5.ltrans.o
                0x08003bf0                chMsgRelease
 .text.chMsgSend
                0x08003c50       0x70 /tmp/ccWB6TBk.ltrans5.ltrans.o
                0x08003c50                chMsgSend
 .text.thread.9362
                0x08003cc0       0x20 /tmp/ccWB6TBk.ltrans5.ltrans.o
                0x08003cc0                thread.9362
 .text.test_terminate_threads
                0x08003ce0      0x100 /tmp/ccWB6TBk.ltrans5.ltrans.o
                0x08003ce0                test_terminate_threads
 .text.chOQWriteTimeout
                0x08003de0       0xe0 /tmp/ccWB6TBk.ltrans5.ltrans.o
                0x08003de0                chOQWriteTimeout
 .text.writet.7860
                0x08003ec0       0x10 /tmp/ccWB6TBk.ltrans5.ltrans.o
                0x08003ec0                writet.7860
 .text.write.7866
                0x08003ed0       0x10 /tmp/ccWB6TBk.ltrans5.ltrans.o
                0x08003ed0                write.7866
 .text.chThdSetPriority
                0x08003ee0       0x60 /tmp/ccWB6TBk.ltrans5.ltrans.o
                0x08003ee0                chThdSetPriority
 .text.chMtxUnlockAll
                0x08003f40       0x80 /tmp/ccWB6TBk.ltrans5.ltrans.o
                0x08003f40                chMtxUnlockAll
 .text.chCondSignal.constprop.62
                0x08003fc0       0x50 /tmp/ccWB6TBk.ltrans5.ltrans.o
                0x08003fc0                chCondSignal.constprop.62
 .text.unlikely.chEvtWaitAny.constprop.48
                0x08004010       0x34 /tmp/ccWB6TBk.ltrans5.ltrans.o
                0x08004010                chEvtWaitAny.constprop.48
 *fill*         0x08004044        0xc 00
 .text.chMsgWait
                0x08004050       0x60 /tmp/ccWB6TBk.ltrans5.ltrans.o
                0x08004050                chMsgWait
 .text.thread2.10793
                0x080040b0       0x20 /tmp/ccWB6TBk.ltrans5.ltrans.o
                0x080040b0                thread2.10793
 .text.unlikely.chMBFetch.constprop.30
                0x080040d0       0x64 /tmp/ccWB6TBk.ltrans5.ltrans.o
                0x080040d0                chMBFetch.constprop.30
 *fill*         0x08004134        0xc 00
 .text.chCoreAlloc
                0x08004140       0x60 /tmp/ccWB6TBk.ltrans5.ltrans.o
                0x08004140                chCoreAlloc
 .text.chPoolAlloc
                0x080041a0       0x70 /tmp/ccWB6TBk.ltrans5.ltrans.o
                0x080041a0                chPoolAlloc
 .text.chVTGetSystemTime.9780
                0x08004210       0x40 /tmp/ccWB6TBk.ltrans5.ltrans.o
                0x08004210                chVTGetSystemTime.9780
 .text.thread4.10790
                0x08004250       0x40 /tmp/ccWB6TBk.ltrans5.ltrans.o
                0x08004250                thread4.10790
 .text.chSysGetStatusAndLockX
                0x08004290       0x30 /tmp/ccWB6TBk.ltrans5.ltrans.o
                0x08004290                chSysGetStatusAndLockX
 .text.vtcb.10492
                0x080042c0       0x30 /tmp/ccWB6TBk.ltrans5.ltrans.o
                0x080042c0                vtcb.10492
 .text.chSysLock.9592
                0x080042f0       0x10 /tmp/ccWB6TBk.ltrans5.ltrans.o
                0x080042f0                chSysLock.9592
 .text.mtx8_execute.9239
                0x08004300       0x90 /tmp/ccWB6TBk.ltrans6.ltrans.o
                0x08004300                mtx8_execute.9239
 .text.mtx1_execute.9261
                0x08004390      0x100 /tmp/ccWB6TBk.ltrans6.ltrans.o
                0x08004390                mtx1_execute.9261
 .text.dyn1_execute.10186
                0x08004490       0xe0 /tmp/ccWB6TBk.ltrans6.ltrans.o
                0x08004490                dyn1_execute.10186
 .text.bmk8_execute.10821
                0x08004570       0xf0 /tmp/ccWB6TBk.ltrans6.ltrans.o
                0x08004570                bmk8_execute.10821
 .text.sem2_execute.9038
                0x08004660      0x390 /tmp/ccWB6TBk.ltrans6.ltrans.o
                0x08004660                sem2_execute.9038
 .text.mtx7_execute.9253
                0x080049f0      0x120 /tmp/ccWB6TBk.ltrans6.ltrans.o
                0x080049f0                mtx7_execute.9253
 .text.mtx6_execute.9259
                0x08004b10      0x110 /tmp/ccWB6TBk.ltrans6.ltrans.o
                0x08004b10                mtx6_execute.9259
 .text.mtx4_execute.9265
                0x08004c20      0x290 /tmp/ccWB6TBk.ltrans6.ltrans.o
                0x08004c20                mtx4_execute.9265
 .text.dyn2_execute.10182
                0x08004eb0      0x1c0 /tmp/ccWB6TBk.ltrans6.ltrans.o
                0x08004eb0                dyn2_execute.10182
 .text._test_assert_time_window
                0x08005070       0x70 /tmp/ccWB6TBk.ltrans7.ltrans.o
                0x08005070                _test_assert_time_window
 .text.test_emit_token
                0x080050e0       0x50 /tmp/ccWB6TBk.ltrans7.ltrans.o
                0x080050e0                test_emit_token
 .text.thread.8719
                0x08005130       0x10 /tmp/ccWB6TBk.ltrans7.ltrans.o
                0x08005130                thread.8719
 .text.thread1.8986
                0x08005140       0x20 /tmp/ccWB6TBk.ltrans7.ltrans.o
                0x08005140                thread1.8986
 .text.thread12.9221
                0x08005160       0x20 /tmp/ccWB6TBk.ltrans7.ltrans.o
                0x08005160                thread12.9221
 .text.thread1.9230
                0x08005180       0x20 /tmp/ccWB6TBk.ltrans7.ltrans.o
                0x08005180                thread1.9230
 .text.thread10.9224
                0x080051a0       0xb0 /tmp/ccWB6TBk.ltrans7.ltrans.o
                0x080051a0                thread10.9224
 .text.thread11.9227
                0x08005250       0xc0 /tmp/ccWB6TBk.ltrans7.ltrans.o
                0x08005250                thread11.9227
 .text.msg1_execute.9365
                0x08005310       0x80 /tmp/ccWB6TBk.ltrans7.ltrans.o
                0x08005310                msg1_execute.9365
 .text.h3.9789  0x08005390       0x10 /tmp/ccWB6TBk.ltrans7.ltrans.o
                0x08005390                h3.9789
 .text.h2.9792  0x080053a0       0x10 /tmp/ccWB6TBk.ltrans7.ltrans.o
                0x080053a0                h2.9792
 .text.h1.9795  0x080053b0       0x10 /tmp/ccWB6TBk.ltrans7.ltrans.o
                0x080053b0                h1.9795
 .text.thread.10169
                0x080053c0       0x10 /tmp/ccWB6TBk.ltrans7.ltrans.o
                0x080053c0                thread.10169
 .text.thread2.8992
                0x080053d0       0x50 /tmp/ccWB6TBk.ltrans7.ltrans.o
                0x080053d0                thread2.8992
 .text.chMtxTryLock.constprop.64
                0x08005420       0x60 /tmp/ccWB6TBk.ltrans7.ltrans.o
                0x08005420                chMtxTryLock.constprop.64
 .text.chEvtGetAndClearEvents.constprop.53
                0x08005480       0x40 /tmp/ccWB6TBk.ltrans7.ltrans.o
                0x08005480                chEvtGetAndClearEvents.constprop.53
 .text.evt1_setup.9769
                0x080054c0       0x10 /tmp/ccWB6TBk.ltrans7.ltrans.o
                0x080054c0                evt1_setup.9769
 .text.evt2_setup.9767
                0x080054d0       0x10 /tmp/ccWB6TBk.ltrans7.ltrans.o
                0x080054d0                evt2_setup.9767
 .text.evt3_setup.9765
                0x080054e0       0x10 /tmp/ccWB6TBk.ltrans7.ltrans.o
                0x080054e0                evt3_setup.9765
 .text.pools1_execute.10047
                0x080054f0      0x2f0 /tmp/ccWB6TBk.ltrans7.ltrans.o
                0x080054f0                pools1_execute.10047
 .text.chEvtRegisterMaskWithFlags.constprop.54
                0x080057e0       0x70 /tmp/ccWB6TBk.ltrans7.ltrans.o
                0x080057e0                chEvtRegisterMaskWithFlags.constprop.54
 .text.thread1.9762
                0x08005850       0x60 /tmp/ccWB6TBk.ltrans7.ltrans.o
                0x08005850                thread1.9762
 .text.thread2.9759
                0x080058b0       0x80 /tmp/ccWB6TBk.ltrans7.ltrans.o
                0x080058b0                thread2.9759
 .text.test_start_timer.constprop.11
                0x08005930       0x70 /tmp/ccWB6TBk.ltrans7.ltrans.o
                0x08005930                test_start_timer.constprop.11
 .text.msg_loop_test.10829
                0x080059a0       0x30 /tmp/ccWB6TBk.ltrans7.ltrans.o
                0x080059a0                msg_loop_test.10829
 .text.bmk6_execute.10819
                0x080059d0       0x80 /tmp/ccWB6TBk.ltrans7.ltrans.o
                0x080059d0                bmk6_execute.10819
 .text.bmk10_execute.10812
                0x08005a50       0xb0 /tmp/ccWB6TBk.ltrans7.ltrans.o
                0x08005a50                bmk10_execute.10812
 .text.bmk11_execute.10802
                0x08005b00       0x70 /tmp/ccWB6TBk.ltrans7.ltrans.o
                0x08005b00                bmk11_execute.10802
 .text.bmk12_execute.10798
                0x08005b70       0x70 /tmp/ccWB6TBk.ltrans7.ltrans.o
                0x08005b70                bmk12_execute.10798
 .text.thd1_execute.8734
                0x08005be0       0xe0 /tmp/ccWB6TBk.ltrans8.ltrans.o
                0x08005be0                thd1_execute.8734
 .text.sys1_execute.10538
                0x08005cc0      0x160 /tmp/ccWB6TBk.ltrans8.ltrans.o
                0x08005cc0                sys1_execute.10538
 .text.sys3_execute.10546
                0x08005e20      0x100 /tmp/ccWB6TBk.ltrans8.ltrans.o
                0x08005e20                sys3_execute.10546
 .text.chIQReadTimeout
                0x08005f20       0xd0 /tmp/ccWB6TBk.ltrans8.ltrans.o
                0x08005f20                chIQReadTimeout
 .text.readt.7849
                0x08005ff0       0x10 /tmp/ccWB6TBk.ltrans8.ltrans.o
                0x08005ff0                readt.7849
 .text.read.7855
                0x08006000       0x10 /tmp/ccWB6TBk.ltrans8.ltrans.o
                0x08006000                read.7855
 .text.chIQGetTimeout
                0x08006010       0x90 /tmp/ccWB6TBk.ltrans8.ltrans.o
                0x08006010                chIQGetTimeout
 .text.bmk9_execute.10817
                0x080060a0       0xd0 /tmp/ccWB6TBk.ltrans8.ltrans.o
                0x080060a0                bmk9_execute.10817
 .text.gett.7871
                0x08006170       0x10 /tmp/ccWB6TBk.ltrans8.ltrans.o
                0x08006170                gett.7871
 .text.get.7875
                0x08006180       0x10 /tmp/ccWB6TBk.ltrans8.ltrans.o
                0x08006180                get.7875
 .text.thread1.10362
                0x08006190       0x20 /tmp/ccWB6TBk.ltrans8.ltrans.o
                0x08006190                thread1.10362
 .text.chOQPutTimeout
                0x080061b0       0xa0 /tmp/ccWB6TBk.ltrans8.ltrans.o
                0x080061b0                chOQPutTimeout
 .text.putt.7878
                0x08006250       0x10 /tmp/ccWB6TBk.ltrans8.ltrans.o
                0x08006250                putt.7878
 .text.put.7883
                0x08006260       0x10 /tmp/ccWB6TBk.ltrans8.ltrans.o
                0x08006260                put.7883
 .text.thread2.10359
                0x08006270       0x20 /tmp/ccWB6TBk.ltrans8.ltrans.o
                0x08006270                thread2.10359
 .text.thd2_execute.8732
                0x08006290      0x140 /tmp/ccWB6TBk.ltrans8.ltrans.o
                0x08006290                thd2_execute.8732
 .text.mbox1_execute.9596
                0x080063d0      0x940 /tmp/ccWB6TBk.ltrans9.ltrans.o
                0x080063d0                mbox1_execute.9596
 .text.thread4.8983
                0x08006d10       0x50 /tmp/ccWB6TBk.ltrans9.ltrans.o
                0x08006d10                thread4.8983
 .text.thd4_execute.8738
                0x08006d60      0x170 /tmp/ccWB6TBk.ltrans9.ltrans.o
                0x08006d60                thd4_execute.8738
 .text.queues1_execute.10396
                0x08006ed0      0x490 /tmp/ccWB6TBk.ltrans10.ltrans.o
                0x08006ed0                queues1_execute.10396
 .text.mtx5_execute.9263
                0x08007360       0xd0 /tmp/ccWB6TBk.ltrans10.ltrans.o
                0x08007360                mtx5_execute.9263
 .text.sem1_execute.9030
                0x08007430      0x210 /tmp/ccWB6TBk.ltrans10.ltrans.o
                0x08007430                sem1_execute.9030
 .text.evt2_execute.9782
                0x08007640      0x2e0 /tmp/ccWB6TBk.ltrans11.ltrans.o
                0x08007640                evt2_execute.9782
 .text.chEvtWaitAnyTimeout.constprop.45.4136
                0x08007920       0xa0 /tmp/ccWB6TBk.ltrans11.ltrans.o
 .text.thd3_execute.8730
                0x080079c0      0x160 /tmp/ccWB6TBk.ltrans11.ltrans.o
                0x080079c0                thd3_execute.8730
 .text.chEvtWaitAllTimeout.constprop.44.4148
                0x08007b20       0xa0 /tmp/ccWB6TBk.ltrans11.ltrans.o
 .text.chEvtWaitOneTimeout.constprop.46.4153
                0x08007bc0       0xa0 /tmp/ccWB6TBk.ltrans11.ltrans.o
 .text.evt3_execute.9800
                0x08007c60       0x80 /tmp/ccWB6TBk.ltrans11.ltrans.o
                0x08007c60                evt3_execute.9800
 .text.startup.main
                0x08007ce0      0x750 /tmp/ccWB6TBk.ltrans12.ltrans.o
                0x08007ce0                main
 *(.rodata)
 *(.rodata.*)
 .rodata.__func__.5770.7160.4544
                0x08008430        0xc /tmp/ccWB6TBk.ltrans0.ltrans.o
 *fill*         0x0800843c        0x4 00
 .rodata.__func__.5749.4850.4543
                0x08008440        0xc /tmp/ccWB6TBk.ltrans0.ltrans.o
 *fill*         0x0800844c        0x4 00
 .rodata.__func__.6261.7347.4541
                0x08008450       0x10 /tmp/ccWB6TBk.ltrans0.ltrans.o
 .rodata.__func__.5752.4588.4540
                0x08008460        0xc /tmp/ccWB6TBk.ltrans0.ltrans.o
 *fill*         0x0800846c        0x4 00
 .rodata.str1.4
                0x08008470       0xfb /tmp/ccWB6TBk.ltrans0.ltrans.o
                                 0xfc (size before relaxing)
 *fill*         0x0800856b        0x5 00
 .rodata.__func__.5752.5823.4523
                0x08008570        0xc /tmp/ccWB6TBk.ltrans0.ltrans.o
 *fill*         0x0800857c        0x4 00
 .rodata.__func__.5786.6219.4483
                0x08008580       0x10 /tmp/ccWB6TBk.ltrans0.ltrans.o
 .rodata.__func__.6268.7348.4545
                0x08008590        0xc /tmp/ccWB6TBk.ltrans0.ltrans.o
 *fill*         0x0800859c        0x4 00
 .rodata.__func__.5760.4589.4538
                0x080085a0       0x10 /tmp/ccWB6TBk.ltrans0.ltrans.o
 .rodata.__func__.5777.4851.4542
                0x080085b0       0x10 /tmp/ccWB6TBk.ltrans0.ltrans.o
 .rodata.__func__.5805.5093.4332
                0x080085c0        0xc /tmp/ccWB6TBk.ltrans1.ltrans.o
 *fill*         0x080085cc        0x4 00
 .rodata.__func__.5046.9064
                0x080085d0        0xc /tmp/ccWB6TBk.ltrans1.ltrans.o
                0x080085d0                __func__.5046.9064
 *fill*         0x080085dc        0x4 00
 .rodata.str1.4
                0x080085e0        0x5 /tmp/ccWB6TBk.ltrans1.ltrans.o
                                  0x8 (size before relaxing)
 *fill*         0x080085e5        0xb 00
 .rodata.__func__.5046.10429
                0x080085f0        0xc /tmp/ccWB6TBk.ltrans1.ltrans.o
                0x080085f0                __func__.5046.10429
 *fill*         0x080085fc        0x4 00
 .rodata.__func__.5046.5651
                0x08008600        0xc /tmp/ccWB6TBk.ltrans1.ltrans.o
                0x08008600                __func__.5046.5651
 *fill*         0x0800860c        0x4 00
 .rodata.__func__.5810.5094.4430
                0x08008610        0xc /tmp/ccWB6TBk.ltrans2.ltrans.o
 *fill*         0x0800861c        0x4 00
 .rodata.__func__.5750.5442.4434
                0x08008620       0x10 /tmp/ccWB6TBk.ltrans2.ltrans.o
 .rodata.__func__.5046.5441.4435
                0x08008630        0xc /tmp/ccWB6TBk.ltrans2.ltrans.o
 *fill*         0x0800863c        0x4 00
 .rodata.__func__.5749.5302.4436
                0x08008640       0x10 /tmp/ccWB6TBk.ltrans2.ltrans.o
 .rodata.str1.4
                0x08008650       0x4a /tmp/ccWB6TBk.ltrans2.ltrans.o
                                 0x4c (size before relaxing)
 *fill*         0x0800869a        0x6 00
 .rodata.__func__.5046.5300.4433
                0x080086a0        0xc /tmp/ccWB6TBk.ltrans2.ltrans.o
 *fill*         0x080086ac        0x4 00
 .rodata.__func__.5744.5301.4432
                0x080086b0        0xc /tmp/ccWB6TBk.ltrans2.ltrans.o
 *fill*         0x080086bc        0x4 00
 .rodata.__func__.5753.6218.4390
                0x080086c0       0x10 /tmp/ccWB6TBk.ltrans3.ltrans.o
 .rodata.__func__.5800.6222.4327
                0x080086d0       0x10 /tmp/ccWB6TBk.ltrans3.ltrans.o
 .rodata.__func__.5768.7113.4387
                0x080086e0        0xc /tmp/ccWB6TBk.ltrans3.ltrans.o
 *fill*         0x080086ec        0x4 00
 .rodata.str1.4
                0x080086f0       0x1c /tmp/ccWB6TBk.ltrans3.ltrans.o
                                 0x2c (size before relaxing)
 *fill*         0x0800870c        0x4 00
 .rodata.__func__.5775.5825.4389
                0x08008710        0xc /tmp/ccWB6TBk.ltrans3.ltrans.o
 *fill*         0x0800871c        0x4 00
 .rodata.__func__.5766.5654.4379
                0x08008720        0xc /tmp/ccWB6TBk.ltrans3.ltrans.o
 *fill*         0x0800872c        0x4 00
 .rodata.wakeup.4792
                0x08008730       0x20 /tmp/ccWB6TBk.ltrans4.ltrans.o
 .rodata.__func__.5776.5655.4563
                0x08008750       0x14 /tmp/ccWB6TBk.ltrans4.ltrans.o
 *fill*         0x08008764        0xc 00
 .rodata.__func__.5769.6221.4567
                0x08008770       0x18 /tmp/ccWB6TBk.ltrans4.ltrans.o
 *fill*         0x08008788        0x8 00
 .rodata.__func__.5786.5826.4560
                0x08008790       0x10 /tmp/ccWB6TBk.ltrans4.ltrans.o
 .rodata.__func__.5135.4318.4561
                0x080087a0        0xc /tmp/ccWB6TBk.ltrans4.ltrans.o
 *fill*         0x080087ac        0x4 00
 .rodata.ram_areas.4018.4467
                0x080087b0       0x80 /tmp/ccWB6TBk.ltrans4.ltrans.o
 .rodata.__func__.5761.5091.4562
                0x08008830       0x10 /tmp/ccWB6TBk.ltrans4.ltrans.o
 .rodata.str1.4
                0x08008840        0x5 /tmp/ccWB6TBk.ltrans4.ltrans.o
                                 0x18 (size before relaxing)
 *fill*         0x08008845        0xb 00
 .rodata.__func__.5807.6595.4558
                0x08008850        0xc /tmp/ccWB6TBk.ltrans4.ltrans.o
 *fill*         0x0800885c        0x4 00
 .rodata.__func__.5232.5087.4554
                0x08008860       0x14 /tmp/ccWB6TBk.ltrans4.ltrans.o
 *fill*         0x08008874        0xc 00
 .rodata.__func__.5784.5657.4565
                0x08008880       0x10 /tmp/ccWB6TBk.ltrans4.ltrans.o
 .rodata.__func__.5755.5653.4566
                0x08008890        0xc /tmp/ccWB6TBk.ltrans4.ltrans.o
 *fill*         0x0800889c        0x4 00
 .rodata.__func__.5046.4317.4424
                0x080088a0        0xc /tmp/ccWB6TBk.ltrans5.ltrans.o
 *fill*         0x080088ac        0x4 00
 .rodata.__func__.5760.7159.4434
                0x080088b0       0x10 /tmp/ccWB6TBk.ltrans5.ltrans.o
 .rodata.__func__.5046.6877.4432
                0x080088c0        0xc /tmp/ccWB6TBk.ltrans5.ltrans.o
 *fill*         0x080088cc        0x4 00
 .rodata.__func__.5808.6805.4422
                0x080088d0       0x14 /tmp/ccWB6TBk.ltrans5.ltrans.o
 *fill*         0x080088e4        0xc 00
 .rodata.__func__.5780.5656.4417
                0x080088f0        0xc /tmp/ccWB6TBk.ltrans5.ltrans.o
 *fill*         0x080088fc        0x4 00
 .rodata.__func__.5799.5659.4368
                0x08008900       0x10 /tmp/ccWB6TBk.ltrans5.ltrans.o
 .rodata.__func__.5746.6373.4420
                0x08008910        0xc /tmp/ccWB6TBk.ltrans5.ltrans.o
 *fill*         0x0800891c        0x4 00
 .rodata.str1.4
                0x08008920        0xd /tmp/ccWB6TBk.ltrans5.ltrans.o
                                 0x10 (size before relaxing)
 *fill*         0x0800892d        0x3 00
 .rodata.__func__.5777.5092.4425
                0x08008930       0x14 /tmp/ccWB6TBk.ltrans5.ltrans.o
 *fill*         0x08008944        0xc 00
 .rodata.__func__.5802.6594.4430
                0x08008950        0xc /tmp/ccWB6TBk.ltrans5.ltrans.o
 *fill*         0x0800895c        0x4 00
 .rodata.__func__.5755.6374.4418
                0x08008960       0x10 /tmp/ccWB6TBk.ltrans5.ltrans.o
 .rodata.__func__.5046.6372.4419
                0x08008970        0xc /tmp/ccWB6TBk.ltrans5.ltrans.o
 *fill*         0x0800897c        0x4 00
 .rodata.__func__.5046.7157
                0x08008980        0xc /tmp/ccWB6TBk.ltrans6.ltrans.o
                0x08008980                __func__.5046.7157
 *fill*         0x0800898c        0x4 00
 .rodata.__func__.5046.6000
                0x08008990        0xc /tmp/ccWB6TBk.ltrans6.ltrans.o
                0x08008990                __func__.5046.6000
 *fill*         0x0800899c        0x4 00
 .rodata.str1.4
                0x080089a0       0x17 /tmp/ccWB6TBk.ltrans6.ltrans.o
                                 0x48 (size before relaxing)
 *fill*         0x080089b7        0x9 00
 .rodata.__func__.5774.6005.4504
                0x080089c0        0xc /tmp/ccWB6TBk.ltrans7.ltrans.o
 *fill*         0x080089cc        0x4 00
 .rodata.__func__.5786.6006.4506
                0x080089d0       0x14 /tmp/ccWB6TBk.ltrans7.ltrans.o
 *fill*         0x080089e4        0xc 00
 .rodata.__func__.5046.5821
                0x080089f0        0xc /tmp/ccWB6TBk.ltrans7.ltrans.o
                0x080089f0                __func__.5046.5821
 *fill*         0x080089fc        0x4 00
 .rodata.__func__.5046.8614
                0x08008a00        0xc /tmp/ccWB6TBk.ltrans7.ltrans.o
                0x08008a00                __func__.5046.8614
 *fill*         0x08008a0c        0x4 00
 .rodata.__func__.5747.6217
                0x08008a10       0x1c /tmp/ccWB6TBk.ltrans7.ltrans.o
                0x08008a10                __func__.5747.6217
 *fill*         0x08008a2c        0x4 00
 .rodata.str1.4
                0x08008a30       0x2b /tmp/ccWB6TBk.ltrans7.ltrans.o
                                 0x4c (size before relaxing)
 *fill*         0x08008a5b        0x5 00
 .rodata.evhndl.9832
                0x08008a60        0xc /tmp/ccWB6TBk.ltrans7.ltrans.o
                0x08008a60                evhndl.9832
 *fill*         0x08008a6c        0x4 00
 .rodata.__func__.5781.6220.4526
                0x08008a70        0xc /tmp/ccWB6TBk.ltrans7.ltrans.o
 *fill*         0x08008a7c        0x4 00
 .rodata.__func__.5046.10565.4376
                0x08008a80        0xc /tmp/ccWB6TBk.ltrans8.ltrans.o
 *fill*         0x08008a8c        0x4 00
 .rodata.__func__.5216.5088.4395
                0x08008a90        0xc /tmp/ccWB6TBk.ltrans8.ltrans.o
 *fill*         0x08008a9c        0x4 00
 .rodata.__func__.5772.6804.4377
                0x08008aa0       0x10 /tmp/ccWB6TBk.ltrans8.ltrans.o
 .rodata.__func__.5046.10873
                0x08008ab0        0xc /tmp/ccWB6TBk.ltrans8.ltrans.o
                0x08008ab0                __func__.5046.10873
 *fill*         0x08008abc        0x4 00
 .rodata.str1.4
                0x08008ac0        0x9 /tmp/ccWB6TBk.ltrans8.ltrans.o
                                 0x38 (size before relaxing)
 *fill*         0x08008ac9        0x7 00
 .rodata.__func__.5046.6803
                0x08008ad0        0xc /tmp/ccWB6TBk.ltrans8.ltrans.o
                0x08008ad0                __func__.5046.6803
 .rodata.str1.4
                0x00000000        0x8 /tmp/ccWB6TBk.ltrans9.ltrans.o
 *fill*         0x08008adc        0x4 00
 .rodata.__func__.5046.9616
                0x08008ae0        0xc /tmp/ccWB6TBk.ltrans9.ltrans.o
                0x08008ae0                __func__.5046.9616
 *fill*         0x08008aec        0x4 00
 .rodata.__func__.5220.5089
                0x08008af0        0xc /tmp/ccWB6TBk.ltrans9.ltrans.o
                0x08008af0                __func__.5220.5089
 *fill*         0x08008afc        0x4 00
 .rodata.__func__.5046.5090
                0x08008b00        0xc /tmp/ccWB6TBk.ltrans9.ltrans.o
                0x08008b00                __func__.5046.5090
 *fill*         0x08008b0c        0x4 00
 .rodata.__func__.5046.6587
                0x08008b10        0xc /tmp/ccWB6TBk.ltrans9.ltrans.o
                0x08008b10                __func__.5046.6587
 *fill*         0x08008b1c        0x4 00
 .rodata.__func__.5046.9296
                0x08008b20        0xc /tmp/ccWB6TBk.ltrans10.ltrans.o
                0x08008b20                __func__.5046.9296
 .rodata.str1.4
                0x00000000       0x24 /tmp/ccWB6TBk.ltrans10.ltrans.o
 *fill*         0x08008b2c        0x4 00
 .rodata.__func__.5790.5658.4286
                0x08008b30       0x14 /tmp/ccWB6TBk.ltrans10.ltrans.o
 *fill*         0x08008b44        0xc 00
 .rodata.__func__.5046.6216
                0x08008b50        0xc /tmp/ccWB6TBk.ltrans11.ltrans.o
                0x08008b50                __func__.5046.6216
 *fill*         0x08008b5c        0x4 00
 .rodata.__func__.5046.8827
                0x08008b60        0xc /tmp/ccWB6TBk.ltrans11.ltrans.o
                0x08008b60                __func__.5046.8827
 *fill*         0x08008b6c        0x4 00
 .rodata.__func__.5046.9829
                0x08008b70        0xc /tmp/ccWB6TBk.ltrans11.ltrans.o
                0x08008b70                __func__.5046.9829
 .rodata.str1.4
                0x00000000        0x4 /tmp/ccWB6TBk.ltrans11.ltrans.o
 *fill*         0x08008b7c        0x4 00
 .rodata.testbmk3.4725
                0x08008b80       0x10 /tmp/ccWB6TBk.ltrans12.ltrans.o
 .rodata.testthd3.4649
                0x08008b90       0x10 /tmp/ccWB6TBk.ltrans12.ltrans.o
 .rodata.testpools1
                0x08008ba0       0x10 /tmp/ccWB6TBk.ltrans12.ltrans.o
 .rodata.testsys3.4641
                0x08008bb0       0x10 /tmp/ccWB6TBk.ltrans12.ltrans.o
 .rodata.testmsg1
                0x08008bc0       0x10 /tmp/ccWB6TBk.ltrans12.ltrans.o
 .rodata.testbmk10.4732
                0x08008bd0       0x10 /tmp/ccWB6TBk.ltrans12.ltrans.o
 .rodata.vmt.7998.4801
                0x08008be0       0x20 /tmp/ccWB6TBk.ltrans12.ltrans.o
 .rodata.ch_debug
                0x08008c00       0x18 /tmp/ccWB6TBk.ltrans12.ltrans.o
 *fill*         0x08008c18        0x8 00
 .rodata.testmtx4.4666
                0x08008c20       0x10 /tmp/ccWB6TBk.ltrans12.ltrans.o
 .rodata.testevt1
                0x08008c30       0x10 /tmp/ccWB6TBk.ltrans12.ltrans.o
 .rodata.testsem2.4657
                0x08008c40       0x10 /tmp/ccWB6TBk.ltrans12.ltrans.o
 .rodata.testbmk13.4735
                0x08008c50       0x10 /tmp/ccWB6TBk.ltrans12.ltrans.o
 .rodata.testdyn1
                0x08008c60       0x10 /tmp/ccWB6TBk.ltrans12.ltrans.o
 .rodata.testsem1
                0x08008c70       0x10 /tmp/ccWB6TBk.ltrans12.ltrans.o
 .rodata.testdyn3.4710
                0x08008c80       0x10 /tmp/ccWB6TBk.ltrans12.ltrans.o
 .rodata.patterns.8671.4633
                0x08008c90       0x34 /tmp/ccWB6TBk.ltrans12.ltrans.o
 *fill*         0x08008cc4        0xc 00
 .rodata.patternheap.4691
                0x08008cd0        0x8 /tmp/ccWB6TBk.ltrans12.ltrans.o
 *fill*         0x08008cd8        0x8 00
 .rodata.patternthd.4642
                0x08008ce0       0x14 /tmp/ccWB6TBk.ltrans12.ltrans.o
 *fill*         0x08008cf4        0xc 00
 .rodata.testbmk7.4729
                0x08008d00       0x10 /tmp/ccWB6TBk.ltrans12.ltrans.o
 .rodata.testsys1
                0x08008d10       0x10 /tmp/ccWB6TBk.ltrans12.ltrans.o
 .rodata.testbmk1
                0x08008d20       0x10 /tmp/ccWB6TBk.ltrans12.ltrans.o
 .rodata.testbmk4.4726
                0x08008d30       0x10 /tmp/ccWB6TBk.ltrans12.ltrans.o
 .rodata.testbmk9.4731
                0x08008d40       0x10 /tmp/ccWB6TBk.ltrans12.ltrans.o
 .rodata.patternmbox.4677
                0x08008d50        0x8 /tmp/ccWB6TBk.ltrans12.ltrans.o
 *fill*         0x08008d58        0x8 00
 .rodata.testmtx1
                0x08008d60       0x10 /tmp/ccWB6TBk.ltrans12.ltrans.o
 .rodata.testsys2.4640
                0x08008d70       0x10 /tmp/ccWB6TBk.ltrans12.ltrans.o
 .rodata.testbmk11.4733
                0x08008d80       0x10 /tmp/ccWB6TBk.ltrans12.ltrans.o
 .rodata.patternmtx.4660
                0x08008d90       0x1c /tmp/ccWB6TBk.ltrans12.ltrans.o
 *fill*         0x08008dac        0x4 00
 .rodata.testdyn2.4709
                0x08008db0       0x10 /tmp/ccWB6TBk.ltrans12.ltrans.o
 .rodata.testmtx5.4667
                0x08008dc0       0x10 /tmp/ccWB6TBk.ltrans12.ltrans.o
 .rodata.patternmsg.4671
                0x08008dd0        0x8 /tmp/ccWB6TBk.ltrans12.ltrans.o
 *fill*         0x08008dd8        0x8 00
 .rodata.testsem3.4658
                0x08008de0       0x10 /tmp/ccWB6TBk.ltrans12.ltrans.o
 .rodata.testmbox1
                0x08008df0       0x10 /tmp/ccWB6TBk.ltrans12.ltrans.o
 .rodata.testqueues2.4717
                0x08008e00       0x10 /tmp/ccWB6TBk.ltrans12.ltrans.o
 .rodata.patternsys.4634
                0x08008e10       0x10 /tmp/ccWB6TBk.ltrans12.ltrans.o
 .rodata.__func__.5046.7946.4739
                0x08008e20        0xc /tmp/ccWB6TBk.ltrans12.ltrans.o
 *fill*         0x08008e2c        0x4 00
 .rodata.patternbmk.4718
                0x08008e30       0x38 /tmp/ccWB6TBk.ltrans12.ltrans.o
 *fill*         0x08008e68        0x8 00
 .rodata.patterndyn.4703
                0x08008e70       0x10 /tmp/ccWB6TBk.ltrans12.ltrans.o
 .rodata.testmtx7.4669
                0x08008e80       0x10 /tmp/ccWB6TBk.ltrans12.ltrans.o
 .rodata.__func__.6306.7947.4737
                0x08008e90        0x8 /tmp/ccWB6TBk.ltrans12.ltrans.o
 *fill*         0x08008e98        0x8 00
 .rodata.testqueues1
                0x08008ea0       0x10 /tmp/ccWB6TBk.ltrans12.ltrans.o
 .rodata.testevt3.4690
                0x08008eb0       0x10 /tmp/ccWB6TBk.ltrans12.ltrans.o
 .rodata.testbmk5.4727
                0x08008ec0       0x10 /tmp/ccWB6TBk.ltrans12.ltrans.o
 .rodata.testthd1
                0x08008ed0       0x10 /tmp/ccWB6TBk.ltrans12.ltrans.o
 .rodata.testbmk2.4724
                0x08008ee0       0x10 /tmp/ccWB6TBk.ltrans12.ltrans.o
 .rodata.__func__.5744.5822
                0x08008ef0       0x10 /tmp/ccWB6TBk.ltrans12.ltrans.o
                0x08008ef0                __func__.5744.5822
 .rodata.testthd2.4648
                0x08008f00       0x10 /tmp/ccWB6TBk.ltrans12.ltrans.o
 .rodata.testbmk12.4734
                0x08008f10       0x10 /tmp/ccWB6TBk.ltrans12.ltrans.o
 .rodata.testevt2.4689
                0x08008f20       0x10 /tmp/ccWB6TBk.ltrans12.ltrans.o
 .rodata.testthd4.4650
                0x08008f30       0x10 /tmp/ccWB6TBk.ltrans12.ltrans.o
 .rodata.testbmk8.4730
                0x08008f40       0x10 /tmp/ccWB6TBk.ltrans12.ltrans.o
 .rodata.testmtx6.4668
                0x08008f50       0x10 /tmp/ccWB6TBk.ltrans12.ltrans.o
 .rodata.testheap1
                0x08008f60       0x10 /tmp/ccWB6TBk.ltrans12.ltrans.o
 .rodata.testsem4.4659
                0x08008f70       0x10 /tmp/ccWB6TBk.ltrans12.ltrans.o
 .rodata.testmtx8.4670
                0x08008f80       0x10 /tmp/ccWB6TBk.ltrans12.ltrans.o
 .rodata.patternqueues.4711
                0x08008f90        0xc /tmp/ccWB6TBk.ltrans12.ltrans.o
 *fill*         0x08008f9c        0x4 00
 .rodata.patternsem.4651
                0x08008fa0       0x14 /tmp/ccWB6TBk.ltrans12.ltrans.o
 *fill*         0x08008fb4        0xc 00
 .rodata.patternevt.4683
                0x08008fc0       0x10 /tmp/ccWB6TBk.ltrans12.ltrans.o
 .rodata.testbmk6.4728
                0x08008fd0       0x10 /tmp/ccWB6TBk.ltrans12.ltrans.o
 .rodata.str1.4
                0x08008fe0      0x6d4 /tmp/ccWB6TBk.ltrans12.ltrans.o
                                0x6e0 (size before relaxing)
 *fill*         0x080096b4        0xc 00
 .rodata.patternpools.4697
                0x080096c0        0x8 /tmp/ccWB6TBk.ltrans12.ltrans.o
 *(.glue_7t)
 .glue_7t       0x00000000        0x0 linker stubs
 *(.glue_7)
 .glue_7        0x00000000        0x0 linker stubs
 *(.gcc*)

.vfp11_veneer   0x080096c8        0x0
 .vfp11_veneer  0x00000000        0x0 linker stubs

.v4_bx          0x080096c8        0x0
 .v4_bx         0x00000000        0x0 linker stubs

.iplt           0x080096c8        0x0
 .iplt          0x00000000        0x0 build/obj/crt0_v6m.o

.rel.dyn        0x080096c8        0x0
 .rel.iplt      0x00000000        0x0 build/obj/crt0_v6m.o

.ARM.extab
 *(.ARM.extab* .gnu.linkonce.armextab.*)

.ARM.exidx      0x080096c8        0x0
                0x080096c8                __exidx_start = .
 *(.ARM.exidx* .gnu.linkonce.armexidx.*)
                0x080096c8                __exidx_end = .

.eh_frame_hdr
 *(.eh_frame_hdr)

.eh_frame
 *(.eh_frame)

.textalign      0x080096c8        0x0
                0x080096c8                . = ALIGN (0x8)
                0x080096c8                . = ALIGN (0x4)
                0x080096c8                PROVIDE (_etext, .)

.mstack         0x20000000      0x400
                0x20000000                . = ALIGN (0x8)
                0x20000000                __main_stack_base__ = .
                0x20000400                . = (. + __main_stack_size__)
 *fill*         0x20000000      0x400 00
                0x20000400                . = ALIGN (0x8)
                0x20000400                __main_stack_end__ = .

.pstack         0x20000400      0x200
                0x20000400                __process_stack_base__ = .
                0x20000400                __main_thread_stack_base__ = .
                0x20000600                . = (. + __process_stack_size__)
 *fill*         0x20000400      0x200 00
                0x20000600                . = ALIGN (0x8)
                0x20000600                __process_stack_end__ = .
                0x20000600                __main_thread_stack_end__ = .

.data           0x20000600       0xb8 load address 0x080096c8
                0x20000600                . = ALIGN (0x4)
                0x080096c8                PROVIDE (_textdata, LOADADDR (.data))
                0x20000600                PROVIDE (_data, .)
                0x080096c8                _textdata_start = LOADADDR (.data)
                0x20000600                _data_start = .
 *(.data)
 *(.data.*)
 .data.mb1.9617
                0x20000600       0x28 /tmp/ccWB6TBk.ltrans1.ltrans.o
                0x20000600                mb1.9617
 .data.oq.10418
                0x20000628       0x24 /tmp/ccWB6TBk.ltrans1.ltrans.o
                0x20000628                oq.10418
 .data.iq.10430
                0x2000064c       0x24 /tmp/ccWB6TBk.ltrans1.ltrans.o
                0x2000064c                iq.10430
 .data.c1.9293  0x20000670        0x8 /tmp/ccWB6TBk.ltrans6.ltrans.o
                0x20000670                c1.9293
 .data.m2.9294  0x20000678       0x10 /tmp/ccWB6TBk.ltrans6.ltrans.o
                0x20000678                m2.9294
 .data.mp1.10055
                0x20000688        0xc /tmp/ccWB6TBk.ltrans7.ltrans.o
                0x20000688                mp1.10055
 .data.m1.9295  0x20000694       0x10 /tmp/ccWB6TBk.ltrans10.ltrans.o
                0x20000694                m1.9295
 .data.sem1.9063
                0x200006a4        0xc /tmp/ccWB6TBk.ltrans10.ltrans.o
                0x200006a4                sem1.9063
 .data.es2.9830
                0x200006b0        0x4 /tmp/ccWB6TBk.ltrans11.ltrans.o
                0x200006b0                es2.9830
 .data.es1.9831
                0x200006b4        0x4 /tmp/ccWB6TBk.ltrans11.ltrans.o
                0x200006b4                es1.9831
 *(.ramtext)
                0x200006b8                . = ALIGN (0x4)
                0x200006b8                PROVIDE (_edata, .)
                0x200006b8                _data_end = .

.igot.plt       0x200006b8        0x0 load address 0x08009780
 .igot.plt      0x00000000        0x0 build/obj/crt0_v6m.o

.bss            0x200006b8     0x1068 load address 0x08009780
                0x200006b8                . = ALIGN (0x4)
                0x200006b8                _bss_start = .
 *(.bss)
 *(.bss.*)
 .bss.test      0x200006b8      0x690 /tmp/ccWB6TBk.ltrans1.ltrans.o
                0x200006b8                test
 .bss.sem1.10872
                0x20000d48        0xc /tmp/ccWB6TBk.ltrans2.ltrans.o
                0x20000d48                sem1.10872
 *fill*         0x20000d54        0x4 00
 .bss.test_heap.10021
                0x20000d58       0x20 /tmp/ccWB6TBk.ltrans3.ltrans.o
                0x20000d58                test_heap.10021
 .bss.mp1.10210
                0x20000d78        0xc /tmp/ccWB6TBk.ltrans6.ltrans.o
                0x20000d78                mp1.10210
 *fill*         0x20000d84        0x4 00
 .bss.heap1.10208
                0x20000d88       0x20 /tmp/ccWB6TBk.ltrans6.ltrans.o
                0x20000d88                heap1.10208
 .bss.vt.8615.4461
                0x20000da8       0x14 /tmp/ccWB6TBk.ltrans7.ltrans.o
 .bss.vt2.5901.10874.4530
                0x20000dbc       0x14 /tmp/ccWB6TBk.ltrans7.ltrans.o
 .bss.vt1.5900.10875.4529
                0x20000dd0       0x14 /tmp/ccWB6TBk.ltrans7.ltrans.o
 .bss.mtx1.10871
                0x20000de4       0x10 /tmp/ccWB6TBk.ltrans7.ltrans.o
                0x20000de4                mtx1.10871
 .bss.iq.5890.10876.4336
                0x20000df4       0x24 /tmp/ccWB6TBk.ltrans8.ltrans.o
 .bss.test_timer_done
                0x20000e18        0x1 /tmp/ccWB6TBk.ltrans8.ltrans.o
                0x20000e18                test_timer_done
 *fill*         0x20000e19        0x3 00
 .bss.ib.5889.10877.4379
                0x20000e1c       0x10 /tmp/ccWB6TBk.ltrans8.ltrans.o
 *fill*         0x20000e2c        0x4 00
 .bss.waThread2.11121.4632
                0x20000e30      0x150 /tmp/ccWB6TBk.ltrans12.ltrans.o
 .bss.local_fail.8668
                0x20000f80        0x1 /tmp/ccWB6TBk.ltrans12.ltrans.o
                0x20000f80                local_fail.8668
 *fill*         0x20000f81        0x7 00
 .bss.default_heap.7111
                0x20000f88       0x20 /tmp/ccWB6TBk.ltrans12.ltrans.o
                0x20000f88                default_heap.7111
 .bss.endmem.6999
                0x20000fa8        0x4 /tmp/ccWB6TBk.ltrans12.ltrans.o
                0x20000fa8                endmem.6999
 .bss.nextmem.6997
                0x20000fac        0x4 /tmp/ccWB6TBk.ltrans12.ltrans.o
                0x20000fac                nextmem.6997
 .bss.test_global_fail
                0x20000fb0        0x1 /tmp/ccWB6TBk.ltrans12.ltrans.o
                0x20000fb0                test_global_fail
 *fill*         0x20000fb1        0x3 00
 .bss.failpoint.8669
                0x20000fb4        0x4 /tmp/ccWB6TBk.ltrans12.ltrans.o
                0x20000fb4                failpoint.8669
 .bss.tokp.8625
                0x20000fb8        0x4 /tmp/ccWB6TBk.ltrans12.ltrans.o
                0x20000fb8                tokp.8625
 .bss.chp.8616  0x20000fbc        0x4 /tmp/ccWB6TBk.ltrans12.ltrans.o
                0x20000fbc                chp.8616
 .bss.SD1       0x20000fc0       0x7c /tmp/ccWB6TBk.ltrans12.ltrans.o
                0x20000fc0                SD1
 *fill*         0x2000103c        0x4 00
 .bss.ch        0x20001040      0x568 /tmp/ccWB6TBk.ltrans12.ltrans.o
                0x20001040                ch
 .bss.tokens_buffer.8626
                0x200015a8       0x10 /tmp/ccWB6TBk.ltrans12.ltrans.o
                0x200015a8                tokens_buffer.8626
 .bss.threads   0x200015b8       0x14 /tmp/ccWB6TBk.ltrans12.ltrans.o
                0x200015b8                threads
 *fill*         0x200015cc        0x4 00
 .bss.waThread1.11122.4631
                0x200015d0      0x150 /tmp/ccWB6TBk.ltrans12.ltrans.o
 *(COMMON)
                0x20001720                . = ALIGN (0x4)
                0x20001720                _bss_end = .
                0x20001720                PROVIDE (end, .)

.ram0_init      0x20001720        0x0 load address 0x08009780
                0x20001720                . = ALIGN (0x4)
                0x08009780                __ram0_init_text__ = LOADADDR (.ram0_init)
                0x20001720                __ram0_init__ = .
 *(.ram0_init)
 *(.ram0_init.*)
                0x20001720                . = ALIGN (0x4)

.ram0           0x20001720        0x0 load address 0x08009780
                0x20001720                . = ALIGN (0x4)
                0x20001720                __ram0_clear__ = .
 *(.ram0_clear)
 *(.ram0_clear.*)
                0x20001720                . = ALIGN (0x4)
                0x20001720                __ram0_noinit__ = .
 *(.ram0)
 *(.ram0.*)
                0x20001720                . = ALIGN (0x4)
                0x20001720                __ram0_free__ = .

.ram1_init      0x00000000        0x0 load address 0x08009780
                0x00000000                . = ALIGN (0x4)
                0x08009780                __ram1_init_text__ = LOADADDR (.ram1_init)
                0x00000000                __ram1_init__ = .
 *(.ram1_init)
 *(.ram1_init.*)
                0x00000000                . = ALIGN (0x4)

.ram1           0x00000000        0x0 load address 0x08009780
                0x00000000                . = ALIGN (0x4)
                0x00000000                __ram1_clear__ = .
 *(.ram1_clear)
 *(.ram1_clear.*)
                0x00000000                . = ALIGN (0x4)
                0x00000000                __ram1_noinit__ = .
 *(.ram1)
 *(.ram1.*)
                0x00000000                . = ALIGN (0x4)
                0x00000000                __ram1_free__ = .

.ram2_init      0x00000000        0x0 load address 0x08009780
                0x00000000                . = ALIGN (0x4)
                0x08009780                __ram2_init_text__ = LOADADDR (.ram2_init)
                0x00000000                __ram2_init__ = .
 *(.ram2_init)
 *(.ram2_init.*)
                0x00000000                . = ALIGN (0x4)

.ram2           0x00000000        0x0 load address 0x08009780
                0x00000000                . = ALIGN (0x4)
                0x00000000                __ram2_clear__ = .
 *(.ram2_clear)
 *(.ram2_clear.*)
                0x00000000                . = ALIGN (0x4)
                0x00000000                __ram2_noinit__ = .
 *(.ram2)
 *(.ram2.*)
                0x00000000                . = ALIGN (0x4)
                0x00000000                __ram2_free__ = .

.ram3_init      0x00000000        0x0 load address 0x08009780
                0x00000000                . = ALIGN (0x4)
                0x08009780                __ram3_init_text__ = LOADADDR (.ram3_init)
                0x00000000                __ram3_init__ = .
 *(.ram3_init)
 *(.ram3_init.*)
                0x00000000                . = ALIGN (0x4)

.ram3           0x00000000        0x0 load address 0x08009780
                0x00000000                . = ALIGN (0x4)
                0x00000000                __ram3_clear__ = .
 *(.ram3_clear)
 *(.ram3_clear.*)
                0x00000000                . = ALIGN (0x4)
                0x00000000                __ram3_noinit__ = .
 *(.ram3)
 *(.ram3.*)
                0x00000000                . = ALIGN (0x4)
                0x00000000                __ram3_free__ = .

.ram4_init      0x00000000        0x0 load address 0x08009780
                0x00000000                . = ALIGN (0x4)
                0x08009780                __ram4_init_text__ = LOADADDR (.ram4_init)
                0x00000000                __ram4_init__ = .
 *(.ram4_init)
 *(.ram4_init.*)
                0x00000000                . = ALIGN (0x4)

.ram4           0x00000000        0x0 load address 0x08009780
                0x00000000                . = ALIGN (0x4)
                0x00000000                __ram4_clear__ = .
 *(.ram4_clear)
 *(.ram4_clear.*)
                0x00000000                . = ALIGN (0x4)
                0x00000000                __ram4_noinit__ = .
 *(.ram4)
 *(.ram4.*)
                0x00000000                . = ALIGN (0x4)
                0x00000000                __ram4_free__ = .

.ram5_init      0x00000000        0x0 load address 0x08009780
                0x00000000                . = ALIGN (0x4)
                0x08009780                __ram5_init_text__ = LOADADDR (.ram5_init)
                0x00000000                __ram5_init__ = .
 *(.ram5_init)
 *(.ram5_init.*)
                0x00000000                . = ALIGN (0x4)

.ram5           0x00000000        0x0 load address 0x08009780
                0x00000000                . = ALIGN (0x4)
                0x00000000                __ram5_clear__ = .
 *(.ram5_clear)
 *(.ram5_clear.*)
                0x00000000                . = ALIGN (0x4)
                0x00000000                __ram5_noinit__ = .
 *(.ram5)
 *(.ram5.*)
                0x00000000                . = ALIGN (0x4)
                0x00000000                __ram5_free__ = .

.ram6_init      0x00000000        0x0 load address 0x08009780
                0x00000000                . = ALIGN (0x4)
                0x08009780                __ram6_init_text__ = LOADADDR (.ram6_init)
                0x00000000                __ram6_init__ = .
 *(.ram6_init)
 *(.ram6_init.*)
                0x00000000                . = ALIGN (0x4)

.ram6           0x00000000        0x0 load address 0x08009780
                0x00000000                . = ALIGN (0x4)
                0x00000000                __ram6_clear__ = .
 *(.ram6_clear)
 *(.ram6_clear.*)
                0x00000000                . = ALIGN (0x4)
                0x00000000                __ram6_noinit__ = .
 *(.ram6)
 *(.ram6.*)
                0x00000000                . = ALIGN (0x4)
                0x00000000                __ram6_free__ = .

.ram7_init      0x00000000        0x0 load address 0x08009780
                0x00000000                . = ALIGN (0x4)
                0x08009780                __ram7_init_text__ = LOADADDR (.ram7_init)
                0x00000000                __ram7_init__ = .
 *(.ram7_init)
 *(.ram7_init.*)
                0x00000000                . = ALIGN (0x4)

.ram7           0x00000000        0x0 load address 0x08009780
                0x00000000                . = ALIGN (0x4)
                0x00000000                __ram7_clear__ = .
 *(.ram7_clear)
 *(.ram7_clear.*)
                0x00000000                . = ALIGN (0x4)
                0x00000000                __ram7_noinit__ = .
 *(.ram7)
 *(.ram7.*)
                0x00000000                . = ALIGN (0x4)
                0x00000000                __ram7_free__ = .

.heap           0x20001720     0x28e0
                0x20001720                . = ALIGN (0x8)
                0x20001720                __heap_base__ = .
                0x20004000                . = (ORIGIN (HEAP_RAM) + 0x4000)
 *fill*         0x20001720     0x28e0 00
                0x20004000                __heap_end__ = .
                0x00000200                __process_stack_size__ = 0x200
                0x00000400                __main_stack_size__ = 0x400
START GROUP
LOAD /opt/gcc-arm-none-eabi-4_7-2013q3/bin/../lib/gcc/arm-none-eabi/4.7.4/armv6-m/libgcc.a
LOAD /opt/gcc-arm-none-eabi-4_7-2013q3/bin/../lib/gcc/arm-none-eabi/4.7.4/../../../../arm-none-eabi/lib/armv6-m/libg.a
LOAD /opt/gcc-arm-none-eabi-4_7-2013q3/bin/../lib/gcc/arm-none-eabi/4.7.4/../../../../arm-none-eabi/lib/armv6-m/libc.a
END GROUP
OUTPUT(build/ch.elf elf32-littlearm)

.ARM.attributes
                0x00000000       0x2b
 .ARM.attributes
                0x00000000       0x21 build/obj/crt0_v6m.o
 .ARM.attributes
                0x00000021       0x21 build/obj/chcoreasm_v6m.o
 .ARM.attributes
                0x00000042       0x2f /tmp/ccWB6TBk.ltrans0.ltrans.o
 .ARM.attributes
                0x00000071       0x2f /tmp/ccWB6TBk.ltrans1.ltrans.o
 .ARM.attributes
                0x000000a0       0x2f /tmp/ccWB6TBk.ltrans2.ltrans.o
 .ARM.attributes
                0x000000cf       0x2f /tmp/ccWB6TBk.ltrans3.ltrans.o
 .ARM.attributes
                0x000000fe       0x2f /tmp/ccWB6TBk.ltrans4.ltrans.o
 .ARM.attributes
                0x0000012d       0x2f /tmp/ccWB6TBk.ltrans5.ltrans.o
 .ARM.attributes
                0x0000015c       0x2f /tmp/ccWB6TBk.ltrans6.ltrans.o
 .ARM.attributes
                0x0000018b       0x2f /tmp/ccWB6TBk.ltrans7.ltrans.o
 .ARM.attributes
                0x000001ba       0x2f /tmp/ccWB6TBk.ltrans8.ltrans.o
 .ARM.attributes
                0x000001e9       0x2f /tmp/ccWB6TBk.ltrans9.ltrans.o
 .ARM.attributes
                0x00000218       0x2f /tmp/ccWB6TBk.ltrans10.ltrans.o
 .ARM.attributes
                0x00000247       0x2f /tmp/ccWB6TBk.ltrans11.ltrans.o
 .ARM.attributes
                0x00000276       0x2f /tmp/ccWB6TBk.ltrans12.ltrans.o
 .ARM.attributes
                0x000002a5       0x1e /opt/gcc-arm-none-eabi-4_7-2013q3/bin/../lib/gcc/arm-none-eabi/4.7.4/armv6-m/libgcc.a(_udivsi3.o)
 .ARM.attributes
                0x000002c3       0x1e /opt/gcc-arm-none-eabi-4_7-2013q3/bin/../lib/gcc/arm-none-eabi/4.7.4/armv6-m/libgcc.a(_dvmd_tls.o)

.comment        0x00000000       0x70
 .comment       0x00000000       0x70 /tmp/ccWB6TBk.ltrans0.ltrans.o
                                 0x71 (size before relaxing)
 .comment       0x00000000       0x71 /tmp/ccWB6TBk.ltrans1.ltrans.o
 .comment       0x00000000       0x71 /tmp/ccWB6TBk.ltrans2.ltrans.o
 .comment       0x00000000       0x71 /tmp/ccWB6TBk.ltrans3.ltrans.o
 .comment       0x00000000       0x71 /tmp/ccWB6TBk.ltrans4.ltrans.o
 .comment       0x00000000       0x71 /tmp/ccWB6TBk.ltrans5.ltrans.o
 .comment       0x00000000       0x71 /tmp/ccWB6TBk.ltrans6.ltrans.o
 .comment       0x00000000       0x71 /tmp/ccWB6TBk.ltrans7.ltrans.o
 .comment       0x00000000       0x71 /tmp/ccWB6TBk.ltrans8.ltrans.o
 .comment       0x00000000       0x71 /tmp/ccWB6TBk.ltrans9.ltrans.o
 .comment       0x00000000       0x71 /tmp/ccWB6TBk.ltrans10.ltrans.o
 .comment       0x00000000       0x71 /tmp/ccWB6TBk.ltrans11.ltrans.o
 .comment       0x00000000       0x71 /tmp/ccWB6TBk.ltrans12.ltrans.o

.debug_info     0x00000000    0x1fcd1
 .debug_info    0x00000000     0x32c5 /tmp/ccWB6TBk.ltrans0.ltrans.o
 .debug_info    0x000032c5     0x24d1 /tmp/ccWB6TBk.ltrans1.ltrans.o
 .debug_info    0x00005796     0x290c /tmp/ccWB6TBk.ltrans2.ltrans.o
 .debug_info    0x000080a2     0x26e2 /tmp/ccWB6TBk.ltrans3.ltrans.o
 .debug_info    0x0000a784     0x2f47 /tmp/ccWB6TBk.ltrans4.ltrans.o
 .debug_info    0x0000d6cb     0x287f /tmp/ccWB6TBk.ltrans5.ltrans.o
 .debug_info    0x0000ff4a     0x2577 /tmp/ccWB6TBk.ltrans6.ltrans.o
 .debug_info    0x000124c1     0x2f74 /tmp/ccWB6TBk.ltrans7.ltrans.o
 .debug_info    0x00015435     0x2588 /tmp/ccWB6TBk.ltrans8.ltrans.o
 .debug_info    0x000179bd     0x23d0 /tmp/ccWB6TBk.ltrans9.ltrans.o
 .debug_info    0x00019d8d     0x1c79 /tmp/ccWB6TBk.ltrans10.ltrans.o
 .debug_info    0x0001ba06     0x1971 /tmp/ccWB6TBk.ltrans11.ltrans.o
 .debug_info    0x0001d377     0x295a /tmp/ccWB6TBk.ltrans12.ltrans.o

.debug_abbrev   0x00000000     0x47e9
 .debug_abbrev  0x00000000      0x6fd /tmp/ccWB6TBk.ltrans0.ltrans.o
 .debug_abbrev  0x000006fd      0x4dc /tmp/ccWB6TBk.ltrans1.ltrans.o
 .debug_abbrev  0x00000bd9      0x5a1 /tmp/ccWB6TBk.ltrans2.ltrans.o
 .debug_abbrev  0x0000117a      0x63e /tmp/ccWB6TBk.ltrans3.ltrans.o
 .debug_abbrev  0x000017b8      0x684 /tmp/ccWB6TBk.ltrans4.ltrans.o
 .debug_abbrev  0x00001e3c      0x622 /tmp/ccWB6TBk.ltrans5.ltrans.o
 .debug_abbrev  0x0000245e      0x50f /tmp/ccWB6TBk.ltrans6.ltrans.o
 .debug_abbrev  0x0000296d      0x643 /tmp/ccWB6TBk.ltrans7.ltrans.o
 .debug_abbrev  0x00002fb0      0x60e /tmp/ccWB6TBk.ltrans8.ltrans.o
 .debug_abbrev  0x000035be      0x452 /tmp/ccWB6TBk.ltrans9.ltrans.o
 .debug_abbrev  0x00003a10      0x475 /tmp/ccWB6TBk.ltrans10.ltrans.o
 .debug_abbrev  0x00003e85      0x45b /tmp/ccWB6TBk.ltrans11.ltrans.o
 .debug_abbrev  0x000042e0      0x509 /tmp/ccWB6TBk.ltrans12.ltrans.o

.debug_loc      0x00000000     0x975b
 .debug_loc     0x00000000     0x142b /tmp/ccWB6TBk.ltrans0.ltrans.o
 .debug_loc     0x0000142b      0xfb2 /tmp/ccWB6TBk.ltrans1.ltrans.o
 .debug_loc     0x000023dd      0xdbd /tmp/ccWB6TBk.ltrans2.ltrans.o
 .debug_loc     0x0000319a     0x1057 /tmp/ccWB6TBk.ltrans3.ltrans.o
 .debug_loc     0x000041f1     0x124d /tmp/ccWB6TBk.ltrans4.ltrans.o
 .debug_loc     0x0000543e      0xff2 /tmp/ccWB6TBk.ltrans5.ltrans.o
 .debug_loc     0x00006430      0x4be /tmp/ccWB6TBk.ltrans6.ltrans.o
 .debug_loc     0x000068ee      0xc97 /tmp/ccWB6TBk.ltrans7.ltrans.o
 .debug_loc     0x00007585      0xf07 /tmp/ccWB6TBk.ltrans8.ltrans.o
 .debug_loc     0x0000848c      0x692 /tmp/ccWB6TBk.ltrans9.ltrans.o
 .debug_loc     0x00008b1e      0x2fc /tmp/ccWB6TBk.ltrans10.ltrans.o
 .debug_loc     0x00008e1a      0x6ab /tmp/ccWB6TBk.ltrans11.ltrans.o
 .debug_loc     0x000094c5      0x296 /tmp/ccWB6TBk.ltrans12.ltrans.o

.debug_aranges  0x00000000      0x828
 .debug_aranges
                0x00000000      0x1e8 /tmp/ccWB6TBk.ltrans0.ltrans.o
 .debug_aranges
                0x000001e8       0x48 /tmp/ccWB6TBk.ltrans1.ltrans.o
 .debug_aranges
                0x00000230       0x98 /tmp/ccWB6TBk.ltrans2.ltrans.o
 .debug_aranges
                0x000002c8       0xc0 /tmp/ccWB6TBk.ltrans3.ltrans.o
 .debug_aranges
                0x00000388       0xd8 /tmp/ccWB6TBk.ltrans4.ltrans.o
 .debug_aranges
                0x00000460      0x108 /tmp/ccWB6TBk.ltrans5.ltrans.o
 .debug_aranges
                0x00000568       0x60 /tmp/ccWB6TBk.ltrans6.ltrans.o
 .debug_aranges
                0x000005c8      0x100 /tmp/ccWB6TBk.ltrans7.ltrans.o
 .debug_aranges
                0x000006c8       0x98 /tmp/ccWB6TBk.ltrans8.ltrans.o
 .debug_aranges
                0x00000760       0x30 /tmp/ccWB6TBk.ltrans9.ltrans.o
 .debug_aranges
                0x00000790       0x30 /tmp/ccWB6TBk.ltrans10.ltrans.o
 .debug_aranges
                0x000007c0       0x48 /tmp/ccWB6TBk.ltrans11.ltrans.o
 .debug_aranges
                0x00000808       0x20 /tmp/ccWB6TBk.ltrans12.ltrans.o

.debug_ranges   0x00000000     0x4a80
 .debug_ranges  0x00000000      0x918 /tmp/ccWB6TBk.ltrans0.ltrans.o
 .debug_ranges  0x00000918      0x5f8 /tmp/ccWB6TBk.ltrans1.ltrans.o
 .debug_ranges  0x00000f10      0x548 /tmp/ccWB6TBk.ltrans2.ltrans.o
 .debug_ranges  0x00001458      0x5a0 /tmp/ccWB6TBk.ltrans3.ltrans.o
 .debug_ranges  0x000019f8      0x478 /tmp/ccWB6TBk.ltrans4.ltrans.o
 .debug_ranges  0x00001e70      0x6e8 /tmp/ccWB6TBk.ltrans5.ltrans.o
 .debug_ranges  0x00002558      0x468 /tmp/ccWB6TBk.ltrans6.ltrans.o
 .debug_ranges  0x000029c0      0x830 /tmp/ccWB6TBk.ltrans7.ltrans.o
 .debug_ranges  0x000031f0      0x590 /tmp/ccWB6TBk.ltrans8.ltrans.o
 .debug_ranges  0x00003780      0x538 /tmp/ccWB6TBk.ltrans9.ltrans.o
 .debug_ranges  0x00003cb8      0x460 /tmp/ccWB6TBk.ltrans10.ltrans.o
 .debug_ranges  0x00004118      0x320 /tmp/ccWB6TBk.ltrans11.ltrans.o
 .debug_ranges  0x00004438      0x648 /tmp/ccWB6TBk.ltrans12.ltrans.o

.debug_line     0x00000000     0x810a
 .debug_line    0x00000000     0x106a /tmp/ccWB6TBk.ltrans0.ltrans.o
 .debug_line    0x0000106a      0x906 /tmp/ccWB6TBk.ltrans1.ltrans.o
 .debug_line    0x00001970      0x97c /tmp/ccWB6TBk.ltrans2.ltrans.o
 .debug_line    0x000022ec      0x9ff /tmp/ccWB6TBk.ltrans3.ltrans.o
 .debug_line    0x00002ceb      0xcfb /tmp/ccWB6TBk.ltrans4.ltrans.o
 .debug_line    0x000039e6      0xc2c /tmp/ccWB6TBk.ltrans5.ltrans.o
 .debug_line    0x00004612      0x9b6 /tmp/ccWB6TBk.ltrans6.ltrans.o
 .debug_line    0x00004fc8      0xab1 /tmp/ccWB6TBk.ltrans7.ltrans.o
 .debug_line    0x00005a79      0x893 /tmp/ccWB6TBk.ltrans8.ltrans.o
 .debug_line    0x0000630c      0x6bf /tmp/ccWB6TBk.ltrans9.ltrans.o
 .debug_line    0x000069cb      0x71e /tmp/ccWB6TBk.ltrans10.ltrans.o
 .debug_line    0x000070e9      0x60a /tmp/ccWB6TBk.ltrans11.ltrans.o
 .debug_line    0x000076f3      0xa17 /tmp/ccWB6TBk.ltrans12.ltrans.o

.debug_str      0x00000000     0x333d
 .debug_str     0x00000000     0x1108 /tmp/ccWB6TBk.ltrans0.ltrans.o
                               0x11c2 (size before relaxing)
 .debug_str     0x00001108      0x2a7 /tmp/ccWB6TBk.ltrans1.ltrans.o
                                0x902 (size before relaxing)
 .debug_str     0x000013af      0x33d /tmp/ccWB6TBk.ltrans2.ltrans.o
                                0xaa9 (size before relaxing)
 .debug_str     0x000016ec      0x3b9 /tmp/ccWB6TBk.ltrans3.ltrans.o
                                0xb18 (size before relaxing)
 .debug_str     0x00001aa5      0x460 /tmp/ccWB6TBk.ltrans4.ltrans.o
                                0xf9d (size before relaxing)
 .debug_str     0x00001f05      0x2ad /tmp/ccWB6TBk.ltrans5.ltrans.o
                                0xb9a (size before relaxing)
 .debug_str     0x000021b2      0x22d /tmp/ccWB6TBk.ltrans6.ltrans.o
                                0xa64 (size before relaxing)
 .debug_str     0x000023df      0x317 /tmp/ccWB6TBk.ltrans7.ltrans.o
                                0xd88 (size before relaxing)
 .debug_str     0x000026f6      0x1da /tmp/ccWB6TBk.ltrans8.ltrans.o
                                0xa1a (size before relaxing)
 .debug_str     0x000028d0      0x120 /tmp/ccWB6TBk.ltrans9.ltrans.o
                                0x879 (size before relaxing)
 .debug_str     0x000029f0       0xca /tmp/ccWB6TBk.ltrans10.ltrans.o
                                0x7ee (size before relaxing)
 .debug_str     0x00002aba      0x162 /tmp/ccWB6TBk.ltrans11.ltrans.o
                                0x84e (size before relaxing)
 .debug_str     0x00002c1c      0x721 /tmp/ccWB6TBk.ltrans12.ltrans.o
                               0x1119 (size before relaxing)

.debug_frame    0x00000000     0x1820
 .debug_frame   0x00000000      0x4b8 /tmp/ccWB6TBk.ltrans0.ltrans.o
 .debug_frame   0x000004b8       0xa8 /tmp/ccWB6TBk.ltrans1.ltrans.o
 .debug_frame   0x00000560      0x218 /tmp/ccWB6TBk.ltrans2.ltrans.o
 .debug_frame   0x00000778      0x280 /tmp/ccWB6TBk.ltrans3.ltrans.o
 .debug_frame   0x000009f8      0x2a8 /tmp/ccWB6TBk.ltrans4.ltrans.o
 .debug_frame   0x00000ca0      0x314 /tmp/ccWB6TBk.ltrans5.ltrans.o
 .debug_frame   0x00000fb4      0x160 /tmp/ccWB6TBk.ltrans6.ltrans.o
 .debug_frame   0x00001114      0x334 /tmp/ccWB6TBk.ltrans7.ltrans.o
 .debug_frame   0x00001448      0x1d4 /tmp/ccWB6TBk.ltrans8.ltrans.o
 .debug_frame   0x0000161c       0x64 /tmp/ccWB6TBk.ltrans9.ltrans.o
 .debug_frame   0x00001680       0x74 /tmp/ccWB6TBk.ltrans10.ltrans.o
 .debug_frame   0x000016f4       0xd0 /tmp/ccWB6TBk.ltrans11.ltrans.o
 .debug_frame   0x000017c4       0x3c /tmp/ccWB6TBk.ltrans12.ltrans.o
 .debug_frame   0x00001800       0x20 /opt/gcc-arm-none-eabi-4_7-2013q3/bin/../lib/gcc/arm-none-eabi/4.7.4/armv6-m/libgcc.a(_udivsi3.o)

Cross Reference Table

Symbol                                            File
BusFault_Handler                                  /tmp/ccWB6TBk.ltrans0.ltrans.o
                                                  /tmp/ccWB6TBk.ltrans4.ltrans.o
DebugMon_Handler                                  /tmp/ccWB6TBk.ltrans0.ltrans.o
                                                  /tmp/ccWB6TBk.ltrans4.ltrans.o
HardFault_Handler                                 /tmp/ccWB6TBk.ltrans0.ltrans.o
                                                  /tmp/ccWB6TBk.ltrans4.ltrans.o
MemManage_Handler                                 /tmp/ccWB6TBk.ltrans0.ltrans.o
                                                  /tmp/ccWB6TBk.ltrans4.ltrans.o
NMI_Handler                                       /tmp/ccWB6TBk.ltrans0.ltrans.o
                                                  /tmp/ccWB6TBk.ltrans4.ltrans.o
PendSV_Handler                                    /tmp/ccWB6TBk.ltrans0.ltrans.o
                                                  /tmp/ccWB6TBk.ltrans4.ltrans.o
Reset_Handler                                     build/obj/crt0_v6m.o
                                                  /tmp/ccWB6TBk.ltrans4.ltrans.o
SD1                                               /tmp/ccWB6TBk.ltrans12.ltrans.o
                                                  /tmp/ccWB6TBk.ltrans4.ltrans.o
SVC_Handler                                       /tmp/ccWB6TBk.ltrans0.ltrans.o
                                                  /tmp/ccWB6TBk.ltrans4.ltrans.o
SysTick_Handler                                   /tmp/ccWB6TBk.ltrans0.ltrans.o
                                                  /tmp/ccWB6TBk.ltrans4.ltrans.o
Thread1.11105                                     /tmp/ccWB6TBk.ltrans3.ltrans.o
                                                  /tmp/ccWB6TBk.ltrans12.ltrans.o
Thread2.11102                                     /tmp/ccWB6TBk.ltrans3.ltrans.o
                                                  /tmp/ccWB6TBk.ltrans12.ltrans.o
UsageFault_Handler                                /tmp/ccWB6TBk.ltrans0.ltrans.o
                                                  /tmp/ccWB6TBk.ltrans4.ltrans.o
Vector1C                                          /tmp/ccWB6TBk.ltrans0.ltrans.o
                                                  /tmp/ccWB6TBk.ltrans4.ltrans.o
Vector20                                          /tmp/ccWB6TBk.ltrans0.ltrans.o
                                                  /tmp/ccWB6TBk.ltrans4.ltrans.o
Vector24                                          /tmp/ccWB6TBk.ltrans0.ltrans.o
                                                  /tmp/ccWB6TBk.ltrans4.ltrans.o
Vector28                                          /tmp/ccWB6TBk.ltrans0.ltrans.o
                                                  /tmp/ccWB6TBk.ltrans4.ltrans.o
Vector34                                          /tmp/ccWB6TBk.ltrans0.ltrans.o
                                                  /tmp/ccWB6TBk.ltrans4.ltrans.o
Vector40                                          /tmp/ccWB6TBk.ltrans0.ltrans.o
                                                  /tmp/ccWB6TBk.ltrans4.ltrans.o
Vector44                                          /tmp/ccWB6TBk.ltrans0.ltrans.o
                                                  /tmp/ccWB6TBk.ltrans4.ltrans.o
Vector48                                          /tmp/ccWB6TBk.ltrans0.ltrans.o
                                                  /tmp/ccWB6TBk.ltrans4.ltrans.o
Vector4C                                          /tmp/ccWB6TBk.ltrans0.ltrans.o
                                                  /tmp/ccWB6TBk.ltrans4.ltrans.o
Vector50                                          /tmp/ccWB6TBk.ltrans0.ltrans.o
                                                  /tmp/ccWB6TBk.ltrans4.ltrans.o
Vector54                                          /tmp/ccWB6TBk.ltrans0.ltrans.o
                                                  /tmp/ccWB6TBk.ltrans4.ltrans.o
Vector58                                          /tmp/ccWB6TBk.ltrans0.ltrans.o
                                                  /tmp/ccWB6TBk.ltrans4.ltrans.o
Vector5C                                          /tmp/ccWB6TBk.ltrans0.ltrans.o
                                                  /tmp/ccWB6TBk.ltrans4.ltrans.o
Vector60                                          /tmp/ccWB6TBk.ltrans0.ltrans.o
                                                  /tmp/ccWB6TBk.ltrans4.ltrans.o
Vector64                                          /tmp/ccWB6TBk.ltrans0.ltrans.o
                                                  /tmp/ccWB6TBk.ltrans4.ltrans.o
Vector68                                          /tmp/ccWB6TBk.ltrans0.ltrans.o
                                                  /tmp/ccWB6TBk.ltrans4.ltrans.o
Vector6C                                          /tmp/ccWB6TBk.ltrans0.ltrans.o
                                                  /tmp/ccWB6TBk.ltrans4.ltrans.o
Vector70                                          /tmp/ccWB6TBk.ltrans0.ltrans.o
                                                  /tmp/ccWB6TBk.ltrans4.ltrans.o
Vector74                                          /tmp/ccWB6TBk.ltrans0.ltrans.o
                                                  /tmp/ccWB6TBk.ltrans4.ltrans.o
Vector78                                          /tmp/ccWB6TBk.ltrans0.ltrans.o
                                                  /tmp/ccWB6TBk.ltrans4.ltrans.o
Vector80                                          /tmp/ccWB6TBk.ltrans0.ltrans.o
                                                  /tmp/ccWB6TBk.ltrans4.ltrans.o
Vector84                                          /tmp/ccWB6TBk.ltrans0.ltrans.o
                                                  /tmp/ccWB6TBk.ltrans4.ltrans.o
Vector88                                          /tmp/ccWB6TBk.ltrans0.ltrans.o
                                                  /tmp/ccWB6TBk.ltrans4.ltrans.o
Vector8C                                          /tmp/ccWB6TBk.ltrans0.ltrans.o
                                                  /tmp/ccWB6TBk.ltrans4.ltrans.o
Vector90                                          /tmp/ccWB6TBk.ltrans0.ltrans.o
                                                  /tmp/ccWB6TBk.ltrans4.ltrans.o
Vector94                                          /tmp/ccWB6TBk.ltrans0.ltrans.o
                                                  /tmp/ccWB6TBk.ltrans4.ltrans.o
Vector98                                          /tmp/ccWB6TBk.ltrans0.ltrans.o
                                                  /tmp/ccWB6TBk.ltrans4.ltrans.o
Vector9C                                          /tmp/ccWB6TBk.ltrans0.ltrans.o
                                                  /tmp/ccWB6TBk.ltrans4.ltrans.o
VectorA0                                          /tmp/ccWB6TBk.ltrans0.ltrans.o
                                                  /tmp/ccWB6TBk.ltrans4.ltrans.o
VectorA4                                          /tmp/ccWB6TBk.ltrans0.ltrans.o
                                                  /tmp/ccWB6TBk.ltrans4.ltrans.o
VectorA8                                          /tmp/ccWB6TBk.ltrans0.ltrans.o
                                                  /tmp/ccWB6TBk.ltrans4.ltrans.o
VectorB0                                          /tmp/ccWB6TBk.ltrans0.ltrans.o
                                                  /tmp/ccWB6TBk.ltrans4.ltrans.o
VectorB4                                          /tmp/ccWB6TBk.ltrans0.ltrans.o
                                                  /tmp/ccWB6TBk.ltrans4.ltrans.o
VectorB8                                          /tmp/ccWB6TBk.ltrans0.ltrans.o
                                                  /tmp/ccWB6TBk.ltrans4.ltrans.o
VectorBC                                          /tmp/ccWB6TBk.ltrans0.ltrans.o